Component: Arm Compiler for Embedded 6.19 Tool: armlink [5e73cb00]

==============================================================================

Section Cross References

    startup_stm32h723xx.o(RESET) refers to startup_stm32h723xx.o(STACK) for __initial_sp
    startup_stm32h723xx.o(RESET) refers to startup_stm32h723xx.o(.text) for Reset_Handler
    startup_stm32h723xx.o(RESET) refers to stm32h7xx_it.o(.text.NMI_Handler) for NMI_Handler
    startup_stm32h723xx.o(RESET) refers to stm32h7xx_it.o(.text.HardFault_Handler) for HardFault_Handler
    startup_stm32h723xx.o(RESET) refers to stm32h7xx_it.o(.text.MemManage_Handler) for MemManage_Handler
    startup_stm32h723xx.o(RESET) refers to stm32h7xx_it.o(.text.BusFault_Handler) for BusFault_Handler
    startup_stm32h723xx.o(RESET) refers to stm32h7xx_it.o(.text.UsageFault_Handler) for UsageFault_Handler
    startup_stm32h723xx.o(RESET) refers to stm32h7xx_it.o(.text.SVC_Handler) for SVC_Handler
    startup_stm32h723xx.o(RESET) refers to stm32h7xx_it.o(.text.DebugMon_Handler) for DebugMon_Handler
    startup_stm32h723xx.o(RESET) refers to stm32h7xx_it.o(.text.PendSV_Handler) for PendSV_Handler
    startup_stm32h723xx.o(RESET) refers to stm32h7xx_it.o(.text.SysTick_Handler) for SysTick_Handler
    startup_stm32h723xx.o(RESET) refers to stm32h7xx_it.o(.text.RCC_IRQHandler) for RCC_IRQHandler
    startup_stm32h723xx.o(RESET) refers to stm32h7xx_it.o(.text.DMA1_Stream0_IRQHandler) for DMA1_Stream0_IRQHandler
    startup_stm32h723xx.o(RESET) refers to stm32h7xx_it.o(.text.DMA1_Stream1_IRQHandler) for DMA1_Stream1_IRQHandler
    startup_stm32h723xx.o(RESET) refers to stm32h7xx_it.o(.text.ADC_IRQHandler) for ADC_IRQHandler
    startup_stm32h723xx.o(RESET) refers to stm32h7xx_it.o(.text.TIM2_IRQHandler) for TIM2_IRQHandler
    startup_stm32h723xx.o(RESET) refers to stm32h7xx_it.o(.text.TIM4_IRQHandler) for TIM4_IRQHandler
    startup_stm32h723xx.o(RESET) refers to stm32h7xx_it.o(.text.USART1_IRQHandler) for USART1_IRQHandler
    startup_stm32h723xx.o(RESET) refers to stm32h7xx_it.o(.text.TIM8_BRK_TIM12_IRQHandler) for TIM8_BRK_TIM12_IRQHandler
    startup_stm32h723xx.o(RESET) refers to stm32h7xx_it.o(.text.TIM5_IRQHandler) for TIM5_IRQHandler
    startup_stm32h723xx.o(.text) refers to system_stm32h7xx.o(.text.ExitRun0Mode) for ExitRun0Mode
    startup_stm32h723xx.o(.text) refers to system_stm32h7xx.o(.text.SystemInit) for SystemInit
    startup_stm32h723xx.o(.text) refers to entry.o(.ARM.Collect$$$$00000000) for __main
    main.o(.text.HAL_TIM_PeriodElapsedCallback) refers to sensor.o(.text.Encoder_Update) for Encoder_Update
    main.o(.text.HAL_TIM_PeriodElapsedCallback) refers to sensor.o(.text.GetSmoothMechanicalAngle) for GetSmoothMechanicalAngle
    main.o(.text.HAL_TIM_PeriodElapsedCallback) refers to main.o(.bss..L_MergedGlobals) for .L_MergedGlobals
    main.o(.text.HAL_TIM_PeriodElapsedCallback) refers to sensor.o(.text.GetSmoothElectricalAngle) for GetSmoothElectricalAngle
    main.o(.text.HAL_TIM_PeriodElapsedCallback) refers to sensor.o(.text.Hall_GetStep) for Hall_GetStep
    main.o(.text.HAL_TIM_PeriodElapsedCallback) refers to adc_driver.o(.text.ADC_Driver_GetCurrents_1) for ADC_Driver_GetCurrents_1
    main.o(.text.HAL_TIM_PeriodElapsedCallback) refers to adc_driver.o(.text.ADC_Driver_GetCurrents_2) for ADC_Driver_GetCurrents_2
    main.o(.text.HAL_TIM_PeriodElapsedCallback) refers to adc_driver.o(.text.ADC_Driver_GetCurrents_3) for ADC_Driver_GetCurrents_3
    main.o(.text.HAL_TIM_PeriodElapsedCallback) refers to stm32h7xx_hal_gpio.o(.text.HAL_GPIO_WritePin) for HAL_GPIO_WritePin
    main.o(.text.HAL_TIM_PeriodElapsedCallback) refers to main.o(.data.v_q) for v_q
    main.o(.text.HAL_TIM_PeriodElapsedCallback) refers to foc_transform.o(.text.FOC_InvPark) for FOC_InvPark
    main.o(.text.HAL_TIM_PeriodElapsedCallback) refers to svpwm.o(.text.SVPWM_Update) for SVPWM_Update
    main.o(.text.HAL_TIM_PeriodElapsedCallback) refers to tim.o(.bss.htim3) for htim3
    main.o(.text.HAL_TIM_PeriodElapsedCallback) refers to sensor.o(.bss..L_MergedGlobals) for encoder
    main.o(.text.HAL_TIM_PeriodElapsedCallback) refers to sensor.o(.text.Encoder_CheckSyncWithHall) for Encoder_CheckSyncWithHall
    main.o(.ARM.exidx.text.HAL_TIM_PeriodElapsedCallback) refers to main.o(.text.HAL_TIM_PeriodElapsedCallback) for [Anonymous Symbol]
    main.o(.text.HAL_TIM_IC_CaptureCallback) refers to sensor.o(.text.HallSensor_Update) for HallSensor_Update
    main.o(.text.HAL_TIM_IC_CaptureCallback) refers to sensor.o(.text.Encoder_IsCalibrated) for Encoder_IsCalibrated
    main.o(.text.HAL_TIM_IC_CaptureCallback) refers to sensor.o(.text.Encoder_SyncWithHall) for Encoder_SyncWithHall
    main.o(.text.HAL_TIM_IC_CaptureCallback) refers to sensor.o(.text.Encoder_CalibrateWithZ) for Encoder_CalibrateWithZ
    main.o(.text.HAL_TIM_IC_CaptureCallback) refers to main.o(.bss.state_Z) for state_Z
[...]
    [Anonymous Symbol]                       0x08009b90   Section        0  stm32h7xx_hal_uart.o(.text.UART_DMAAbortOnError)
    UART_DMAError                            0x08009b99   Thumb Code   490  stm32h7xx_hal_uart.o(.text.UART_DMAError)
    [Anonymous Symbol]                       0x08009b98   Section        0  stm32h7xx_hal_uart.o(.text.UART_DMAError)
    UART_DMAReceiveCplt                      0x08009d89   Thumb Code   626  stm32h7xx_hal_uart.o(.text.UART_DMAReceiveCplt)
    [Anonymous Symbol]                       0x08009d88   Section        0  stm32h7xx_hal_uart.o(.text.UART_DMAReceiveCplt)
    UART_DMARxHalfCplt                       0x0800a001   Thumb Code   274  stm32h7xx_hal_uart.o(.text.UART_DMARxHalfCplt)
    [Anonymous Symbol]                       0x0800a000   Section        0  stm32h7xx_hal_uart.o(.text.UART_DMARxHalfCplt)
    UART_DMATransmitCplt                     0x0800a119   Thumb Code   186  stm32h7xx_hal_uart.o(.text.UART_DMATransmitCplt)
    [Anonymous Symbol]                       0x0800a118   Section        0  stm32h7xx_hal_uart.o(.text.UART_DMATransmitCplt)
    UART_DMATxHalfCplt                       0x0800a1d9   Thumb Code     6  stm32h7xx_hal_uart.o(.text.UART_DMATxHalfCplt)
    [Anonymous Symbol]                       0x0800a1d8   Section        0  stm32h7xx_hal_uart.o(.text.UART_DMATxHalfCplt)
    [Anonymous Symbol]                       0x0800a1e0   Section        0  uart_dma_lib.o(.text.UART_DMA_IDLE_Handler)
    [Anonymous Symbol]                       0x0800a1e8   Section        0  uart_dma_lib.o(.text.UART_DMA_Init)
    [Anonymous Symbol]                       0x0800a210   Section        0  uart_dma_lib.o(.text.UART_DMA_SendString)
    [Anonymous Symbol]                       0x0800a2b0   Section        0  stm32h7xx_hal_uart.o(.text.UART_SetConfig)
    [Anonymous Symbol]                       0x0800a788   Section        0  stm32h7xx_hal_uart.o(.text.UART_WaitOnFlagUntilTimeout)
    [Anonymous Symbol]                       0x0800aae0   Section        0  stm32h7xx_it.o(.text.USART1_IRQHandler)
    [Anonymous Symbol]                       0x0800ab10   Section        0  stm32h7xx_it.o(.text.UsageFault_Handler)
    [Anonymous Symbol]                       0x0800ab18   Section        0  fastmathfunctions.o(.text.arm_atan2_f32)
    [Anonymous Symbol]                       0x0800ae80   Section        0  fastmathfunctions.o(.text.arm_cos_f32)
    [Anonymous Symbol]                       0x0800af10   Section        0  fastmathfunctions.o(.text.arm_sin_f32)
    [Anonymous Symbol]                       0x0800af98   Section        0  main.o(.text.main)
    usart_rx_check                           0x0800b0b1   Thumb Code   766  uart_dma_lib.o(.text.usart_rx_check)
    [Anonymous Symbol]                       0x0800b0b0   Section        0  uart_dma_lib.o(.text.usart_rx_check)
    i.__ARM_fpclassifyf                      0x0800b3ae   Section        0  fpclassifyf.o(i.__ARM_fpclassifyf)
    i.__hardfp_fmodf                         0x0800b3d4   Section        0  fmodf.o(i.__hardfp_fmodf)
    i.__hardfp_sinf                          0x0800b484   Section        0  sinf.o(i.__hardfp_sinf)
    i.__mathlib_flt_infnan                   0x0800b614   Section        0  funder.o(i.__mathlib_flt_infnan)
    i.__mathlib_flt_invalid                  0x0800b61c   Section        0  funder.o(i.__mathlib_flt_invalid)
    i.__mathlib_flt_underflow                0x0800b62c   Section        0  funder.o(i.__mathlib_flt_underflow)
    i.__mathlib_rredf2                       0x0800b63c   Section        0  rredf.o(i.__mathlib_rredf2)
    i.__scatterload_copy                     0x0800b790   Section       14  handlers.o(i.__scatterload_copy)
    i.__scatterload_null                     0x0800b79e   Section        2  handlers.o(i.__scatterload_null)
    i.__scatterload_zeroinit                 0x0800b7a0   Section       14  handlers.o(i.__scatterload_zeroinit)
    i.__set_errno                            0x0800b7b0   Section        0  errno.o(i.__set_errno)
    twooverpi                                0x0800b7bc   Data          32  rredf.o(.constdata)
    .constdata                               0x0800b7bc   Section       32  rredf.o(.constdata)
    .Lswitch.table.UART_SetConfig.7          0x0800b7dc   Data           6  stm32h7xx_hal_uart.o(.rodata..Lswitch.table.UART_SetConfig.7)
    .Lswitch.table.UART_SetConfig.9          0x0800b7e2   Data           6  stm32h7xx_hal_uart.o(.rodata..Lswitch.table.UART_SetConfig.9)
    .Lswitch.table.HAL_TIM_IC_Start_IT       0x0800b810   Data          16  stm32h7xx_hal_tim.o(.rodata.cst16)
    .Lswitch.table.HAL_TIM_IC_Stop_IT        0x0800b820   Data          16  stm32h7xx_hal_tim.o(.rodata.cst16)
    UARTEx_SetNbDataToProcess.numerator      0x0800b830   Data           8  stm32h7xx_hal_uart_ex.o(.rodata.cst8)
    [Anonymous Symbol]                       0x0800b830   Section        0  stm32h7xx_hal_uart_ex.o(.rodata.cst8)
    UARTEx_SetNbDataToProcess.denominator    0x0800b838   Data           8  stm32h7xx_hal_uart_ex.o(.rodata.cst8)
    .L_MergedGlobals                         0x20000000   Data           8  system_stm32h7xx.o(.data..L_MergedGlobals)
    [Anonymous Symbol]                       0x20000000   Section        0  system_stm32h7xx.o(.data..L_MergedGlobals)
    .L_MergedGlobals                         0x20000010   Data          20  adc_driver.o(.bss..L_MergedGlobals)
    raw_i1                                   0x20000010   Data           4  adc_driver.o(.bss..L_MergedGlobals)
    [Anonymous Symbol]                       0x20000010   Section        0  adc_driver.o(.bss..L_MergedGlobals)
    raw_i2                                   0x20000014   Data           4  adc_driver.o(.bss..L_MergedGlobals)
    current_i1                               0x20000018   Data           4  adc_driver.o(.bss..L_MergedGlobals)
    current_i2                               0x2000001c   Data           4  adc_driver.o(.bss..L_MergedGlobals)
    current_i3                               0x20000020   Data           4  adc_driver.o(.bss..L_MergedGlobals)
    .L_MergedGlobals.1                       0x20000024   Data          40  svpwm.o(.bss..L_MergedGlobals.1)
    sector                                   0x20000024   Data           1  svpwm.o(.bss..L_MergedGlobals.1)
    [Anonymous Symbol]                       0x20000024   Section        0  svpwm.o(.bss..L_MergedGlobals.1)
    tim1_handle                              0x20000028   Data           4  svpwm.o(.bss..L_MergedGlobals.1)
    max_count                                0x2000002c   Data           4  svpwm.o(.bss..L_MergedGlobals.1)
    Vref                                     0x20000030   Data           4  svpwm.o(.bss..L_MergedGlobals.1)
    agl_radian                               0x20000034   Data           4  svpwm.o(.bss..L_MergedGlobals.1)
    T1                                       0x20000038   Data           4  svpwm.o(.bss..L_MergedGlobals.1)
    Ta                                       0x2000003c   Data           4  svpwm.o(.bss..L_MergedGlobals.1)
    Tsw1                                     0x20000040   Data           4  svpwm.o(.bss..L_MergedGlobals.1)
    Tsw2                                     0x20000044   Data           4  svpwm.o(.bss..L_MergedGlobals.1)
    Tsw3                                     0x20000048   Data           4  svpwm.o(.bss..L_MergedGlobals.1)
    STACK                                    0x20000120   Section     1024  startup_stm32h723xx.o(STACK)
    _errno                                   0x24000000   Data           4  errno.o(.data)
    .data                                    0x24000000   Section        4  errno.o(.data)
    .L_MergedGlobals                         0x24000004   Data           8  stm32h7xx_hal.o(.data..L_MergedGlobals)
    [Anonymous Symbol]                       0x24000004   Section        0  stm32h7xx_hal.o(.data..L_MergedGlobals)
    .L_MergedGlobals                         0x2400000c   Data           8  svpwm.o(.data..L_MergedGlobals)
    Vdc                                      0x2400000c   Data           4  svpwm.o(.data..L_MergedGlobals)
    [Anonymous Symbol]                       0x2400000c   Section        0  svpwm.o(.data..L_MergedGlobals)
    Tperiod                                  0x24000010   Data           4  svpwm.o(.data..L_MergedGlobals)
    .L_MergedGlobals                         0x24000014   Data          52  main.o(.bss..L_MergedGlobals)
    [Anonymous Symbol]                       0x24000014   Section        0  main.o(.bss..L_MergedGlobals)
    HAL_TIM_PeriodElapsedCallback.last_count 0x24000044   Data           4  main.o(.bss..L_MergedGlobals)
    .L_MergedGlobals                         0x24000048   Data          36  sensor.o(.bss..L_MergedGlobals)
    [Anonymous Symbol]                       0x24000048   Section        0  sensor.o(.bss..L_MergedGlobals)
    .L_MergedGlobals                         0x2400006c   Data          12  uart_dma_lib.o(.bss..L_MergedGlobals)
    tx_dma_busy                              0x2400006c   Data           1  uart_dma_lib.o(.bss..L_MergedGlobals)
    [Anonymous Symbol]                       0x2400006c   Section        0  uart_dma_lib.o(.bss..L_MergedGlobals)
    tx_rb_head                               0x2400006e   Data           2  uart_dma_lib.o(.bss..L_MergedGlobals)
    tx_rb_tail                               0x24000070   Data           2  uart_dma_lib.o(.bss..L_MergedGlobals)
    tx_dma_len                               0x24000072   Data           2  uart_dma_lib.o(.bss..L_MergedGlobals)
    usart_rx_check.old_pos                   0x24000074   Data           2  uart_dma_lib.o(.bss..L_MergedGlobals)
    rx_rb_head                               0x24000076   Data           2  uart_dma_lib.o(.bss..L_MergedGlobals)
    HAL_RCC_ADC12_CLK_ENABLED                0x24000078   Data           4  adc.o(.bss.HAL_RCC_ADC12_CLK_ENABLED)
    [Anonymous Symbol]                       0x24000078   Section        0  adc.o(.bss.HAL_RCC_ADC12_CLK_ENABLED)
    rx_dma_buffer                            0x2400045c   Data          64  uart_dma_lib.o(.bss.rx_dma_buffer)
    [Anonymous Symbol]                       0x2400045c   Section        0  uart_dma_lib.o(.bss.rx_dma_buffer)
    tx_rb_data                               0x2400049c   Data         128  uart_dma_lib.o(.bss.tx_rb_data)
    [Anonymous Symbol]                       0x2400049c   Section        0  uart_dma_lib.o(.bss.tx_rb_data)

    Global Symbols

    Symbol Name                              Value     Ov Type        Size  Object(Section)

    BuildAttributes$$THM_ISAv4$E$P$D$K$B$S$7EM$VFPv5_D16$PE$PLD8$A:L22UL41UL21$X:L11$S22US41US21$IEEE1$IW$~IW$USESV6$~STKCKD$USESV7$~SHL$OTIME$ROPI$IEEEX$EBA8$MICROLIB$REQ8$PRES8$EABIv2 0x00000000   Number         0  anon$$obj.o ABSOLUTE
    __cpp_initialize__aeabi_                  - Undefined Weak Reference
    __cxa_finalize                            - Undefined Weak Reference
    __decompress                              - Undefined Weak Reference
    _clock_init                               - Undefined Weak Reference
    _microlib_exit                            - Undefined Weak Reference
    __Vectors_Size                           0x000002cc   Number         0  startup_stm32h723xx.o ABSOLUTE
    __Vectors                                0x08000000   Data           4  startup_stm32h723xx.o(RESET)
    __Vectors_End                            0x080002cc   Data           0  startup_stm32h723xx.o(RESET)
    __main                                   0x080002cd   Thumb Code     0  entry.o(.ARM.Collect$$$$00000000)
    _main_stk                                0x080002cd   Thumb Code     0  entry2.o(.ARM.Collect$$$$00000001)
    _main_scatterload                        0x080002d1   Thumb Code     0  entry5.o(.ARM.Collect$$$$00000004)
    __main_after_scatterload                 0x080002d5   Thumb Code     0  entry5.o(.ARM.Collect$$$$00000004)
    _main_clock                              0x080002d5   Thumb Code     0  entry7b.o(.ARM.Collect$$$$00000008)
    _main_cpp_init                           0x080002d5   Thumb Code     0  entry8b.o(.ARM.Collect$$$$0000000A)
    _main_init                               0x080002d5   Thumb Code     0  entry9a.o(.ARM.Collect$$$$0000000B)
    __rt_final_cpp                           0x080002dd   Thumb Code     0  entry10a.o(.ARM.Collect$$$$0000000D)
    __rt_final_exit                          0x080002dd   Thumb Code     0  entry11a.o(.ARM.Collect$$$$0000000F)
    Reset_Handler                            0x080002e1   Thumb Code    12  startup_stm32h723xx.o(.text)
    ADC3_IRQHandler                          0x080002ff   Thumb Code     0  startup_stm32h723xx.o(.text)
    BDMA_Channel0_IRQHandler                 0x080002ff   Thumb Code     0  startup_stm32h723xx.o(.text)
    BDMA_Channel1_IRQHandler                 0x080002ff   Thumb Code     0  startup_stm32h723xx.o(.text)
    BDMA_Channel2_IRQHandler                 0x080002ff   Thumb Code     0  startup_stm32h723xx.o(.text)
    BDMA_Channel3_IRQHandler                 0x080002ff   Thumb Code     0  startup_stm32h723xx.o(.text)
    BDMA_Channel4_IRQHandler                 0x080002ff   Thumb Code     0  startup_stm32h723xx.o(.text)
    BDMA_Channel5_IRQHandler                 0x080002ff   Thumb Code     0  startup_stm32h723xx.o(.text)
    BDMA_Channel6_IRQHandler                 0x080002ff   Thumb Code     0  startup_stm32h723xx.o(.text)
    BDMA_Channel7_IRQHandler                 0x080002ff   Thumb Code     0  startup_stm32h723xx.o(.text)
    CEC_IRQHandler                           0x080002ff   Thumb Code     0  startup_stm32h723xx.o(.text)
    COMP1_IRQHandler                         0x080002ff   Thumb Code     0  startup_stm32h723xx.o(.text)
    CORDIC_IRQHandler                        0x080002ff   Thumb Code     0  startup_stm32h723xx.o(.text)
    CRS_IRQHandler                           0x080002ff   Thumb Code     0  startup_stm32h723xx.o(.text)
    DCMI_PSSI_IRQHandler                     0x080002ff   Thumb Code     0  startup_stm32h723xx.o(.text)
    DFSDM1_FLT0_IRQHandler                   0x080002ff   Thumb Code     0  startup_stm32h723xx.o(.text)
    DFSDM1_FLT1_IRQHandler                   0x080002ff   Thumb Code     0  startup_stm32h723xx.o(.text)
    DFSDM1_FLT2_IRQHandler                   0x080002ff   Thumb Code     0  startup_stm32h723xx.o(.text)
    DFSDM1_FLT3_IRQHandler                   0x080002ff   Thumb Code     0  startup_stm32h723xx.o(.text)
    DMA1_Stream2_IRQHandler                  0x080002ff   Thumb Code     0  startup_stm32h723xx.o(.text)
    DMA1_Stream3_IRQHandler                  0x080002ff   Thumb Code     0  startup_stm32h723xx.o(.text)
    DMA1_Stream4_IRQHandler                  0x080002ff   Thumb Code     0  startup_stm32h723xx.o(.text)
    DMA1_Stream5_IRQHandler                  0x080002ff   Thumb Code     0  startup_stm32h723xx.o(.text)
    DMA1_Stream6_IRQHandler                  0x080002ff   Thumb Code     0  startup_stm32h723xx.o(.text)
    DMA1_Stream7_IRQHandler                  0x080002ff   Thumb Code     0  startup_stm32h723xx.o(.text)
    DMA2D_IRQHandler                         0x080002ff   Thumb Code     0  startup_stm32h723xx.o(.text)
    DMA2_Stream0_IRQHandler                  0x080002ff   Thumb Code     0  startup_stm32h723xx.o(.text)
    DMA2_Stream1_IRQHandler                  0x080002ff   Thumb Code     0  startup_stm32h723xx.o(.text)
    DMA2_Stream2_IRQHandler                  0x080002ff   Thumb Code     0  startup_stm32h723xx.o(.text)
    DMA2_Stream3_IRQHandler                  0x080002ff   Thumb Code     0  startup_stm32h723xx.o(.text)
    DMA2_Stream4_IRQHandler                  0x080002ff   Thumb Code     0  startup_stm32h723xx.o(.text)
    DMA2_Stream5_IRQHandler                  0x080002ff   Thumb Code     0  startup_stm32h723xx.o(.text)
    DMA2_Stream6_IRQHandler                  0x080002ff   Thumb Code     0  startup_stm32h723xx.o(.text)
    DMA2_Stream7_IRQHandler                  0x080002ff   Thumb Code     0  startup_stm32h723xx.o(.text)
    DMAMUX1_OVR_IRQHandler                   0x080002ff   Thumb Code     0  startup_stm32h723xx.o(.text)
    DMAMUX2_OVR_IRQHandler                   0x080002ff   Thumb Code     0  startup_stm32h723xx.o(.text)
    DTS_IRQHandler                           0x080002ff   Thumb Code     0  startup_stm32h723xx.o(.text)
    ECC_IRQHandler                           0x080002ff   Thumb Code     0  startup_stm32h723xx.o(.text)
    ETH_IRQHandler                           0x080002ff   Thumb Code     0  startup_stm32h723xx.o(.text)
    ETH_WKUP_IRQHandler                      0x080002ff   Thumb Code     0  startup_stm32h723xx.o(.text)
    EXTI0_IRQHandler                         0x080002ff   Thumb Code     0  startup_stm32h723xx.o(.text)
    EXTI15_10_IRQHandler                     0x080002ff   Thumb Code     0  startup_stm32h723xx.o(.text)
    EXTI1_IRQHandler                         0x080002ff   Thumb Code     0  startup_stm32h723xx.o(.text)
    EXTI2_IRQHandler                         0x080002ff   Thumb Code     0  startup_stm32h723xx.o(.text)
    EXTI3_IRQHandler                         0x080002ff   Thumb Code     0  startup_stm32h723xx.o(.text)
    EXTI4_IRQHandler                         0x080002ff   Thumb Code     0  startup_stm32h723xx.o(.text)
    EXTI9_5_IRQHandler                       0x080002ff   Thumb Code     0  startup_stm32h723xx.o(.text)
    FDCAN1_IT0_IRQHandler                    0x080002ff   Thumb Code     0  startup_stm32h723xx.o(.text)
    FDCAN1_IT1_IRQHandler                    0x080002ff   Thumb Code     0  startup_stm32h723xx.o(.text)
    FDCAN2_IT0_IRQHandler                    0x080002ff   Thumb Code     0  startup_stm32h723xx.o(.text)
    FDCAN2_IT1_IRQHandler                    0x080002ff   Thumb Code     0  startup_stm32h723xx.o(.text)
    FDCAN3_IT0_IRQHandler                    0x080002ff   Thumb Code     0  startup_stm32h723xx.o(.text)
    FDCAN3_IT1_IRQHandler                    0x080002ff   Thumb Code     0  startup_stm32h723xx.o(.text)
    FDCAN_CAL_IRQHandler                     0x080002ff   Thumb Code     0  startup_stm32h723xx.o(.text)
    FLASH_IRQHandler                         0x080002ff   Thumb Code     0  startup_stm32h723xx.o(.text)
    FMAC_IRQHandler                          0x080002ff   Thumb Code     0  startup_stm32h723xx.o(.text)
    FMC_IRQHandler                           0x080002ff   Thumb Code     0  startup_stm32h723xx.o(.text)
    FPU_IRQHandler                           0x080002ff   Thumb Code     0  startup_stm32h723xx.o(.text)
    HSEM1_IRQHandler                         0x080002ff   Thumb Code     0  startup_stm32h723xx.o(.text)
    I2C1_ER_IRQHandler                       0x080002ff   Thumb Code     0  startup_stm32h723xx.o(.text)
    I2C1_EV_IRQHandler                       0x080002ff   Thumb Code     0  startup_stm32h723xx.o(.text)
    I2C2_ER_IRQHandler                       0x080002ff   Thumb Code     0  startup_stm32h723xx.o(.text)
    I2C2_EV_IRQHandler                       0x080002ff   Thumb Code     0  startup_stm32h723xx.o(.text)
    I2C3_ER_IRQHandler                       0x080002ff   Thumb Code     0  startup_stm32h723xx.o(.text)
    I2C3_EV_IRQHandler                       0x080002ff   Thumb Code     0  startup_stm32h723xx.o(.text)
    I2C4_ER_IRQHandler                       0x080002ff   Thumb Code     0  startup_stm32h723xx.o(.text)
    I2C4_EV_IRQHandler                       0x080002ff   Thumb Code     0  startup_stm32h723xx.o(.text)
    I2C5_ER_IRQHandler                       0x080002ff   Thumb Code     0  startup_stm32h723xx.o(.text)
    I2C5_EV_IRQHandler                       0x080002ff   Thumb Code     0  startup_stm32h723xx.o(.text)
    LPTIM1_IRQHandler                        0x080002ff   Thumb Code     0  startup_stm32h723xx.o(.text)
    LPTIM2_IRQHandler                        0x080002ff   Thumb Code     0  startup_stm32h723xx.o(.text)
    LPTIM3_IRQHandler                        0x080002ff   Thumb Code     0  startup_stm32h723xx.o(.text)
    LPTIM4_IRQHandler                        0x080002ff   Thumb Code     0  startup_stm32h723xx.o(.text)
    LPTIM5_IRQHandler                        0x080002ff   Thumb Code     0  startup_stm32h723xx.o(.text)
    LPUART1_IRQHandler                       0x080002ff   Thumb Code     0  startup_stm32h723xx.o(.text)
    LTDC_ER_IRQHandler                       0x080002ff   Thumb Code     0  startup_stm32h723xx.o(.text)
    LTDC_IRQHandler                          0x080002ff   Thumb Code     0  startup_stm32h723xx.o(.text)
    MDIOS_IRQHandler                         0x080002ff   Thumb Code     0  startup_stm32h723xx.o(.text)
    MDIOS_WKUP_IRQHandler                    0x080002ff   Thumb Code     0  startup_stm32h723xx.o(.text)
    MDMA_IRQHandler                          0x080002ff   Thumb Code     0  startup_stm32h723xx.o(.text)
    OCTOSPI1_IRQHandler                      0x080002ff   Thumb Code     0  startup_stm32h723xx.o(.text)
    OCTOSPI2_IRQHandler                      0x080002ff   Thumb Code     0  startup_stm32h723xx.o(.text)
    OTG_HS_EP1_IN_IRQHandler                 0x080002ff   Thumb Code     0  startup_stm32h723xx.o(.text)
    OTG_HS_EP1_OUT_IRQHandler                0x080002ff   Thumb Code     0  startup_stm32h723xx.o(.text)
    OTG_HS_IRQHandler                        0x080002ff   Thumb Code     0  startup_stm32h723xx.o(.text)
    OTG_HS_WKUP_IRQHandler                   0x080002ff   Thumb Code     0  startup_stm32h723xx.o(.text)
    PVD_AVD_IRQHandler                       0x080002ff   Thumb Code     0  startup_stm32h723xx.o(.text)
    RNG_IRQHandler                           0x080002ff   Thumb Code     0  startup_stm32h723xx.o(.text)
    RTC_Alarm_IRQHandler                     0x080002ff   Thumb Code     0  startup_stm32h723xx.o(.text)
    RTC_WKUP_IRQHandler                      0x080002ff   Thumb Code     0  startup_stm32h723xx.o(.text)
    SAI1_IRQHandler                          0x080002ff   Thumb Code     0  startup_stm32h723xx.o(.text)
    SAI4_IRQHandler                          0x080002ff   Thumb Code     0  startup_stm32h723xx.o(.text)
    SDMMC1_IRQHandler                        0x080002ff   Thumb Code     0  startup_stm32h723xx.o(.text)
    SDMMC2_IRQHandler                        0x080002ff   Thumb Code     0  startup_stm32h723xx.o(.text)
    SPDIF_RX_IRQHandler                      0x080002ff   Thumb Code     0  startup_stm32h723xx.o(.text)
    SPI1_IRQHandler                          0x080002ff   Thumb Code     0  startup_stm32h723xx.o(.text)
    SPI2_IRQHandler                          0x080002ff   Thumb Code     0  startup_stm32h723xx.o(.text)
    SPI3_IRQHandler                          0x080002ff   Thumb Code     0  startup_stm32h723xx.o(.text)
    SPI4_IRQHandler                          0x080002ff   Thumb Code     0  startup_stm32h723xx.o(.text)
    SPI5_IRQHandler                          0x080002ff   Thumb Code     0  startup_stm32h723xx.o(.text)
    SPI6_IRQHandler                          0x080002ff   Thumb Code     0  startup_stm32h723xx.o(.text)
    SWPMI1_IRQHandler                        0x080002ff   Thumb Code     0  startup_stm32h723xx.o(.text)
    TAMP_STAMP_IRQHandler                    0x080002ff   Thumb Code     0  startup_stm32h723xx.o(.text)
    TIM15_IRQHandler                         0x080002ff   Thumb Code     0  startup_stm32h723xx.o(.text)
    TIM16_IRQHandler                         0x080002ff   Thumb Code     0  startup_stm32h723xx.o(.text)
    TIM17_IRQHandler                         0x080002ff   Thumb Code     0  startup_stm32h723xx.o(.text)
    TIM1_BRK_IRQHandler                      0x080002ff   Thumb Code     0  startup_stm32h723xx.o(.text)
    TIM1_CC_IRQHandler                       0x080002ff   Thumb Code     0  startup_stm32h723xx.o(.text)
    TIM1_TRG_COM_IRQHandler                  0x080002ff   Thumb Code     0  startup_stm32h723xx.o(.text)
    TIM1_UP_IRQHandler                       0x080002ff   Thumb Code     0  startup_stm32h723xx.o(.text)
    TIM23_IRQHandler                         0x080002ff   Thumb Code     0  startup_stm32h723xx.o(.text)
    TIM24_IRQHandler                         0x080002ff   Thumb Code     0  startup_stm32h723xx.o(.text)
    TIM3_IRQHandler                          0x080002ff   Thumb Code     0  startup_stm32h723xx.o(.text)
    TIM6_DAC_IRQHandler                      0x080002ff   Thumb Code     0  startup_stm32h723xx.o(.text)
    TIM7_IRQHandler                          0x080002ff   Thumb Code     0  startup_stm32h723xx.o(.text)
    TIM8_CC_IRQHandler                       0x080002ff   Thumb Code     0  startup_stm32h723xx.o(.text)
    TIM8_TRG_COM_TIM14_IRQHandler            0x080002ff   Thumb Code     0  startup_stm32h723xx.o(.text)
    TIM8_UP_TIM13_IRQHandler                 0x080002ff   Thumb Code     0  startup_stm32h723xx.o(.text)
    UART4_IRQHandler                         0x080002ff   Thumb Code     0  startup_stm32h723xx.o(.text)
    UART5_IRQHandler                         0x080002ff   Thumb Code     0  startup_stm32h723xx.o(.text)
    UART7_IRQHandler                         0x080002ff   Thumb Code     0  startup_stm32h723xx.o(.text)
    UART8_IRQHandler                         0x080002ff   Thumb Code     0  startup_stm32h723xx.o(.text)
    UART9_IRQHandler                         0x080002ff   Thumb Code     0  startup_stm32h723xx.o(.text)
    USART10_IRQHandler                       0x080002ff   Thumb Code     0  startup_stm32h723xx.o(.text)
    USART2_IRQHandler                        0x080002ff   Thumb Code     0  startup_stm32h723xx.o(.text)
    USART3_IRQHandler                        0x080002ff   Thumb Code     0  startup_stm32h723xx.o(.text)
    USART6_IRQHandler                        0x080002ff   Thumb Code     0  startup_stm32h723xx.o(.text)
    WAKEUP_PIN_IRQHandler                    0x080002ff   Thumb Code     0  startup_stm32h723xx.o(.text)
    WWDG_IRQHandler                          0x080002ff   Thumb Code     0  startup_stm32h723xx.o(.text)
    __aeabi_uldivmod                         0x0800030d   Thumb Code    98  uldiv.o(.text)
    __aeabi_memset                           0x0800036f   Thumb Code    14  memseta.o(.text)
    __aeabi_memset4                          0x0800036f   Thumb Code     0  memseta.o(.text)
    __aeabi_memset8                          0x0800036f   Thumb Code     0  memseta.o(.text)
    __aeabi_memclr                           0x0800037d   Thumb Code     4  memseta.o(.text)
    __aeabi_memclr4                          0x0800037d   Thumb Code     0  memseta.o(.text)
    __aeabi_memclr8                          0x0800037d   Thumb Code     0  memseta.o(.text)
    _memset$wrapper                          0x08000381   Thumb Code    18  memseta.o(.text)
    __aeabi_llsl                             0x08000393   Thumb Code    30  llshl.o(.text)
    _ll_shift_l                              0x08000393   Thumb Code     0  llshl.o(.text)
    __aeabi_llsr                             0x080003b1   Thumb Code    32  llushr.o(.text)
    _ll_ushift_r                             0x080003b1   Thumb Code     0  llushr.o(.text)
    __I$use$fp                               0x080003d1   Thumb Code     0  iusefp.o(.text)
    _frem                                    0x080003d1   Thumb Code    82  frem.o(.text)
    __scatterload                            0x08000425   Thumb Code    28  init.o(.text)
    __scatterload_rt2                        0x08000425   Thumb Code     0  init.o(.text)
    _float_round                             0x08000449   Thumb Code    18  fepilogue.o(.text)
    _float_epilogue                          0x0800045b   Thumb Code    92  fepilogue.o(.text)
    ADC_ConfigureBoostMode                   0x080004b9   Thumb Code   256  stm32h7xx_hal_adc.o(.text.ADC_ConfigureBoostMode)
    ADC_Driver_GetCurrents_1                 0x080005b9   Thumb Code    80  adc_driver.o(.text.ADC_Driver_GetCurrents_1)
    ADC_Driver_GetCurrents_2                 0x08000609   Thumb Code    80  adc_driver.o(.text.ADC_Driver_GetCurrents_2)
    ADC_Driver_GetCurrents_3                 0x08000659   Thumb Code    34  adc_driver.o(.text.ADC_Driver_GetCurrents_3)
    ADC_Driver_Init                          0x08000681   Thumb Code    30  adc_driver.o(.text.ADC_Driver_Init)
    ADC_Enable                               0x080006a1   Thumb Code   174  stm32h7xx_hal_adc.o(.text.ADC_Enable)
    ADC_IRQHandler                           0x08000751   Thumb Code    30  stm32h7xx_it.o(.text.ADC_IRQHandler)
    BusFault_Handler                         0x08000771   Thumb Code     2  stm32h7xx_it.o(.text.BusFault_Handler)
    DMA1_Stream0_IRQHandler                  0x08000779   Thumb Code    12  stm32h7xx_it.o(.text.DMA1_Stream0_IRQHandler)
    DMA1_Stream1_IRQHandler                  0x08000789   Thumb Code    12  stm32h7xx_it.o(.text.DMA1_Stream1_IRQHandler)
    DebugMon_Handler                         0x08000bd9   Thumb Code     2  stm32h7xx_it.o(.text.DebugMon_Handler)
    Encoder_CalibrateWithZ                   0x08000be1   Thumb Code   244  sensor.o(.text.Encoder_CalibrateWithZ)
    Encoder_CheckSyncWithHall                0x08000cd9   Thumb Code   156  sensor.o(.text.Encoder_CheckSyncWithHall)
    Encoder_Init                             0x08000d79   Thumb Code    58  sensor.o(.text.Encoder_Init)
    Encoder_IsCalibrated                     0x08000db9   Thumb Code    12  sensor.o(.text.Encoder_IsCalibrated)
    Encoder_SyncWithHall                     0x08000dc9   Thumb Code   324  sensor.o(.text.Encoder_SyncWithHall)
    Encoder_Update                           0x08000f11   Thumb Code   180  sensor.o(.text.Encoder_Update)
    Error_Handler                            0x08000fc9   Thumb Code     6  main.o(.text.Error_Handler)
    ExitRun0Mode                             0x08000fd1   Thumb Code    44  system_stm32h7xx.o(.text.ExitRun0Mode)
    FOC_InvPark                              0x08001001   Thumb Code    72  foc_transform.o(.text.FOC_InvPark)
    GetSmoothElectricalAngle                 0x08001049   Thumb Code    14  sensor.o(.text.GetSmoothElectricalAngle)
    GetSmoothMechanicalAngle                 0x08001059   Thumb Code    14  sensor.o(.text.GetSmoothMechanicalAngle)
    HAL_ADCEx_DisableInjectedQueue           0x08001069   Thumb Code    44  stm32h7xx_hal_adc_ex.o(.text.HAL_ADCEx_DisableInjectedQueue)
    HAL_ADCEx_EndOfSamplingCallback          0x08001099   Thumb Code     2  stm32h7xx_hal_adc_ex.o(.text.HAL_ADCEx_EndOfSamplingCallback)
    HAL_ADCEx_InjectedConfigChannel          0x080010a1   Thumb Code  2136  stm32h7xx_hal_adc_ex.o(.text.HAL_ADCEx_InjectedConfigChannel)
    HAL_ADCEx_InjectedConvCpltCallback       0x080018f9   Thumb Code    60  adc_driver.o(.text.HAL_ADCEx_InjectedConvCpltCallback)
    HAL_ADCEx_InjectedGetValue               0x08001939   Thumb Code    52  stm32h7xx_hal_adc_ex.o(.text.HAL_ADCEx_InjectedGetValue)
    HAL_ADCEx_InjectedQueueOverflowCallback  0x08001971   Thumb Code     2  stm32h7xx_hal_adc_ex.o(.text.HAL_ADCEx_InjectedQueueOverflowCallback)
    HAL_ADCEx_InjectedStart_IT               0x08001979   Thumb Code   284  stm32h7xx_hal_adc_ex.o(.text.HAL_ADCEx_InjectedStart_IT)
    HAL_ADCEx_LevelOutOfWindow2Callback      0x08001a99   Thumb Code     2  stm32h7xx_hal_adc_ex.o(.text.HAL_ADCEx_LevelOutOfWindow2Callback)
    HAL_ADCEx_LevelOutOfWindow3Callback      0x08001aa1   Thumb Code     2  stm32h7xx_hal_adc_ex.o(.text.HAL_ADCEx_LevelOutOfWindow3Callback)
    HAL_ADCEx_MultiModeConfigChannel         0x08001aa9   Thumb Code   184  stm32h7xx_hal_adc_ex.o(.text.HAL_ADCEx_MultiModeConfigChannel)
    HAL_ADC_ConvCpltCallback                 0x08001b61   Thumb Code     2  stm32h7xx_hal_adc.o(.text.HAL_ADC_ConvCpltCallback)
    HAL_ADC_ErrorCallback                    0x08001b69   Thumb Code     2  stm32h7xx_hal_adc.o(.text.HAL_ADC_ErrorCallback)
    HAL_ADC_IRQHandler                       0x08001b71   Thumb Code   698  stm32h7xx_hal_adc.o(.text.HAL_ADC_IRQHandler)
    HAL_ADC_Init                             0x08001e31   Thumb Code   784  stm32h7xx_hal_adc.o(.text.HAL_ADC_Init)
    HAL_ADC_LevelOutOfWindowCallback         0x08002141   Thumb Code     2  stm32h7xx_hal_adc.o(.text.HAL_ADC_LevelOutOfWindowCallback)
    HAL_ADC_MspInit                          0x08002149   Thumb Code   224  adc.o(.text.HAL_ADC_MspInit)
    HAL_DMA_Abort                            0x08002229   Thumb Code  1326  stm32h7xx_hal_dma.o(.text.HAL_DMA_Abort)
    HAL_DMA_Abort_IT                         0x08002759   Thumb Code   698  stm32h7xx_hal_dma.o(.text.HAL_DMA_Abort_IT)
    HAL_DMA_IRQHandler                       0x08002a19   Thumb Code  2104  stm32h7xx_hal_dma.o(.text.HAL_DMA_IRQHandler)
    HAL_DMA_Init                             0x08003251   Thumb Code  1628  stm32h7xx_hal_dma.o(.text.HAL_DMA_Init)
    HAL_DMA_Start_IT                         0x080038b1   Thumb Code   930  stm32h7xx_hal_dma.o(.text.HAL_DMA_Start_IT)
    HAL_GPIO_Init                            0x08003c59   Thumb Code   458  stm32h7xx_hal_gpio.o(.text.HAL_GPIO_Init)
    HAL_GPIO_ReadPin                         0x08003e29   Thumb Code    10  stm32h7xx_hal_gpio.o(.text.HAL_GPIO_ReadPin)
    HAL_GPIO_WritePin                        0x08003e39   Thumb Code    10  stm32h7xx_hal_gpio.o(.text.HAL_GPIO_WritePin)
    HAL_GetTick                              0x08003e49   Thumb Code    12  stm32h7xx_hal.o(.text.HAL_GetTick)
    HAL_IncTick                              0x08003e59   Thumb Code    26  stm32h7xx_hal.o(.text.HAL_IncTick)
    HAL_Init                                 0x08003e79   Thumb Code   100  stm32h7xx_hal.o(.text.HAL_Init)
    HAL_InitTick                             0x08003ee1   Thumb Code    76  stm32h7xx_hal.o(.text.HAL_InitTick)
    HAL_MPU_ConfigRegion                     0x08003f31   Thumb Code    94  stm32h7xx_hal_cortex.o(.text.HAL_MPU_ConfigRegion)
    HAL_MPU_Disable                          0x08003f91   Thumb Code    26  stm32h7xx_hal_cortex.o(.text.HAL_MPU_Disable)
    HAL_MPU_Enable                           0x08003fb1   Thumb Code    32  stm32h7xx_hal_cortex.o(.text.HAL_MPU_Enable)
    HAL_MspInit                              0x08003fd1   Thumb Code    52  stm32h7xx_hal_msp.o(.text.HAL_MspInit)
    HAL_NVIC_EnableIRQ                       0x08004009   Thumb Code    34  stm32h7xx_hal_cortex.o(.text.HAL_NVIC_EnableIRQ)
    HAL_NVIC_SetPriority                     0x08004031   Thumb Code    90  stm32h7xx_hal_cortex.o(.text.HAL_NVIC_SetPriority)
    HAL_NVIC_SetPriorityGrouping             0x08004091   Thumb Code    32  stm32h7xx_hal_cortex.o(.text.HAL_NVIC_SetPriorityGrouping)
    HAL_PWREx_ConfigSupply                   0x080040b1   Thumb Code    76  stm32h7xx_hal_pwr_ex.o(.text.HAL_PWREx_ConfigSupply)
    HAL_RCCEx_GetD3PCLK1Freq                 0x08004101   Thumb Code    38  stm32h7xx_hal_rcc_ex.o(.text.HAL_RCCEx_GetD3PCLK1Freq)
    HAL_RCCEx_GetPLL1ClockFreq               0x08004129   Thumb Code   308  stm32h7xx_hal_rcc_ex.o(.text.HAL_RCCEx_GetPLL1ClockFreq)
    HAL_RCCEx_GetPLL2ClockFreq               0x08004261   Thumb Code   300  stm32h7xx_hal_rcc_ex.o(.text.HAL_RCCEx_GetPLL2ClockFreq)
    HAL_RCCEx_GetPLL3ClockFreq               0x08004391   Thumb Code   300  stm32h7xx_hal_rcc_ex.o(.text.HAL_RCCEx_GetPLL3ClockFreq)
    HAL_RCCEx_GetPeriphCLKFreq               0x080044c1   Thumb Code  1026  stm32h7xx_hal_rcc_ex.o(.text.HAL_RCCEx_GetPeriphCLKFreq)
    HAL_RCCEx_PeriphCLKConfig                0x080048c9   Thumb Code  2728  stm32h7xx_hal_rcc_ex.o(.text.HAL_RCCEx_PeriphCLKConfig)
    HAL_RCC_ClockConfig                      0x08005371   Thumb Code   616  stm32h7xx_hal_rcc.o(.text.HAL_RCC_ClockConfig)
    HAL_RCC_GetHCLKFreq                      0x080055d9   Thumb Code    76  stm32h7xx_hal_rcc.o(.text.HAL_RCC_GetHCLKFreq)
    HAL_RCC_GetPCLK1Freq                     0x08005629   Thumb Code    96  stm32h7xx_hal_rcc.o(.text.HAL_RCC_GetPCLK1Freq)
    HAL_RCC_GetPCLK2Freq                     0x08005689   Thumb Code    96  stm32h7xx_hal_rcc.o(.text.HAL_RCC_GetPCLK2Freq)
    HAL_RCC_GetSysClockFreq                  0x080056e9   Thumb Code   280  stm32h7xx_hal_rcc.o(.text.HAL_RCC_GetSysClockFreq)
    HAL_RCC_OscConfig                        0x08005801   Thumb Code  1304  stm32h7xx_hal_rcc.o(.text.HAL_RCC_OscConfig)
    HAL_SYSTICK_Config                       0x08005d19   Thumb Code    46  stm32h7xx_hal_cortex.o(.text.HAL_SYSTICK_Config)
    HAL_TIMEx_Break2Callback                 0x08005d49   Thumb Code     2  stm32h7xx_hal_tim_ex.o(.text.HAL_TIMEx_Break2Callback)
    HAL_TIMEx_BreakCallback                  0x08005d51   Thumb Code     2  stm32h7xx_hal_tim_ex.o(.text.HAL_TIMEx_BreakCallback)
    HAL_TIMEx_CommutCallback                 0x08005d59   Thumb Code     2  stm32h7xx_hal_tim_ex.o(.text.HAL_TIMEx_CommutCallback)
    HAL_TIMEx_ConfigBreakDeadTime            0x08005d61   Thumb Code   198  stm32h7xx_hal_tim_ex.o(.text.HAL_TIMEx_ConfigBreakDeadTime)
    HAL_TIMEx_HallSensor_Init                0x08005e29   Thumb Code   212  stm32h7xx_hal_tim_ex.o(.text.HAL_TIMEx_HallSensor_Init)
    HAL_TIMEx_HallSensor_MspInit             0x08005f01   Thumb Code   120  tim.o(.text.HAL_TIMEx_HallSensor_MspInit)
    HAL_TIMEx_HallSensor_Start_IT            0x08005f79   Thumb Code   250  stm32h7xx_hal_tim_ex.o(.text.HAL_TIMEx_HallSensor_Start_IT)
    HAL_TIMEx_MasterConfigSynchronization    0x08006079   Thumb Code   218  stm32h7xx_hal_tim_ex.o(.text.HAL_TIMEx_MasterConfigSynchronization)
    HAL_TIMEx_PWMN_Start                     0x08006159   Thumb Code   320  stm32h7xx_hal_tim_ex.o(.text.HAL_TIMEx_PWMN_Start)
    HAL_TIM_Base_Init                        0x08006299   Thumb Code    96  stm32h7xx_hal_tim.o(.text.HAL_TIM_Base_Init)
    HAL_TIM_Base_MspInit                     0x080062f9   Thumb Code   336  tim.o(.text.HAL_TIM_Base_MspInit)
    HAL_TIM_Base_Start_IT                    0x08006449   Thumb Code   220  stm32h7xx_hal_tim.o(.text.HAL_TIM_Base_Start_IT)
    HAL_TIM_ConfigClockSource                0x08006529   Thumb Code   696  stm32h7xx_hal_tim.o(.text.HAL_TIM_ConfigClockSource)
    HAL_TIM_Encoder_Init                     0x080067e1   Thumb Code   184  stm32h7xx_hal_tim.o(.text.HAL_TIM_Encoder_Init)
    HAL_TIM_Encoder_MspInit                  0x08006899   Thumb Code   100  tim.o(.text.HAL_TIM_Encoder_MspInit)
    HAL_TIM_Encoder_Start                    0x08006901   Thumb Code   188  stm32h7xx_hal_tim.o(.text.HAL_TIM_Encoder_Start)
    HAL_TIM_IC_CaptureCallback               0x080069c1   Thumb Code    76  main.o(.text.HAL_TIM_IC_CaptureCallback)
    HAL_TIM_IC_ConfigChannel                 0x08006a11   Thumb Code   342  stm32h7xx_hal_tim.o(.text.HAL_TIM_IC_ConfigChannel)
    HAL_TIM_IC_Init                          0x08006b69   Thumb Code    96  stm32h7xx_hal_tim.o(.text.HAL_TIM_IC_Init)
    HAL_TIM_IC_MspInit                       0x08006bc9   Thumb Code     2  stm32h7xx_hal_tim.o(.text.HAL_TIM_IC_MspInit)
    HAL_TIM_IC_Start_IT                      0x08006bd1   Thumb Code   556  stm32h7xx_hal_tim.o(.text.HAL_TIM_IC_Start_IT)
    HAL_TIM_IRQHandler                       0x08006e01   Thumb Code   364  stm32h7xx_hal_tim.o(.text.HAL_TIM_IRQHandler)
    HAL_TIM_OC_DelayElapsedCallback          0x08006f71   Thumb Code     2  stm32h7xx_hal_tim.o(.text.HAL_TIM_OC_DelayElapsedCallback)
    HAL_TIM_PWM_ConfigChannel                0x08006f79   Thumb Code  1226  stm32h7xx_hal_tim.o(.text.HAL_TIM_PWM_ConfigChannel)
    HAL_TIM_PWM_Init                         0x08007449   Thumb Code    96  stm32h7xx_hal_tim.o(.text.HAL_TIM_PWM_Init)
    HAL_TIM_PWM_MspInit                      0x080074a9   Thumb Code     2  stm32h7xx_hal_tim.o(.text.HAL_TIM_PWM_MspInit)
    HAL_TIM_PWM_PulseFinishedCallback        0x080074b1   Thumb Code     2  stm32h7xx_hal_tim.o(.text.HAL_TIM_PWM_PulseFinishedCallback)
    HAL_TIM_PWM_Start                        0x080074b9   Thumb Code   412  stm32h7xx_hal_tim.o(.text.HAL_TIM_PWM_Start)
    HAL_TIM_PeriodElapsedCallback            0x08007659   Thumb Code   304  main.o(.text.HAL_TIM_PeriodElapsedCallback)
    HAL_TIM_TriggerCallback                  0x08007789   Thumb Code     2  stm32h7xx_hal_tim.o(.text.HAL_TIM_TriggerCallback)
    HAL_UARTEx_DisableFifoMode               0x08007791   Thumb Code    54  stm32h7xx_hal_uart_ex.o(.text.HAL_UARTEx_DisableFifoMode)
    HAL_UARTEx_RxEventCallback               0x080077c9   Thumb Code     2  stm32h7xx_hal_uart.o(.text.HAL_UARTEx_RxEventCallback)
    HAL_UARTEx_RxFifoFullCallback            0x080077d1   Thumb Code     2  stm32h7xx_hal_uart_ex.o(.text.HAL_UARTEx_RxFifoFullCallback)
    HAL_UARTEx_SetRxFifoThreshold            0x080077d9   Thumb Code   144  stm32h7xx_hal_uart_ex.o(.text.HAL_UARTEx_SetRxFifoThreshold)
    HAL_UARTEx_SetTxFifoThreshold            0x08007869   Thumb Code   144  stm32h7xx_hal_uart_ex.o(.text.HAL_UARTEx_SetTxFifoThreshold)
    HAL_UARTEx_TxFifoEmptyCallback           0x080078f9   Thumb Code     2  stm32h7xx_hal_uart_ex.o(.text.HAL_UARTEx_TxFifoEmptyCallback)
    HAL_UARTEx_WakeupCallback                0x08007901   Thumb Code     2  stm32h7xx_hal_uart_ex.o(.text.HAL_UARTEx_WakeupCallback)
    HAL_UART_ErrorCallback                   0x08007909   Thumb Code     2  stm32h7xx_hal_uart.o(.text.HAL_UART_ErrorCallback)
    HAL_UART_IRQHandler                      0x08007911   Thumb Code  1898  stm32h7xx_hal_uart.o(.text.HAL_UART_IRQHandler)
    HAL_UART_Init                            0x08008081   Thumb Code   104  stm32h7xx_hal_uart.o(.text.HAL_UART_Init)
    HAL_UART_MspInit                         0x080080e9   Thumb Code   276  usart.o(.text.HAL_UART_MspInit)
    HAL_UART_Receive_DMA                     0x08008201   Thumb Code   488  stm32h7xx_hal_uart.o(.text.HAL_UART_Receive_DMA)
    HAL_UART_RxCpltCallback                  0x080083e9   Thumb Code    20  uart_dma_lib.o(.text.HAL_UART_RxCpltCallback)
    HAL_UART_RxHalfCpltCallback              0x08008401   Thumb Code    20  uart_dma_lib.o(.text.HAL_UART_RxHalfCpltCallback)
    HAL_UART_Transmit_DMA                    0x08008419   Thumb Code   212  stm32h7xx_hal_uart.o(.text.HAL_UART_Transmit_DMA)
    HAL_UART_TxCpltCallback                  0x080084f1   Thumb Code   148  uart_dma_lib.o(.text.HAL_UART_TxCpltCallback)
    HAL_UART_TxHalfCpltCallback              0x08008589   Thumb Code     2  stm32h7xx_hal_uart.o(.text.HAL_UART_TxHalfCpltCallback)
    HallSensor_Update                        0x08008591   Thumb Code     4  sensor.o(.text.HallSensor_Update)
    Hall_GetStep                             0x08008599   Thumb Code    12  sensor.o(.text.Hall_GetStep)
    HardFault_Handler                        0x08008661   Thumb Code     2  stm32h7xx_it.o(.text.HardFault_Handler)
    MX_ADC1_Init                             0x08008669   Thumb Code   198  adc.o(.text.MX_ADC1_Init)
    MX_ADC2_Init                             0x08008731   Thumb Code   154  adc.o(.text.MX_ADC2_Init)
    MX_DMA_Init                              0x080087d1   Thumb Code    68  dma.o(.text.MX_DMA_Init)
    MX_GPIO_Init                             0x08008819   Thumb Code   170  gpio.o(.text.MX_GPIO_Init)
    MX_TIM12_Init                            0x080088c9   Thumb Code   176  tim.o(.text.MX_TIM12_Init)
    MX_TIM1_Init                             0x08008979   Thumb Code   376  tim.o(.text.MX_TIM1_Init)
    MX_TIM2_Init                             0x08008af1   Thumb Code   110  tim.o(.text.MX_TIM2_Init)
    MX_TIM3_Init                             0x08008b61   Thumb Code   106  tim.o(.text.MX_TIM3_Init)
    MX_TIM4_Init                             0x08008bd1   Thumb Code    90  tim.o(.text.MX_TIM4_Init)
    MX_TIM5_Init                             0x08008c31   Thumb Code   116  tim.o(.text.MX_TIM5_Init)
    MX_TIM6_Init                             0x08008ca9   Thumb Code    76  tim.o(.text.MX_TIM6_Init)
    MX_USART1_UART_Init                      0x08008cf9   Thumb Code   124  usart.o(.text.MX_USART1_UART_Init)
    MemManage_Handler                        0x08008d79   Thumb Code     2  stm32h7xx_it.o(.text.MemManage_Handler)
    NMI_Handler                              0x08008d81   Thumb Code     2  stm32h7xx_it.o(.text.NMI_Handler)
    PID_Init                                 0x08008d89   Thumb Code    96  pid.o(.text.PID_Init)
    PendSV_Handler                           0x08008de9   Thumb Code     2  stm32h7xx_it.o(.text.PendSV_Handler)
    RCC_IRQHandler                           0x08009041   Thumb Code     2  stm32h7xx_it.o(.text.RCC_IRQHandler)
    SVC_Handler                              0x08009049   Thumb Code     2  stm32h7xx_it.o(.text.SVC_Handler)
    SVPWM_Init                               0x08009051   Thumb Code    26  svpwm.o(.text.SVPWM_Init)
    SVPWM_Start                              0x08009071   Thumb Code    68  svpwm.o(.text.SVPWM_Start)
    SVPWM_Update                             0x080090b9   Thumb Code   772  svpwm.o(.text.SVPWM_Update)
    Sensor_Init                              0x080093c1   Thumb Code    22  sensor.o(.text.Sensor_Init)
    SysTick_Handler                          0x080093d9   Thumb Code     4  stm32h7xx_it.o(.text.SysTick_Handler)
    SystemClock_Config                       0x080093e1   Thumb Code   196  main.o(.text.SystemClock_Config)
    SystemInit                               0x080094a9   Thumb Code   210  system_stm32h7xx.o(.text.SystemInit)
    TIM2_IRQHandler                          0x08009581   Thumb Code    12  stm32h7xx_it.o(.text.TIM2_IRQHandler)
    TIM4_IRQHandler                          0x08009591   Thumb Code    12  stm32h7xx_it.o(.text.TIM4_IRQHandler)
    TIM5_IRQHandler                          0x080095a1   Thumb Code    12  stm32h7xx_it.o(.text.TIM5_IRQHandler)
    TIM8_BRK_TIM12_IRQHandler                0x080095b1   Thumb Code    12  stm32h7xx_it.o(.text.TIM8_BRK_TIM12_IRQHandler)
    TIM_Base_SetConfig                       0x080095c1   Thumb Code   376  stm32h7xx_hal_tim.o(.text.TIM_Base_SetConfig)
    TIM_CCxChannelCmd                        0x08009739   Thumb Code    30  stm32h7xx_hal_tim.o(.text.TIM_CCxChannelCmd)
    TIM_OC2_SetConfig                        0x08009759   Thumb Code   172  stm32h7xx_hal_tim.o(.text.TIM_OC2_SetConfig)
    TIM_TI1_SetConfig                        0x08009809   Thumb Code   298  stm32h7xx_hal_tim.o(.text.TIM_TI1_SetConfig)
    UART_AdvFeatureConfig                    0x08009939   Thumb Code   224  stm32h7xx_hal_uart.o(.text.UART_AdvFeatureConfig)
    UART_CheckIdleState                      0x08009a19   Thumb Code   374  stm32h7xx_hal_uart.o(.text.UART_CheckIdleState)
    UART_DMA_IDLE_Handler                    0x0800a1e1   Thumb Code     4  uart_dma_lib.o(.text.UART_DMA_IDLE_Handler)
    UART_DMA_Init                            0x0800a1e9   Thumb Code    38  uart_dma_lib.o(.text.UART_DMA_Init)
    UART_DMA_SendString                      0x0800a211   Thumb Code   160  uart_dma_lib.o(.text.UART_DMA_SendString)
    UART_SetConfig                           0x0800a2b1   Thumb Code  1228  stm32h7xx_hal_uart.o(.text.UART_SetConfig)
    UART_WaitOnFlagUntilTimeout              0x0800a789   Thumb Code   856  stm32h7xx_hal_uart.o(.text.UART_WaitOnFlagUntilTimeout)
    USART1_IRQHandler                        0x0800aae1   Thumb Code    42  stm32h7xx_it.o(.text.USART1_IRQHandler)
    UsageFault_Handler                       0x0800ab11   Thumb Code     2  stm32h7xx_it.o(.text.UsageFault_Handler)
    arm_atan2_f32                            0x0800ab19   Thumb Code   872  fastmathfunctions.o(.text.arm_atan2_f32)
    arm_cos_f32                              0x0800ae81   Thumb Code   140  fastmathfunctions.o(.text.arm_cos_f32)
    arm_sin_f32                              0x0800af11   Thumb Code   136  fastmathfunctions.o(.text.arm_sin_f32)
    main                                     0x0800af99   Thumb Code   276  main.o(.text.main)
    __ARM_fpclassifyf                        0x0800b3af   Thumb Code    38  fpclassifyf.o(i.__ARM_fpclassifyf)
    __hardfp_fmodf                           0x0800b3d5   Thumb Code   176  fmodf.o(i.__hardfp_fmodf)
    __hardfp_sinf                            0x0800b485   Thumb Code   344  sinf.o(i.__hardfp_sinf)
    __mathlib_flt_infnan                     0x0800b615   Thumb Code     6  funder.o(i.__mathlib_flt_infnan)
    __mathlib_flt_invalid                    0x0800b61d   Thumb Code    10  funder.o(i.__mathlib_flt_invalid)
    __mathlib_flt_underflow                  0x0800b62d   Thumb Code    10  funder.o(i.__mathlib_flt_underflow)
    __mathlib_rredf2                         0x0800b63d   Thumb Code   316  rredf.o(i.__mathlib_rredf2)
    __scatterload_copy                       0x0800b791   Thumb Code    14  handlers.o(i.__scatterload_copy)
    __scatterload_null                       0x0800b79f   Thumb Code     2  handlers.o(i.__scatterload_null)
    __scatterload_zeroinit                   0x0800b7a1   Thumb Code    14  handlers.o(i.__scatterload_zeroinit)
    __set_errno                              0x0800b7b1   Thumb Code     6  errno.o(i.__set_errno)
    D1CorePrescTable                         0x0800b7e8   Data          16  system_stm32h7xx.o(.rodata.D1CorePrescTable)
    UARTPrescTable                           0x0800b7f8   Data          24  stm32h7xx_hal_uart.o(.rodata.UARTPrescTable)
    sinTable_f32                             0x0800b840   Data        2052  commontables.o(.rodata.sinTable_f32)
    Region$$Table$$Base                      0x0800c044   Number         0  anon$$obj.o(Region$$Table)
    Region$$Table$$Limit                     0x0800c084   Number         0  anon$$obj.o(Region$$Table)
    SystemCoreClock                          0x20000000   Data           4  system_stm32h7xx.o(.data..L_MergedGlobals)
    SystemD2Clock                            0x20000004   Data           4  system_stm32h7xx.o(.data..L_MergedGlobals)
    v_q                                      0x20000008   Data           4  main.o(.data.v_q)
    htim12                                   0x2000004c   Data          76  tim.o(.bss.htim12)
    htim5                                    0x20000098   Data          76  tim.o(.bss.htim5)
    pid_curent                               0x200000e4   Data          52  main.o(.bss.pid_curent)
    state_Z                                  0x20000118   Data           4  main.o(.bss.state_Z)
    uwTick                                   0x2000011c   Data           4  stm32h7xx_hal.o(.bss.uwTick)
    __initial_sp                             0x20000520   Data           0  startup_stm32h723xx.o(STACK)
    uwTickFreq                               0x24000004   Data           1  stm32h7xx_hal.o(.data..L_MergedGlobals)
    uwTickPrio                               0x24000008   Data           4  stm32h7xx_hal.o(.data..L_MergedGlobals)
    hall_step                                0x24000014   Data           1  main.o(.bss..L_MergedGlobals)
    v_d                                      0x24000018   Data           4  main.o(.bss..L_MergedGlobals)
    state                                    0x2400001c   Data           4  main.o(.bss..L_MergedGlobals)
    mech_angle_rad                           0x24000020   Data           4  main.o(.bss..L_MergedGlobals)
    elec_angle_rad                           0x24000024   Data           4  main.o(.bss..L_MergedGlobals)
    elec_angle_deg                           0x24000028   Data           4  main.o(.bss..L_MergedGlobals)
    mech_angle_deg                           0x2400002c   Data           4  main.o(.bss..L_MergedGlobals)
    i1                                       0x24000030   Data           4  main.o(.bss..L_MergedGlobals)
    i2                                       0x24000034   Data           4  main.o(.bss..L_MergedGlobals)
    i3                                       0x24000038   Data           4  main.o(.bss..L_MergedGlobals)
    v_alpha                                  0x2400003c   Data           4  main.o(.bss..L_MergedGlobals)
    v_beta                                   0x24000040   Data           4  main.o(.bss..L_MergedGlobals)
    hall_sensor                              0x24000048   Data           8  sensor.o(.bss..L_MergedGlobals)
    encoder                                  0x24000050   Data          28  sensor.o(.bss..L_MergedGlobals)
    hadc1                                    0x2400007c   Data         112  adc.o(.bss.hadc1)
    hadc2                                    0x240000ec   Data         112  adc.o(.bss.hadc2)
    hdma_usart1_rx                           0x2400015c   Data         120  usart.o(.bss.hdma_usart1_rx)
    hdma_usart1_tx                           0x240001d4   Data         120  usart.o(.bss.hdma_usart1_tx)
    htim1                                    0x2400024c   Data          76  tim.o(.bss.htim1)
    htim2                                    0x24000298   Data          76  tim.o(.bss.htim2)
    htim3                                    0x240002e4   Data          76  tim.o(.bss.htim3)
    htim4                                    0x24000330   Data          76  tim.o(.bss.htim4)
    htim6                                    0x2400037c   Data          76  tim.o(.bss.htim6)
    huart1                                   0x240003c8   Data         148  usart.o(.bss.huart1)



==============================================================================

Memory Map of the image

  Image Entry point : 0x080002cd

  Load Region LR_IROM1 (Base: 0x08000000, Size: 0x0000c0ac, Max: 0x00100000, ABSOLUTE)

    Execution Region ER_IROM1 (Exec base: 0x08000000, Load base: 0x08000000, Size: 0x0000c084, Max: 0x00100000, ABSOLUTE)

    Exec Addr    Load Addr    Size         Type   Attr      Idx    E Section Name        Object

    0x08000000   0x08000000   0x000002cc   Data   RO            3    RESET               startup_stm32h723xx.o
    0x080002cc   0x080002cc   0x00000000   Code   RO         3602  * .ARM.Collect$$$$00000000  mc_w.l(entry.o)
    0x080002cc   0x080002cc   0x00000004   Code   RO         3653    .ARM.Collect$$$$00000001  mc_w.l(entry2.o)
    0x080002d0   0x080002d0   0x00000004   Code   RO         3656    .ARM.Collect$$$$00000004  mc_w.l(entry5.o)
    0x080002d4   0x080002d4   0x00000000   Code   RO         3658    .ARM.Collect$$$$00000008  mc_w.l(entry7b.o)
    0x080002d4   0x080002d4   0x00000000   Code   RO         3660    .ARM.Collect$$$$0000000A  mc_w.l(entry8b.o)
    0x080002d4   0x080002d4   0x00000008   Code   RO         3661    .ARM.Collect$$$$0000000B  mc_w.l(entry9a.o)
    0x080002dc   0x080002dc   0x00000000   Code   RO         3663    .ARM.Collect$$$$0000000D  mc_w.l(entry10a.o)
    0x080002dc   0x080002dc   0x00000000   Code   RO         3665    .ARM.Collect$$$$0000000F  mc_w.l(entry11a.o)
    0x080002dc   0x080002dc   0x00000004   Code   RO         3654    .ARM.Collect$$$$00002712  mc_w.l(entry2.o)
    0x080002e0   0x080002e0   0x0000002c   Code   RO            4    .text               startup_stm32h723xx.o
    0x0800030c   0x0800030c   0x00000062   Code   RO         3605    .text               mc_w.l(uldiv.o)
    0x0800036e   0x0800036e   0x00000024   Code   RO         3611    .text               mc_w.l(memseta.o)
    0x08000392   0x08000392   0x0000001e   Code   RO         3667    .text               mc_w.l(llshl.o)
    0x080003b0   0x080003b0   0x00000020   Code   RO         3669    .text               mc_w.l(llushr.o)
    0x080003d0   0x080003d0   0x00000000   Code   RO         3678    .text               mc_w.l(iusefp.o)
    0x080003d0   0x080003d0   0x00000052   Code   RO         3679    .text               mf_w.l(frem.o)
    0x08000422   0x08000422   0x00000002   PAD
    0x08000424   0x08000424   0x00000024   Code   RO         3683    .text               mc_w.l(init.o)
    0x08000448   0x08000448   0x0000006e   Code   RO         3685    .text               mf_w.l(fepilogue.o)
    0x080004b6   0x080004b6   0x00000002   PAD
    0x080004b8   0x080004b8   0x00000100   Code   RO          197    .text.ADC_ConfigureBoostMode  stm32h7xx_hal_adc.o
    0x080005b8   0x080005b8   0x00000050   Code   RO         1726    .text.ADC_Driver_GetCurrents_1  adc_driver.o
    0x08000608   0x08000608   0x00000050   Code   RO         1728    .text.ADC_Driver_GetCurrents_2  adc_driver.o
    0x08000658   0x08000658   0x00000022   Code   RO         1730    .text.ADC_Driver_GetCurrents_3  adc_driver.o
    0x0800067a   0x0800067a   0x00000006   PAD
    0x08000680   0x08000680   0x0000001e   Code   RO         1722    .text.ADC_Driver_Init  adc_driver.o
    0x0800069e   0x0800069e   0x00000002   PAD
    0x080006a0   0x080006a0   0x000000ae   Code   RO          209    .text.ADC_Enable    stm32h7xx_hal_adc.o
    0x0800074e   0x0800074e   0x00000002   PAD
    0x08000750   0x08000750   0x0000001e   Code   RO          165    .text.ADC_IRQHandler  stm32h7xx_it.o
    0x0800076e   0x0800076e   0x00000002   PAD
    0x08000770   0x08000770   0x00000002   Code   RO          147    .text.BusFault_Handler  stm32h7xx_it.o
    0x08000772   0x08000772   0x00000006   PAD
    0x08000778   0x08000778   0x0000000c   Code   RO          161    .text.DMA1_Stream0_IRQHandler  stm32h7xx_it.o
    0x08000784   0x08000784   0x00000004   PAD
    0x08000788   0x08000788   0x0000000c   Code   RO          163    .text.DMA1_Stream1_IRQHandler  stm32h7xx_it.o
    0x08000794   0x08000794   0x00000004   PAD
    0x08000798   0x08000798   0x00000128   Code   RO          544    .text.DMA_CalcBaseAndBitshift  stm32h7xx_hal_dma.o
    0x080008c0   0x080008c0   0x00000312   Code   RO          550    .text.DMA_SetConfig  stm32h7xx_hal_dma.o
    0x08000bd2   0x08000bd2   0x00000006   PAD
    0x08000bd8   0x08000bd8   0x00000002   Code   RO          153    .text.DebugMon_Handler  stm32h7xx_it.o
    0x08000bda   0x08000bda   0x00000006   PAD
    0x08000be0   0x08000be0   0x000000f4   Code   RO         1697    .text.Encoder_CalibrateWithZ  sensor.o
    0x08000cd4   0x08000cd4   0x00000004   PAD
    0x08000cd8   0x08000cd8   0x0000009c   Code   RO         1699    .text.Encoder_CheckSyncWithHall  sensor.o
    0x08000d74   0x08000d74   0x00000004   PAD
    0x08000d78   0x08000d78   0x0000003a   Code   RO         1691    .text.Encoder_Init  sensor.o
    0x08000db2   0x08000db2   0x00000006   PAD
    0x08000db8   0x08000db8   0x0000000c   Code   RO         1707    .text.Encoder_IsCalibrated  sensor.o
    0x08000dc4   0x08000dc4   0x00000004   PAD
    0x08000dc8   0x08000dc8   0x00000144   Code   RO         1695    .text.Encoder_SyncWithHall  sensor.o
    0x08000f0c   0x08000f0c   0x00000004   PAD
    0x08000f10   0x08000f10   0x000000b4   Code   RO         1693    .text.Encoder_Update  sensor.o
    0x08000fc4   0x08000fc4   0x00000004   PAD
    0x08000fc8   0x08000fc8   0x00000006   Code   RO           19    .text.Error_Handler  main.o
    0x08000fce   0x08000fce   0x00000002   PAD
    0x08000fd0   0x08000fd0   0x0000002c   Code   RO         1667    .text.ExitRun0Mode  system_stm32h7xx.o
    0x08000ffc   0x08000ffc   0x00000004   PAD
    0x08001000   0x08001000   0x00000048   Code   RO         1745    .text.FOC_InvPark   foc_transform.o
    0x08001048   0x08001048   0x0000000e   Code   RO         1709    .text.GetSmoothElectricalAngle  sensor.o
    0x08001056   0x08001056   0x00000002   PAD
    0x08001058   0x08001058   0x0000000e   Code   RO         1711    .text.GetSmoothMechanicalAngle  sensor.o
    0x08001066   0x08001066   0x00000002   PAD
    0x08001068   0x08001068   0x0000002c   Code   RO          313    .text.HAL_ADCEx_DisableInjectedQueue  stm32h7xx_hal_adc_ex.o
    0x08001094   0x08001094   0x00000004   PAD
    0x08001098   0x08001098   0x00000002   Code   RO          297    .text.HAL_ADCEx_EndOfSamplingCallback  stm32h7xx_hal_adc_ex.o
    0x0800109a   0x0800109a   0x00000006   PAD
    0x080010a0   0x080010a0   0x00000858   Code   RO          307    .text.HAL_ADCEx_InjectedConfigChannel  stm32h7xx_hal_adc_ex.o
    0x080018f8   0x080018f8   0x0000003c   Code   RO         1724    .text.HAL_ADCEx_InjectedConvCpltCallback  adc_driver.o
    0x08001934   0x08001934   0x00000004   PAD
    0x08001938   0x08001938   0x00000034   Code   RO          287    .text.HAL_ADCEx_InjectedGetValue  stm32h7xx_hal_adc_ex.o
    0x0800196c   0x0800196c   0x00000004   PAD
    0x08001970   0x08001970   0x00000002   Code   RO          291    .text.HAL_ADCEx_InjectedQueueOverflowCallback  stm32h7xx_hal_adc_ex.o
    0x08001972   0x08001972   0x00000006   PAD
    0x08001978   0x08001978   0x0000011c   Code   RO          277    .text.HAL_ADCEx_InjectedStart_IT  stm32h7xx_hal_adc_ex.o
    0x08001a94   0x08001a94   0x00000004   PAD
    0x08001a98   0x08001a98   0x00000002   Code   RO          293    .text.HAL_ADCEx_LevelOutOfWindow2Callback  stm32h7xx_hal_adc_ex.o
    0x08001a9a   0x08001a9a   0x00000006   PAD
    0x08001aa0   0x08001aa0   0x00000002   Code   RO          295    .text.HAL_ADCEx_LevelOutOfWindow3Callback  stm32h7xx_hal_adc_ex.o
    0x08001aa2   0x08001aa2   0x00000006   PAD
    0x08001aa8   0x08001aa8   0x000000b8   Code   RO          309    .text.HAL_ADCEx_MultiModeConfigChannel  stm32h7xx_hal_adc_ex.o
    0x08001b60   0x08001b60   0x00000002   Code   RO          235    .text.HAL_ADC_ConvCpltCallback  stm32h7xx_hal_adc.o
    0x08001b62   0x08001b62   0x00000006   PAD
    0x08001b68   0x08001b68   0x00000002   Code   RO          239    .text.HAL_ADC_ErrorCallback  stm32h7xx_hal_adc.o
    0x08001b6a   0x08001b6a   0x00000006   PAD
    0x08001b70   0x08001b70   0x000002ba   Code   RO          233    .text.HAL_ADC_IRQHandler  stm32h7xx_hal_adc.o
    0x08001e2a   0x08001e2a   0x00000006   PAD
    0x08001e30   0x08001e30   0x00000310   Code   RO          193    .text.HAL_ADC_Init  stm32h7xx_hal_adc.o
    0x08002140   0x08002140   0x00000002   Code   RO          237    .text.HAL_ADC_LevelOutOfWindowCallback  stm32h7xx_hal_adc.o
    0x08002142   0x08002142   0x00000006   PAD
    0x08002148   0x08002148   0x000000e0   Code   RO           57    .text.HAL_ADC_MspInit  adc.o
    0x08002228   0x08002228   0x0000052e   Code   RO          554    .text.HAL_DMA_Abort  stm32h7xx_hal_dma.o
    0x08002756   0x08002756   0x00000002   PAD
    0x08002758   0x08002758   0x000002ba   Code   RO          556    .text.HAL_DMA_Abort_IT  stm32h7xx_hal_dma.o
    0x08002a12   0x08002a12   0x00000006   PAD
    0x08002a18   0x08002a18   0x00000838   Code   RO          560    .text.HAL_DMA_IRQHandler  stm32h7xx_hal_dma.o
    0x08003250   0x08003250   0x0000065c   Code   RO          542    .text.HAL_DMA_Init  stm32h7xx_hal_dma.o
    0x080038ac   0x080038ac   0x00000004   PAD
    0x080038b0   0x080038b0   0x000003a2   Code   RO          552    .text.HAL_DMA_Start_IT  stm32h7xx_hal_dma.o
    0x08003c52   0x08003c52   0x00000006   PAD
    0x08003c58   0x08003c58   0x000001ca   Code   RO          488    .text.HAL_GPIO_Init  stm32h7xx_hal_gpio.o
    0x08003e22   0x08003e22   0x00000006   PAD
    0x08003e28   0x08003e28   0x0000000a   Code   RO          492    .text.HAL_GPIO_ReadPin  stm32h7xx_hal_gpio.o
    0x08003e32   0x08003e32   0x00000006   PAD
    0x08003e38   0x08003e38   0x0000000a   Code   RO          494    .text.HAL_GPIO_WritePin  stm32h7xx_hal_gpio.o
    0x08003e42   0x08003e42   0x00000006   PAD
    0x08003e48   0x08003e48   0x0000000c   Code   RO          840    .text.HAL_GetTick   stm32h7xx_hal.o
    0x08003e54   0x08003e54   0x00000004   PAD
    0x08003e58   0x08003e58   0x0000001a   Code   RO          838    .text.HAL_IncTick   stm32h7xx_hal.o
    0x08003e72   0x08003e72   0x00000006   PAD
    0x08003e78   0x08003e78   0x00000064   Code   RO          828    .text.HAL_Init      stm32h7xx_hal.o
    0x08003edc   0x08003edc   0x00000004   PAD
    0x08003ee0   0x08003ee0   0x0000004c   Code   RO          830    .text.HAL_InitTick  stm32h7xx_hal.o
    0x08003f2c   0x08003f2c   0x00000004   PAD
    0x08003f30   0x08003f30   0x0000005e   Code   RO          798    .text.HAL_MPU_ConfigRegion  stm32h7xx_hal_cortex.o
    0x08003f8e   0x08003f8e   0x00000002   PAD
    0x08003f90   0x08003f90   0x0000001a   Code   RO          790    .text.HAL_MPU_Disable  stm32h7xx_hal_cortex.o
    0x08003faa   0x08003faa   0x00000006   PAD
    0x08003fb0   0x08003fb0   0x00000020   Code   RO          792    .text.HAL_MPU_Enable  stm32h7xx_hal_cortex.o
    0x08003fd0   0x08003fd0   0x00000034   Code   RO          184    .text.HAL_MspInit   stm32h7xx_hal_msp.o
    0x08004004   0x08004004   0x00000004   PAD
    0x08004008   0x08004008   0x00000022   Code   RO          780    .text.HAL_NVIC_EnableIRQ  stm32h7xx_hal_cortex.o
    0x0800402a   0x0800402a   0x00000006   PAD
    0x08004030   0x08004030   0x0000005a   Code   RO          778    .text.HAL_NVIC_SetPriority  stm32h7xx_hal_cortex.o
    0x0800408a   0x0800408a   0x00000006   PAD
    0x08004090   0x08004090   0x00000020   Code   RO          776    .text.HAL_NVIC_SetPriorityGrouping  stm32h7xx_hal_cortex.o
    0x080040b0   0x080040b0   0x0000004c   Code   RO          692    .text.HAL_PWREx_ConfigSupply  stm32h7xx_hal_pwr_ex.o
    0x080040fc   0x080040fc   0x00000004   PAD
    0x08004100   0x08004100   0x00000026   Code   RO          379    .text.HAL_RCCEx_GetD3PCLK1Freq  stm32h7xx_hal_rcc_ex.o
    0x08004126   0x08004126   0x00000002   PAD
    0x08004128   0x08004128   0x00000134   Code   RO          373    .text.HAL_RCCEx_GetPLL1ClockFreq  stm32h7xx_hal_rcc_ex.o
    0x0800425c   0x0800425c   0x00000004   PAD
    0x08004260   0x08004260   0x0000012c   Code   RO          375    .text.HAL_RCCEx_GetPLL2ClockFreq  stm32h7xx_hal_rcc_ex.o
    0x0800438c   0x0800438c   0x00000004   PAD
    0x08004390   0x08004390   0x0000012c   Code   RO          377    .text.HAL_RCCEx_GetPLL3ClockFreq  stm32h7xx_hal_rcc_ex.o
    0x080044bc   0x080044bc   0x00000004   PAD
    0x080044c0   0x080044c0   0x00000402   Code   RO          371    .text.HAL_RCCEx_GetPeriphCLKFreq  stm32h7xx_hal_rcc_ex.o
    0x080048c2   0x080048c2   0x00000006   PAD
    0x080048c8   0x080048c8   0x00000aa8   Code   RO          363    .text.HAL_RCCEx_PeriphCLKConfig  stm32h7xx_hal_rcc_ex.o
    0x08005370   0x08005370   0x00000268   Code   RO          331    .text.HAL_RCC_ClockConfig  stm32h7xx_hal_rcc.o
    0x080055d8   0x080055d8   0x0000004c   Code   RO          341    .text.HAL_RCC_GetHCLKFreq  stm32h7xx_hal_rcc.o
    0x08005624   0x08005624   0x00000004   PAD
    0x08005628   0x08005628   0x00000060   Code   RO          343    .text.HAL_RCC_GetPCLK1Freq  stm32h7xx_hal_rcc.o
    0x08005688   0x08005688   0x00000060   Code   RO          345    .text.HAL_RCC_GetPCLK2Freq  stm32h7xx_hal_rcc.o
    0x080056e8   0x080056e8   0x00000118   Code   RO          333    .text.HAL_RCC_GetSysClockFreq  stm32h7xx_hal_rcc.o
    0x08005800   0x08005800   0x00000518   Code   RO          329    .text.HAL_RCC_OscConfig  stm32h7xx_hal_rcc.o
    0x08005d18   0x08005d18   0x0000002e   Code   RO          788    .text.HAL_SYSTICK_Config  stm32h7xx_hal_cortex.o
    0x08005d46   0x08005d46   0x00000002   PAD
    0x08005d48   0x08005d48   0x00000002   Code   RO         1463    .text.HAL_TIMEx_Break2Callback  stm32h7xx_hal_tim_ex.o
    0x08005d4a   0x08005d4a   0x00000006   PAD
    0x08005d50   0x08005d50   0x00000002   Code   RO         1461    .text.HAL_TIMEx_BreakCallback  stm32h7xx_hal_tim_ex.o
    0x08005d52   0x08005d52   0x00000006   PAD
    0x08005d58   0x08005d58   0x00000002   Code   RO         1457    .text.HAL_TIMEx_CommutCallback  stm32h7xx_hal_tim_ex.o
    0x08005d5a   0x08005d5a   0x00000006   PAD
    0x08005d60   0x08005d60   0x000000c6   Code   RO         1443    .text.HAL_TIMEx_ConfigBreakDeadTime  stm32h7xx_hal_tim_ex.o
    0x08005e26   0x08005e26   0x00000002   PAD
    0x08005e28   0x08005e28   0x000000d4   Code   RO         1375    .text.HAL_TIMEx_HallSensor_Init  stm32h7xx_hal_tim_ex.o
    0x08005efc   0x08005efc   0x00000004   PAD
    0x08005f00   0x08005f00   0x00000078   Code   RO          101    .text.HAL_TIMEx_HallSensor_MspInit  tim.o
    0x08005f78   0x08005f78   0x000000fa   Code   RO         1387    .text.HAL_TIMEx_HallSensor_Start_IT  stm32h7xx_hal_tim_ex.o
    0x08006072   0x08006072   0x00000006   PAD
    0x08006078   0x08006078   0x000000da   Code   RO         1441    .text.HAL_TIMEx_MasterConfigSynchronization  stm32h7xx_hal_tim_ex.o
    0x08006152   0x08006152   0x00000006   PAD
    0x08006158   0x08006158   0x00000140   Code   RO         1411    .text.HAL_TIMEx_PWMN_Start  stm32h7xx_hal_tim_ex.o
    0x08006298   0x08006298   0x00000060   Code   RO         1146    .text.HAL_TIM_Base_Init  stm32h7xx_hal_tim.o
    0x080062f8   0x080062f8   0x00000150   Code   RO           97    .text.HAL_TIM_Base_MspInit  tim.o
    0x08006448   0x08006448   0x000000dc   Code   RO         1160    .text.HAL_TIM_Base_Start_IT  stm32h7xx_hal_tim.o
    0x08006524   0x08006524   0x00000004   PAD
    0x08006528   0x08006528   0x000002b8   Code   RO         1326    .text.HAL_TIM_ConfigClockSource  stm32h7xx_hal_tim.o
    0x080067e0   0x080067e0   0x000000b8   Code   RO         1260    .text.HAL_TIM_Encoder_Init  stm32h7xx_hal_tim.o
    0x08006898   0x08006898   0x00000064   Code   RO           99    .text.HAL_TIM_Encoder_MspInit  tim.o
    0x080068fc   0x080068fc   0x00000004   PAD
    0x08006900   0x08006900   0x000000bc   Code   RO         1268    .text.HAL_TIM_Encoder_Start  stm32h7xx_hal_tim.o
    0x080069bc   0x080069bc   0x00000004   PAD
    0x080069c0   0x080069c0   0x0000004c   Code   RO           13    .text.HAL_TIM_IC_CaptureCallback  main.o
    0x08006a0c   0x08006a0c   0x00000004   PAD
    0x08006a10   0x08006a10   0x00000156   Code   RO         1296    .text.HAL_TIM_IC_ConfigChannel  stm32h7xx_hal_tim.o
    0x08006b66   0x08006b66   0x00000002   PAD
    0x08006b68   0x08006b68   0x00000060   Code   RO         1220    .text.HAL_TIM_IC_Init  stm32h7xx_hal_tim.o
    0x08006bc8   0x08006bc8   0x00000002   Code   RO         1222    .text.HAL_TIM_IC_MspInit  stm32h7xx_hal_tim.o
    0x08006bca   0x08006bca   0x00000006   PAD
    0x08006bd0   0x08006bd0   0x0000022c   Code   RO         1232    .text.HAL_TIM_IC_Start_IT  stm32h7xx_hal_tim.o
    0x08006dfc   0x08006dfc   0x00000004   PAD
    0x08006e00   0x08006e00   0x0000016c   Code   RO         1280    .text.HAL_TIM_IRQHandler  stm32h7xx_hal_tim.o
    0x08006f6c   0x08006f6c   0x00000004   PAD
    0x08006f70   0x08006f70   0x00000002   Code   RO         1284    .text.HAL_TIM_OC_DelayElapsedCallback  stm32h7xx_hal_tim.o
    0x08006f72   0x08006f72   0x00000006   PAD
    0x08006f78   0x08006f78   0x000004ca   Code   RO         1300    .text.HAL_TIM_PWM_ConfigChannel  stm32h7xx_hal_tim.o
    0x08007442   0x08007442   0x00000006   PAD
    0x08007448   0x08007448   0x00000060   Code   RO         1200    .text.HAL_TIM_PWM_Init  stm32h7xx_hal_tim.o
    0x080074a8   0x080074a8   0x00000002   Code   RO         1202    .text.HAL_TIM_PWM_MspInit  stm32h7xx_hal_tim.o
    0x080074aa   0x080074aa   0x00000006   PAD
    0x080074b0   0x080074b0   0x00000002   Code   RO         1286    .text.HAL_TIM_PWM_PulseFinishedCallback  stm32h7xx_hal_tim.o
    0x080074b2   0x080074b2   0x00000006   PAD
    0x080074b8   0x080074b8   0x0000019c   Code   RO         1208    .text.HAL_TIM_PWM_Start  stm32h7xx_hal_tim.o
    0x08007654   0x08007654   0x00000004   PAD
    0x08007658   0x08007658   0x00000130   Code   RO           11    .text.HAL_TIM_PeriodElapsedCallback  main.o
    0x08007788   0x08007788   0x00000002   Code   RO         1290    .text.HAL_TIM_TriggerCallback  stm32h7xx_hal_tim.o
    0x0800778a   0x0800778a   0x00000006   PAD
    0x08007790   0x08007790   0x00000036   Code   RO         1640    .text.HAL_UARTEx_DisableFifoMode  stm32h7xx_hal_uart_ex.o
    0x080077c6   0x080077c6   0x00000002   PAD
    0x080077c8   0x080077c8   0x00000002   Code   RO         1567    .text.HAL_UARTEx_RxEventCallback  stm32h7xx_hal_uart.o
    0x080077ca   0x080077ca   0x00000006   PAD
    0x080077d0   0x080077d0   0x00000002   Code   RO         1626    .text.HAL_UARTEx_RxFifoFullCallback  stm32h7xx_hal_uart_ex.o
    0x080077d2   0x080077d2   0x00000006   PAD
    0x080077d8   0x080077d8   0x00000090   Code   RO         1644    .text.HAL_UARTEx_SetRxFifoThreshold  stm32h7xx_hal_uart_ex.o
    0x08007868   0x08007868   0x00000090   Code   RO         1642    .text.HAL_UARTEx_SetTxFifoThreshold  stm32h7xx_hal_uart_ex.o
    0x080078f8   0x080078f8   0x00000002   Code   RO         1628    .text.HAL_UARTEx_TxFifoEmptyCallback  stm32h7xx_hal_uart_ex.o
    0x080078fa   0x080078fa   0x00000006   PAD
    0x08007900   0x08007900   0x00000002   Code   RO         1624    .text.HAL_UARTEx_WakeupCallback  stm32h7xx_hal_uart_ex.o
    0x08007902   0x08007902   0x00000006   PAD
    0x08007908   0x08007908   0x00000002   Code   RO         1565    .text.HAL_UART_ErrorCallback  stm32h7xx_hal_uart.o
    0x0800790a   0x0800790a   0x00000006   PAD
    0x08007910   0x08007910   0x0000076a   Code   RO         1561    .text.HAL_UART_IRQHandler  stm32h7xx_hal_uart.o
    0x0800807a   0x0800807a   0x00000006   PAD
    0x08008080   0x08008080   0x00000068   Code   RO         1477    .text.HAL_UART_Init  stm32h7xx_hal_uart.o
    0x080080e8   0x080080e8   0x00000114   Code   RO          126    .text.HAL_UART_MspInit  usart.o
    0x080081fc   0x080081fc   0x00000004   PAD
    0x08008200   0x08008200   0x000001e8   Code   RO         1525    .text.HAL_UART_Receive_DMA  stm32h7xx_hal_uart.o
    0x080083e8   0x080083e8   0x00000014   Code   RO         1789    .text.HAL_UART_RxCpltCallback  uart_dma_lib.o
    0x080083fc   0x080083fc   0x00000004   PAD
    0x08008400   0x08008400   0x00000014   Code   RO         1787    .text.HAL_UART_RxHalfCpltCallback  uart_dma_lib.o
    0x08008414   0x08008414   0x00000004   PAD
    0x08008418   0x08008418   0x000000d4   Code   RO         1517    .text.HAL_UART_Transmit_DMA  stm32h7xx_hal_uart.o
    0x080084ec   0x080084ec   0x00000004   PAD
    0x080084f0   0x080084f0   0x00000094   Code   RO         1785    .text.HAL_UART_TxCpltCallback  uart_dma_lib.o
    0x08008584   0x08008584   0x00000004   PAD
    0x08008588   0x08008588   0x00000002   Code   RO         1571    .text.HAL_UART_TxHalfCpltCallback  stm32h7xx_hal_uart.o
    0x0800858a   0x0800858a   0x00000006   PAD
    0x08008590   0x08008590   0x00000004   Code   RO         1683    .text.HallSensor_Update  sensor.o
    0x08008594   0x08008594   0x00000004   PAD
    0x08008598   0x08008598   0x0000000c   Code   RO         1689    .text.Hall_GetStep  sensor.o
    0x080085a4   0x080085a4   0x00000004   PAD
    0x080085a8   0x080085a8   0x000000b8   Code   RO         1681    .text.Hall_Update_Internal  sensor.o
    0x08008660   0x08008660   0x00000002   Code   RO          143    .text.HardFault_Handler  stm32h7xx_it.o
    0x08008662   0x08008662   0x00000006   PAD
    0x08008668   0x08008668   0x000000c6   Code   RO           53    .text.MX_ADC1_Init  adc.o
    0x0800872e   0x0800872e   0x00000002   PAD
    0x08008730   0x08008730   0x0000009a   Code   RO           55    .text.MX_ADC2_Init  adc.o
    0x080087ca   0x080087ca   0x00000006   PAD
    0x080087d0   0x080087d0   0x00000044   Code   RO           72    .text.MX_DMA_Init   dma.o
    0x08008814   0x08008814   0x00000004   PAD
    0x08008818   0x08008818   0x000000aa   Code   RO           44    .text.MX_GPIO_Init  gpio.o
    0x080088c2   0x080088c2   0x00000006   PAD
    0x080088c8   0x080088c8   0x000000b0   Code   RO           95    .text.MX_TIM12_Init  tim.o
    0x08008978   0x08008978   0x00000178   Code   RO           81    .text.MX_TIM1_Init  tim.o
    0x08008af0   0x08008af0   0x0000006e   Code   RO           85    .text.MX_TIM2_Init  tim.o
    0x08008b5e   0x08008b5e   0x00000002   PAD
    0x08008b60   0x08008b60   0x0000006a   Code   RO           87    .text.MX_TIM3_Init  tim.o
    0x08008bca   0x08008bca   0x00000006   PAD
    0x08008bd0   0x08008bd0   0x0000005a   Code   RO           89    .text.MX_TIM4_Init  tim.o
    0x08008c2a   0x08008c2a   0x00000006   PAD
    0x08008c30   0x08008c30   0x00000074   Code   RO           91    .text.MX_TIM5_Init  tim.o
    0x08008ca4   0x08008ca4   0x00000004   PAD
    0x08008ca8   0x08008ca8   0x0000004c   Code   RO           93    .text.MX_TIM6_Init  tim.o
    0x08008cf4   0x08008cf4   0x00000004   PAD
    0x08008cf8   0x08008cf8   0x0000007c   Code   RO          124    .text.MX_USART1_UART_Init  usart.o
    0x08008d74   0x08008d74   0x00000004   PAD
    0x08008d78   0x08008d78   0x00000002   Code   RO          145    .text.MemManage_Handler  stm32h7xx_it.o
    0x08008d7a   0x08008d7a   0x00000006   PAD
    0x08008d80   0x08008d80   0x00000002   Code   RO          141    .text.NMI_Handler   stm32h7xx_it.o
    0x08008d82   0x08008d82   0x00000006   PAD
    0x08008d88   0x08008d88   0x00000060   Code   RO         1802    .text.PID_Init      pid.o
    0x08008de8   0x08008de8   0x00000002   Code   RO          155    .text.PendSV_Handler  stm32h7xx_it.o
    0x08008dea   0x08008dea   0x00000006   PAD
    0x08008df0   0x08008df0   0x00000122   Code   RO          365    .text.RCCEx_PLL2_Config  stm32h7xx_hal_rcc_ex.o
    0x08008f12   0x08008f12   0x00000006   PAD
    0x08008f18   0x08008f18   0x00000122   Code   RO          367    .text.RCCEx_PLL3_Config  stm32h7xx_hal_rcc_ex.o
    0x0800903a   0x0800903a   0x00000006   PAD
    0x08009040   0x08009040   0x00000002   Code   RO          159    .text.RCC_IRQHandler  stm32h7xx_it.o
    0x08009042   0x08009042   0x00000006   PAD
    0x08009048   0x08009048   0x00000002   Code   RO          151    .text.SVC_Handler   stm32h7xx_it.o
    0x0800904a   0x0800904a   0x00000006   PAD
    0x08009050   0x08009050   0x0000001a   Code   RO         1757    .text.SVPWM_Init    svpwm.o
    0x0800906a   0x0800906a   0x00000006   PAD
    0x08009070   0x08009070   0x00000044   Code   RO         1761    .text.SVPWM_Start   svpwm.o
    0x080090b4   0x080090b4   0x00000004   PAD
    0x080090b8   0x080090b8   0x00000304   Code   RO         1759    .text.SVPWM_Update  svpwm.o
    0x080093bc   0x080093bc   0x00000004   PAD
    0x080093c0   0x080093c0   0x00000016   Code   RO         1679    .text.Sensor_Init   sensor.o
    0x080093d6   0x080093d6   0x00000002   PAD
    0x080093d8   0x080093d8   0x00000004   Code   RO          157    .text.SysTick_Handler  stm32h7xx_it.o
    0x080093dc   0x080093dc   0x00000004   PAD
    0x080093e0   0x080093e0   0x000000c4   Code   RO           17    .text.SystemClock_Config  main.o
    0x080094a4   0x080094a4   0x00000004   PAD
    0x080094a8   0x080094a8   0x000000d2   Code   RO         1663    .text.SystemInit    system_stm32h7xx.o
    0x0800957a   0x0800957a   0x00000006   PAD
    0x08009580   0x08009580   0x0000000c   Code   RO          167    .text.TIM2_IRQHandler  stm32h7xx_it.o
    0x0800958c   0x0800958c   0x00000004   PAD
    0x08009590   0x08009590   0x0000000c   Code   RO          169    .text.TIM4_IRQHandler  stm32h7xx_it.o
    0x0800959c   0x0800959c   0x00000004   PAD
    0x080095a0   0x080095a0   0x0000000c   Code   RO          175    .text.TIM5_IRQHandler  stm32h7xx_it.o
    0x080095ac   0x080095ac   0x00000004   PAD
    0x080095b0   0x080095b0   0x0000000c   Code   RO          173    .text.TIM8_BRK_TIM12_IRQHandler  stm32h7xx_it.o
    0x080095bc   0x080095bc   0x00000004   PAD
    0x080095c0   0x080095c0   0x00000178   Code   RO         1150    .text.TIM_Base_SetConfig  stm32h7xx_hal_tim.o
    0x08009738   0x08009738   0x0000001e   Code   RO         1184    .text.TIM_CCxChannelCmd  stm32h7xx_hal_tim.o
    0x08009756   0x08009756   0x00000002   PAD
    0x08009758   0x08009758   0x000000ac   Code   RO         1294    .text.TIM_OC2_SetConfig  stm32h7xx_hal_tim.o
    0x08009804   0x08009804   0x00000004   PAD
    0x08009808   0x08009808   0x0000012a   Code   RO         1298    .text.TIM_TI1_SetConfig  stm32h7xx_hal_tim.o
    0x08009932   0x08009932   0x00000006   PAD
    0x08009938   0x08009938   0x000000e0   Code   RO         1481    .text.UART_AdvFeatureConfig  stm32h7xx_hal_uart.o
    0x08009a18   0x08009a18   0x00000176   Code   RO         1485    .text.UART_CheckIdleState  stm32h7xx_hal_uart.o
    0x08009b8e   0x08009b8e   0x00000002   PAD
    0x08009b90   0x08009b90   0x00000006   Code   RO         1563    .text.UART_DMAAbortOnError  stm32h7xx_hal_uart.o
    0x08009b96   0x08009b96   0x00000002   PAD
    0x08009b98   0x08009b98   0x000001ea   Code   RO         1523    .text.UART_DMAError  stm32h7xx_hal_uart.o
    0x08009d82   0x08009d82   0x00000006   PAD
    0x08009d88   0x08009d88   0x00000272   Code   RO         1607    .text.UART_DMAReceiveCplt  stm32h7xx_hal_uart.o
    0x08009ffa   0x08009ffa   0x00000006   PAD
    0x0800a000   0x0800a000   0x00000112   Code   RO         1609    .text.UART_DMARxHalfCplt  stm32h7xx_hal_uart.o
    0x0800a112   0x0800a112   0x00000006   PAD
    0x0800a118   0x0800a118   0x000000ba   Code   RO         1519    .text.UART_DMATransmitCplt  stm32h7xx_hal_uart.o
    0x0800a1d2   0x0800a1d2   0x00000006   PAD
    0x0800a1d8   0x0800a1d8   0x00000006   Code   RO         1521    .text.UART_DMATxHalfCplt  stm32h7xx_hal_uart.o
    0x0800a1de   0x0800a1de   0x00000002   PAD
    0x0800a1e0   0x0800a1e0   0x00000004   Code   RO         1781    .text.UART_DMA_IDLE_Handler  uart_dma_lib.o
    0x0800a1e4   0x0800a1e4   0x00000004   PAD
    0x0800a1e8   0x0800a1e8   0x00000026   Code   RO         1779    .text.UART_DMA_Init  uart_dma_lib.o
    0x0800a20e   0x0800a20e   0x00000002   PAD
    0x0800a210   0x0800a210   0x000000a0   Code   RO         1775    .text.UART_DMA_SendString  uart_dma_lib.o
    0x0800a2b0   0x0800a2b0   0x000004d4   Code   RO         1483    .text.UART_SetConfig  stm32h7xx_hal_uart.o
    0x0800a784   0x0800a784   0x00000004   PAD
    0x0800a788   0x0800a788   0x00000358   Code   RO         1499    .text.UART_WaitOnFlagUntilTimeout  stm32h7xx_hal_uart.o
    0x0800aae0   0x0800aae0   0x0000002a   Code   RO          171    .text.USART1_IRQHandler  stm32h7xx_it.o
    0x0800ab0a   0x0800ab0a   0x00000006   PAD
    0x0800ab10   0x0800ab10   0x00000002   Code   RO          149    .text.UsageFault_Handler  stm32h7xx_it.o
    0x0800ab12   0x0800ab12   0x00000006   PAD
    0x0800ab18   0x0800ab18   0x00000368   Code   RO         2427    .text.arm_atan2_f32  fastmathfunctions.o
    0x0800ae80   0x0800ae80   0x0000008c   Code   RO         2395    .text.arm_cos_f32   fastmathfunctions.o
    0x0800af0c   0x0800af0c   0x00000004   PAD
    0x0800af10   0x0800af10   0x00000088   Code   RO         2401    .text.arm_sin_f32   fastmathfunctions.o
    0x0800af98   0x0800af98   0x00000114   Code   RO           15    .text.main          main.o
    0x0800b0ac   0x0800b0ac   0x00000004   PAD
    0x0800b0b0   0x0800b0b0   0x000002fe   Code   RO         1783    .text.usart_rx_check  uart_dma_lib.o
    0x0800b3ae   0x0800b3ae   0x00000026   Code   RO         3631    i.__ARM_fpclassifyf  m_wv.l(fpclassifyf.o)
    0x0800b3d4   0x0800b3d4   0x000000b0   Code   RO         3563    i.__hardfp_fmodf    m_wv.l(fmodf.o)
    0x0800b484   0x0800b484   0x00000190   Code   RO         3590    i.__hardfp_sinf     m_wv.l(sinf.o)
    0x0800b614   0x0800b614   0x00000006   Code   RO         3634    i.__mathlib_flt_infnan  m_wv.l(funder.o)
    0x0800b61a   0x0800b61a   0x00000002   PAD
    0x0800b61c   0x0800b61c   0x00000010   Code   RO         3636    i.__mathlib_flt_invalid  m_wv.l(funder.o)
    0x0800b62c   0x0800b62c   0x00000010   Code   RO         3639    i.__mathlib_flt_underflow  m_wv.l(funder.o)
    0x0800b63c   0x0800b63c   0x00000154   Code   RO         3650    i.__mathlib_rredf2  m_wv.l(rredf.o)
    0x0800b790   0x0800b790   0x0000000e   Code   RO         3689    i.__scatterload_copy  mc_w.l(handlers.o)
    0x0800b79e   0x0800b79e   0x00000002   Code   RO         3690    i.__scatterload_null  mc_w.l(handlers.o)
    0x0800b7a0   0x0800b7a0   0x0000000e   Code   RO         3691    i.__scatterload_zeroinit  mc_w.l(handlers.o)
    0x0800b7ae   0x0800b7ae   0x00000002   PAD
    0x0800b7b0   0x0800b7b0   0x0000000c   Code   RO         3673    i.__set_errno       mc_w.l(errno.o)
    0x0800b7bc   0x0800b7bc   0x00000020   Data   RO         3651    .constdata          m_wv.l(rredf.o)
    0x0800b7dc   0x0800b7dc   0x00000006   Data   RO         1612    .rodata..Lswitch.table.UART_SetConfig.7  stm32h7xx_hal_uart.o
    0x0800b7e2   0x0800b7e2   0x00000006   Data   RO         1613    .rodata..Lswitch.table.UART_SetConfig.9  stm32h7xx_hal_uart.o
    0x0800b7e8   0x0800b7e8   0x00000010   Data   RO         1669    .rodata.D1CorePrescTable  system_stm32h7xx.o
    0x0800b7f8   0x0800b7f8   0x00000018   Data   RO         1611    .rodata.UARTPrescTable  stm32h7xx_hal_uart.o
    0x0800b810   0x0800b810   0x00000020   Data   RO         1366    .rodata.cst16       stm32h7xx_hal_tim.o
    0x0800b830   0x0800b830   0x00000010   Data   RO         1654    .rodata.cst8        stm32h7xx_hal_uart_ex.o
    0x0800b840   0x0800b840   0x00000804   Data   RO         2102    .rodata.sinTable_f32  commontables.o
    0x0800c044   0x0800c044   0x00000040   Data   RO         3688    Region$$Table       anon$$obj.o


    Execution Region RW_IRAM1 (Exec base: 0x20000000, Load base: 0x0800c088, Size: 0x00000520, Max: 0x00020000, ABSOLUTE)

    Exec Addr    Load Addr    Size         Type   Attr      Idx    E Section Name        Object

    0x20000000   0x0800c088   0x00000008   Data   RW         1670    .data..L_MergedGlobals  system_stm32h7xx.o
    0x20000008   0x0800c090   0x00000004   Data   RW           24    .data.v_q           main.o
    0x2000000c   0x0800c094   0x00000004   PAD
    0x20000010        -       0x00000014   Zero   RW         1732    .bss..L_MergedGlobals  adc_driver.o
    0x20000024        -       0x00000028   Zero   RW         1764    .bss..L_MergedGlobals.1  svpwm.o
    0x2000004c        -       0x0000004c   Zero   RW          115    .bss.htim12         tim.o
    0x20000098        -       0x0000004c   Zero   RW          113    .bss.htim5          tim.o
    0x200000e4        -       0x00000034   Zero   RW           27    .bss.pid_curent     main.o
    0x20000118        -       0x00000004   Zero   RW           26    .bss.state_Z        main.o
    0x2000011c        -       0x00000004   Zero   RW          936    .bss.uwTick         stm32h7xx_hal.o
    0x20000120        -       0x00000400   Zero   RW            1    STACK               startup_stm32h723xx.o


    Execution Region RW_IRAM2 (Exec base: 0x24000000, Load base: 0x0800c098, Size: 0x0000051c, Max: 0x00020000, ABSOLUTE)

    Exec Addr    Load Addr    Size         Type   Attr      Idx    E Section Name        Object

    0x24000000   0x0800c098   0x00000004   Data   RW         3674    .data               mc_w.l(errno.o)
    0x24000004   0x0800c09c   0x00000008   Data   RW          937    .data..L_MergedGlobals  stm32h7xx_hal.o
    0x2400000c   0x0800c0a4   0x00000008   Data   RW         1763    .data..L_MergedGlobals  svpwm.o
    0x24000014        -       0x00000034   Zero   RW           35    .bss..L_MergedGlobals  main.o
    0x24000048        -       0x00000024   Zero   RW         1713    .bss..L_MergedGlobals  sensor.o
    0x2400006c        -       0x0000000c   Zero   RW         1793    .bss..L_MergedGlobals  uart_dma_lib.o
    0x24000078        -       0x00000004   Zero   RW           63    .bss.HAL_RCC_ADC12_CLK_ENABLED  adc.o
    0x2400007c        -       0x00000070   Zero   RW           61    .bss.hadc1          adc.o
    0x240000ec        -       0x00000070   Zero   RW           62    .bss.hadc2          adc.o
    0x2400015c        -       0x00000078   Zero   RW          131    .bss.hdma_usart1_rx  usart.o
    0x240001d4        -       0x00000078   Zero   RW          132    .bss.hdma_usart1_tx  usart.o
    0x2400024c        -       0x0000004c   Zero   RW          109    .bss.htim1          tim.o
    0x24000298        -       0x0000004c   Zero   RW          110    .bss.htim2          tim.o
    0x240002e4        -       0x0000004c   Zero   RW          111    .bss.htim3          tim.o
    0x24000330        -       0x0000004c   Zero   RW          112    .bss.htim4          tim.o
    0x2400037c        -       0x0000004c   Zero   RW          114    .bss.htim6          tim.o
    0x240003c8        -       0x00000094   Zero   RW          130    .bss.huart1         usart.o
    0x2400045c        -       0x00000040   Zero   RW         1792    .bss.rx_dma_buffer  uart_dma_lib.o
    0x2400049c        -       0x00000080   Zero   RW         1791    .bss.tx_rb_data     uart_dma_lib.o


==============================================================================

Image component sizes


      Code (inc. data)   RO Data    RW Data    ZI Data      Debug   Object Name

       576          0          0          0        228      11247   adc.o
       284         32          0          0         20       5613   adc_driver.o
         0          0       2052          0          0      10713   commontables.o
        68          0          0          0          0       5400   dma.o
      1148         76          0          0          0      35453   fastmathfunctions.o
        72          0          0          0          0       1953   foc_transform.o
       170          0          0          0          0       3002   gpio.o
       858         80          0          4        108       8930   main.o
        96          0          0          0          0       2644   pid.o
      1224        100          0          0         36       5722   sensor.o
        44         12        716          0       1024        852   startup_stm32h723xx.o
       214          0          0          8          4      15898   stm32h7xx_hal.o
      1918         12          0          0          0      30770   stm32h7xx_hal_adc.o
      2708          0          0          0          0      31687   stm32h7xx_hal_adc_ex.o
       354          0          0          0          0      12481   stm32h7xx_hal_cortex.o
      7768         12          0          0          0      17862   stm32h7xx_hal_dma.o
       478          0          0          0          0       7028   stm32h7xx_hal_gpio.o
        52          0          0          0          0       5432   stm32h7xx_hal_msp.o
        76          0          0          0          0       9625   stm32h7xx_hal_pwr_ex.o
      2468         16          0          0          0      11415   stm32h7xx_hal_rcc.o
      5280        210          0          0          0      19914   stm32h7xx_hal_rcc_ex.o
      5362         36         32          0          0      65266   stm32h7xx_hal_tim.o
      1204          0          0          0          0      26700   stm32h7xx_hal_tim_ex.o
      6986        330         36          0          0      43719   stm32h7xx_hal_uart.o
       348          0         16          0          0      11587   stm32h7xx_hal_uart_ex.o
       166          0          0          0          0       9403   stm32h7xx_it.o
       866         74          0          8         40       6486   svpwm.o
       254          0         16          8          0       5716   system_stm32h7xx.o
      1606          0          0          0        532      14789   tim.o
      1156          0          0          0        204       8889   uart_dma_lib.o
       400          0          0          0        388      11486   usart.o

    ----------------------------------------------------------------------
     44834       1034       2932         28       2588     457682   Object Totals
         0          0         64          0          0          0   (incl. Generated)
       630         44          0          0          4          0   (incl. Padding)

    ----------------------------------------------------------------------

      Code (inc. data)   RO Data    RW Data    ZI Data      Debug   Library Member Name

       176          0          0          0          0        168   fmodf.o
        38          0          0          0          0        116   fpclassifyf.o
        38         12          0          0          0        348   funder.o
       340         24         32          0          0        160   rredf.o
       400         56          0          0          0        212   sinf.o
         0          0          0          0          0          0   entry.o
         0          0          0          0          0          0   entry10a.o
         0          0          0          0          0          0   entry11a.o
         8          4          0          0          0          0   entry2.o
         4          0          0          0          0          0   entry5.o
         0          0          0          0          0          0   entry7b.o
         0          0          0          0          0          0   entry8b.o
         8          4          0          0          0          0   entry9a.o
        12          6          0          4          0         68   errno.o
        30          0          0          0          0          0   handlers.o
        36          8          0          0          0         68   init.o
         0          0          0          0          0          0   iusefp.o
        30          0          0          0          0         68   llshl.o
        32          0          0          0          0         68   llushr.o
        36          0          0          0          0        108   memseta.o
        98          0          0          0          0         92   uldiv.o
       110          0          0          0          0        168   fepilogue.o
        82          0          0          0          0         96   frem.o

    ----------------------------------------------------------------------
      1486        114         32          4          0       1740   Library Totals
         8          0          0          0          0          0   (incl. Padding)

    ----------------------------------------------------------------------

      Code (inc. data)   RO Data    RW Data    ZI Data      Debug   Library Name

       992         92         32          0          0       1004   m_wv.l
       294         22          0          4          0        472   mc_w.l
       192          0          0          0          0        264   mf_w.l

    ----------------------------------------------------------------------
      1486        114         32          4          0       1740   Library Totals

    ----------------------------------------------------------------------

==============================================================================


      Code (inc. data)   RO Data    RW Data    ZI Data      Debug   

     46320       1148       2964         32       2588     458206   Grand Totals
     46320       1148       2964         32       2588     458206   ELF Image Totals
     46320       1148       2964         32          0          0   ROM Totals

==============================================================================

    Total RO  Size (Code + RO Data)                49284 (  48.13kB)
    Total RW  Size (RW Data + ZI Data)              2620 (   2.56kB)
    Total ROM Size (Code + RO Data + RW Data)      49316 (  48.16kB)

==============================================================================

