Component: Arm Compiler for Embedded 6.19 Tool: armlink [5e73cb00]

==============================================================================

Section Cross References

    startup_stm32h723xx.o(STACK) refers (Special) to heapauxi.o(.text) for __use_two_region_memory
    startup_stm32h723xx.o(HEAP) refers (Special) to heapauxi.o(.text) for __use_two_region_memory
    startup_stm32h723xx.o(RESET) refers (Special) to heapauxi.o(.text) for __use_two_region_memory
    startup_stm32h723xx.o(RESET) refers to startup_stm32h723xx.o(STACK) for __initial_sp
    startup_stm32h723xx.o(RESET) refers to startup_stm32h723xx.o(.text) for Reset_Handler
    startup_stm32h723xx.o(RESET) refers to stm32h7xx_it.o(.text.NMI_Handler) for NMI_Handler
    startup_stm32h723xx.o(RESET) refers to stm32h7xx_it.o(.text.HardFault_Handler) for HardFault_Handler
    startup_stm32h723xx.o(RESET) refers to stm32h7xx_it.o(.text.MemManage_Handler) for MemManage_Handler
    startup_stm32h723xx.o(RESET) refers to stm32h7xx_it.o(.text.BusFault_Handler) for BusFault_Handler
    startup_stm32h723xx.o(RESET) refers to stm32h7xx_it.o(.text.UsageFault_Handler) for UsageFault_Handler
    startup_stm32h723xx.o(RESET) refers to stm32h7xx_it.o(.text.SVC_Handler) for SVC_Handler
    startup_stm32h723xx.o(RESET) refers to stm32h7xx_it.o(.text.DebugMon_Handler) for DebugMon_Handler
    startup_stm32h723xx.o(RESET) refers to stm32h7xx_it.o(.text.PendSV_Handler) for PendSV_Handler
    startup_stm32h723xx.o(RESET) refers to stm32h7xx_it.o(.text.SysTick_Handler) for SysTick_Handler
    startup_stm32h723xx.o(RESET) refers to stm32h7xx_it.o(.text.RCC_IRQHandler) for RCC_IRQHandler
    startup_stm32h723xx.o(RESET) refers to stm32h7xx_it.o(.text.DMA1_Stream0_IRQHandler) for DMA1_Stream0_IRQHandler
    startup_stm32h723xx.o(RESET) refers to stm32h7xx_it.o(.text.TIM1_UP_IRQHandler) for TIM1_UP_IRQHandler
    startup_stm32h723xx.o(RESET) refers to stm32h7xx_it.o(.text.TIM2_IRQHandler) for TIM2_IRQHandler
    startup_stm32h723xx.o(RESET) refers to stm32h7xx_it.o(.text.TIM3_IRQHandler) for TIM3_IRQHandler
    startup_stm32h723xx.o(RESET) refers to stm32h7xx_it.o(.text.TIM4_IRQHandler) for TIM4_IRQHandler
    startup_stm32h723xx.o(RESET) refers to stm32h7xx_it.o(.text.TIM5_IRQHandler) for TIM5_IRQHandler
    startup_stm32h723xx.o(.text) refers (Special) to heapauxi.o(.text) for __use_two_region_memory
    startup_stm32h723xx.o(.text) refers to system_stm32h7xx.o(.text.ExitRun0Mode) for ExitRun0Mode
    startup_stm32h723xx.o(.text) refers to system_stm32h7xx.o(.text.SystemInit) for SystemInit
    startup_stm32h723xx.o(.text) refers to __main.o(!!!main) for __main
    startup_stm32h723xx.o(.text) refers to startup_stm32h723xx.o(HEAP) for Heap_Mem
    startup_stm32h723xx.o(.text) refers to startup_stm32h723xx.o(STACK) for Stack_Mem
    main.o(.text.Update_Tperiod) refers to main.o(.bss..L_MergedGlobals.2) for .L_MergedGlobals.2
    main.o(.text.Update_Tperiod) refers to main.o(.bss..L_MergedGlobals.1) for .L_MergedGlobals.1
    main.o(.ARM.exidx.text.Update_Tperiod) refers to main.o(.text.Update_Tperiod) for [Anonymous Symbol]
    main.o(.text.SVPWM) refers to main.o(.bss..L_MergedGlobals.1) for .L_MergedGlobals.1
    main.o(.text.SVPWM) refers to fastmathfunctions.o(.text.arm_cos_f32) for arm_cos_f32
    main.o(.text.SVPWM) refers to fastmathfunctions.o(.text.arm_sin_f32) for arm_sin_f32
    main.o(.text.SVPWM) refers to main.o(.data..L_MergedGlobals) for .L_MergedGlobals
    main.o(.text.SVPWM) refers to atan2f.o(i.__hardfp_atan2f) for __hardfp_atan2f
    main.o(.text.SVPWM) refers to sinf.o(i.__hardfp_sinf) for __hardfp_sinf
    main.o(.text.SVPWM) refers to main.o(.bss..L_MergedGlobals.2) for .L_MergedGlobals.2
    main.o(.ARM.exidx.text.SVPWM) refers to main.o(.text.SVPWM) for [Anonymous Symbol]
    main.o(.text.update_encoder) refers to main.o(.bss..L_MergedGlobals.1) for .L_MergedGlobals.1
    main.o(.ARM.exidx.text.update_encoder) refers to main.o(.text.update_encoder) for [Anonymous Symbol]
    main.o(.text.HAL_TIM_PeriodElapsedCallback) refers to main.o(.text.SVPWM) for SVPWM
    main.o(.text.HAL_TIM_PeriodElapsedCallback) refers to main.o(.bss.htim2) for htim2
    main.o(.text.HAL_TIM_PeriodElapsedCallback) refers to main.o(.bss..L_MergedGlobals.1) for .L_MergedGlobals.1
    main.o(.text.HAL_TIM_PeriodElapsedCallback) refers to main.o(.bss..L_MergedGlobals.2) for .L_MergedGlobals.2
    main.o(.ARM.exidx.text.HAL_TIM_PeriodElapsedCallback) refers to main.o(.text.HAL_TIM_PeriodElapsedCallback) for [Anonymous Symbol]
    main.o(.text.hall_enable) refers to main.o(.bss.htim4) for htim4
    main.o(.text.hall_enable) refers to stm32h7xx_hal_tim_ex.o(.text.HAL_TIMEx_HallSensor_Start) for HAL_TIMEx_HallSensor_Start
    main.o(.ARM.exidx.text.hall_enable) refers to main.o(.text.hall_enable) for [Anonymous Symbol]
    main.o(.text.get_hall_state) refers to stm32h7xx_hal_gpio.o(.text.HAL_GPIO_ReadPin) for HAL_GPIO_ReadPin
[...]
    .ARM.Collect$$libshutdown$$00000007      0x0800034a   Section        0  libshutdown2.o(.ARM.Collect$$libshutdown$$00000007)
    .ARM.Collect$$libshutdown$$0000000A      0x0800034a   Section        0  libshutdown2.o(.ARM.Collect$$libshutdown$$0000000A)
    .ARM.Collect$$libshutdown$$0000000C      0x0800034a   Section        0  libshutdown2.o(.ARM.Collect$$libshutdown$$0000000C)
    .ARM.Collect$$libshutdown$$0000000F      0x0800034a   Section        0  libshutdown2.o(.ARM.Collect$$libshutdown$$0000000F)
    .ARM.Collect$$libshutdown$$00000010      0x0800034a   Section        2  libshutdown2.o(.ARM.Collect$$libshutdown$$00000010)
    .ARM.Collect$$rtentry$$00000000          0x0800034c   Section        0  __rtentry.o(.ARM.Collect$$rtentry$$00000000)
    .ARM.Collect$$rtentry$$00000002          0x0800034c   Section        0  __rtentry2.o(.ARM.Collect$$rtentry$$00000002)
    .ARM.Collect$$rtentry$$00000004          0x0800034c   Section        6  __rtentry4.o(.ARM.Collect$$rtentry$$00000004)
    .ARM.Collect$$rtentry$$00000009          0x08000352   Section        0  __rtentry2.o(.ARM.Collect$$rtentry$$00000009)
    .ARM.Collect$$rtentry$$0000000A          0x08000352   Section        4  __rtentry2.o(.ARM.Collect$$rtentry$$0000000A)
    .ARM.Collect$$rtentry$$0000000C          0x08000356   Section        0  __rtentry2.o(.ARM.Collect$$rtentry$$0000000C)
    .ARM.Collect$$rtentry$$0000000D          0x08000356   Section        8  __rtentry2.o(.ARM.Collect$$rtentry$$0000000D)
    .ARM.Collect$$rtexit$$00000000           0x0800035e   Section        2  rtexit.o(.ARM.Collect$$rtexit$$00000000)
    .ARM.Collect$$rtexit$$00000002           0x08000360   Section        0  rtexit2.o(.ARM.Collect$$rtexit$$00000002)
    .ARM.Collect$$rtexit$$00000003           0x08000360   Section        4  rtexit2.o(.ARM.Collect$$rtexit$$00000003)
    .ARM.Collect$$rtexit$$00000004           0x08000364   Section        6  rtexit2.o(.ARM.Collect$$rtexit$$00000004)
    $v0                                      0x0800036c   Number         0  startup_stm32h723xx.o(.text)
    .text                                    0x0800036c   Section       72  startup_stm32h723xx.o(.text)
    .text                                    0x080003b4   Section       78  rt_memclr_w.o(.text)
    .text                                    0x08000402   Section        0  heapauxi.o(.text)
    .text                                    0x08000408   Section        0  _rserrno.o(.text)
    .text                                    0x08000420   Section        8  rt_errno_addr_intlibspace.o(.text)
    .text                                    0x08000428   Section        8  libspace.o(.text)
    .text                                    0x08000430   Section       74  sys_stackheap_outer.o(.text)
    .text                                    0x0800047a   Section        0  exit.o(.text)
    .text                                    0x0800048c   Section        0  sys_exit.o(.text)
    .text                                    0x08000498   Section        2  use_no_semi.o(.text)
    .text                                    0x0800049a   Section        0  indicate_semi.o(.text)
    [Anonymous Symbol]                       0x080004a0   Section        0  stm32h7xx_hal_adc.o(.text.ADC_ConfigureBoostMode)
    [Anonymous Symbol]                       0x080005a0   Section        0  stm32h7xx_hal_adc.o(.text.ADC_DMAConvCplt)
    [Anonymous Symbol]                       0x08000600   Section        0  stm32h7xx_hal_adc.o(.text.ADC_DMAError)
    [Anonymous Symbol]                       0x08000618   Section        0  stm32h7xx_hal_adc.o(.text.ADC_DMAHalfConvCplt)
    [Anonymous Symbol]                       0x08000620   Section        0  stm32h7xx_hal_adc.o(.text.ADC_Enable)
    [Anonymous Symbol]                       0x080006d0   Section        0  stm32h7xx_it.o(.text.BusFault_Handler)
    [Anonymous Symbol]                       0x080006d8   Section        0  stm32h7xx_it.o(.text.DMA1_Stream0_IRQHandler)
    DMA_CalcBaseAndBitshift                  0x080006e9   Thumb Code   288  stm32h7xx_hal_dma.o(.text.DMA_CalcBaseAndBitshift)
    [Anonymous Symbol]                       0x080006e8   Section        0  stm32h7xx_hal_dma.o(.text.DMA_CalcBaseAndBitshift)
    DMA_CalcBaseAndBitshift.flagBitshiftOffset 0x08000808   Number         0  stm32h7xx_hal_dma.o(.text.DMA_CalcBaseAndBitshift)
    DMA_SetConfig                            0x08000811   Thumb Code   786  stm32h7xx_hal_dma.o(.text.DMA_SetConfig)
    [Anonymous Symbol]                       0x08000810   Section        0  stm32h7xx_hal_dma.o(.text.DMA_SetConfig)
    [Anonymous Symbol]                       0x08000b28   Section        0  stm32h7xx_it.o(.text.DebugMon_Handler)
    [Anonymous Symbol]                       0x08000b30   Section        0  main.o(.text.Error_Handler)
    [Anonymous Symbol]                       0x08000b38   Section        0  system_stm32h7xx.o(.text.ExitRun0Mode)
    [Anonymous Symbol]                       0x08000b68   Section        0  stm32h7xx_hal_adc_ex.o(.text.HAL_ADCEx_MultiModeConfigChannel)
    [Anonymous Symbol]                       0x08000c20   Section        0  stm32h7xx_hal_adc.o(.text.HAL_ADC_ConfigChannel)
    [Anonymous Symbol]                       0x08001308   Section        0  stm32h7xx_hal_adc.o(.text.HAL_ADC_ConvCpltCallback)
    [Anonymous Symbol]                       0x08001310   Section        0  stm32h7xx_hal_adc.o(.text.HAL_ADC_ConvHalfCpltCallback)
    [Anonymous Symbol]                       0x08001318   Section        0  stm32h7xx_hal_adc.o(.text.HAL_ADC_ErrorCallback)
    [Anonymous Symbol]                       0x08001320   Section        0  stm32h7xx_hal_adc.o(.text.HAL_ADC_Init)
    [Anonymous Symbol]                       0x08001630   Section        0  stm32h7xx_hal_msp.o(.text.HAL_ADC_MspInit)
    [Anonymous Symbol]                       0x08001750   Section        0  stm32h7xx_hal_adc.o(.text.HAL_ADC_Start_DMA)
    [Anonymous Symbol]                       0x08001890   Section        0  stm32h7xx_hal_dma.o(.text.HAL_DMA_IRQHandler)
    [Anonymous Symbol]                       0x080020c8   Section        0  stm32h7xx_hal_dma.o(.text.HAL_DMA_Init)
    [Anonymous Symbol]                       0x08002728   Section        0  stm32h7xx_hal_dma.o(.text.HAL_DMA_Start_IT)
    [Anonymous Symbol]                       0x08002ad0   Section        0  stm32h7xx_hal_gpio.o(.text.HAL_GPIO_Init)
    [Anonymous Symbol]                       0x08002ca0   Section        0  stm32h7xx_hal_gpio.o(.text.HAL_GPIO_ReadPin)
    [Anonymous Symbol]                       0x08002cb0   Section        0  stm32h7xx_hal.o(.text.HAL_GetTick)
    [Anonymous Symbol]                       0x08002cc0   Section        0  stm32h7xx_hal.o(.text.HAL_IncTick)
    [Anonymous Symbol]                       0x08002ce0   Section        0  stm32h7xx_hal.o(.text.HAL_Init)
    [Anonymous Symbol]                       0x08002d48   Section        0  stm32h7xx_hal.o(.text.HAL_InitTick)
    [Anonymous Symbol]                       0x08002d98   Section        0  stm32h7xx_hal_cortex.o(.text.HAL_MPU_ConfigRegion)
    [Anonymous Symbol]                       0x08002df8   Section        0  stm32h7xx_hal_cortex.o(.text.HAL_MPU_Disable)
    [Anonymous Symbol]                       0x08002e18   Section        0  stm32h7xx_hal_cortex.o(.text.HAL_MPU_Enable)
    [Anonymous Symbol]                       0x08002e38   Section        0  stm32h7xx_hal_msp.o(.text.HAL_MspInit)
    [Anonymous Symbol]                       0x08002e70   Section        0  stm32h7xx_hal_cortex.o(.text.HAL_NVIC_EnableIRQ)
    [Anonymous Symbol]                       0x08002e98   Section        0  stm32h7xx_hal_cortex.o(.text.HAL_NVIC_SetPriority)
    [Anonymous Symbol]                       0x08002ef8   Section        0  stm32h7xx_hal_cortex.o(.text.HAL_NVIC_SetPriorityGrouping)
    [Anonymous Symbol]                       0x08002f18   Section        0  stm32h7xx_hal_pwr_ex.o(.text.HAL_PWREx_ConfigSupply)
    [Anonymous Symbol]                       0x08002f68   Section        0  stm32h7xx_hal_rcc_ex.o(.text.HAL_RCCEx_GetPLL1ClockFreq)
    [Anonymous Symbol]                       0x080030a0   Section        0  stm32h7xx_hal_rcc_ex.o(.text.HAL_RCCEx_GetPLL2ClockFreq)
    [Anonymous Symbol]                       0x080031d0   Section        0  stm32h7xx_hal_rcc_ex.o(.text.HAL_RCCEx_GetPLL3ClockFreq)
    [Anonymous Symbol]                       0x08003300   Section        0  stm32h7xx_hal_rcc_ex.o(.text.HAL_RCCEx_GetPeriphCLKFreq)
    [Anonymous Symbol]                       0x08003708   Section        0  stm32h7xx_hal_rcc_ex.o(.text.HAL_RCCEx_PeriphCLKConfig)
    [Anonymous Symbol]                       0x080041b0   Section        0  stm32h7xx_hal_rcc.o(.text.HAL_RCC_ClockConfig)
    [Anonymous Symbol]                       0x08004418   Section        0  stm32h7xx_hal_rcc.o(.text.HAL_RCC_GetHCLKFreq)
    [Anonymous Symbol]                       0x08004468   Section        0  stm32h7xx_hal_rcc.o(.text.HAL_RCC_GetPCLK1Freq)
    [Anonymous Symbol]                       0x080044c8   Section        0  stm32h7xx_hal_rcc.o(.text.HAL_RCC_GetSysClockFreq)
    [Anonymous Symbol]                       0x080045e0   Section        0  stm32h7xx_hal_rcc.o(.text.HAL_RCC_OscConfig)
    [Anonymous Symbol]                       0x08004af8   Section        0  stm32h7xx_hal_cortex.o(.text.HAL_SYSTICK_Config)
    [Anonymous Symbol]                       0x08004b28   Section        0  stm32h7xx_hal_tim_ex.o(.text.HAL_TIMEx_Break2Callback)
    [Anonymous Symbol]                       0x08004b30   Section        0  stm32h7xx_hal_tim_ex.o(.text.HAL_TIMEx_BreakCallback)
    [Anonymous Symbol]                       0x08004b38   Section        0  stm32h7xx_hal_tim_ex.o(.text.HAL_TIMEx_CommutCallback)
    [Anonymous Symbol]                       0x08004b40   Section        0  stm32h7xx_hal_tim_ex.o(.text.HAL_TIMEx_ConfigBreakDeadTime)
    [Anonymous Symbol]                       0x08004c08   Section        0  stm32h7xx_hal_tim_ex.o(.text.HAL_TIMEx_HallSensor_Init)
    [Anonymous Symbol]                       0x08004ce0   Section        0  stm32h7xx_hal_msp.o(.text.HAL_TIMEx_HallSensor_MspInit)
    [Anonymous Symbol]                       0x08004d58   Section        0  stm32h7xx_hal_tim_ex.o(.text.HAL_TIMEx_HallSensor_Start)
    [Anonymous Symbol]                       0x08004e50   Section        0  stm32h7xx_hal_tim_ex.o(.text.HAL_TIMEx_MasterConfigSynchronization)
    [Anonymous Symbol]                       0x08004f30   Section        0  stm32h7xx_hal_tim_ex.o(.text.HAL_TIMEx_PWMN_Start)
    [Anonymous Symbol]                       0x08005070   Section        0  stm32h7xx_hal_tim.o(.text.HAL_TIM_Base_Init)
    [Anonymous Symbol]                       0x080050d0   Section        0  stm32h7xx_hal_msp.o(.text.HAL_TIM_Base_MspInit)
    [Anonymous Symbol]                       0x08005170   Section        0  stm32h7xx_hal_tim.o(.text.HAL_TIM_Base_Start_IT)
    [Anonymous Symbol]                       0x08005250   Section        0  stm32h7xx_hal_tim.o(.text.HAL_TIM_ConfigClockSource)
    [Anonymous Symbol]                       0x08005508   Section        0  stm32h7xx_hal_tim.o(.text.HAL_TIM_Encoder_Init)
    [Anonymous Symbol]                       0x080055c0   Section        0  stm32h7xx_hal_msp.o(.text.HAL_TIM_Encoder_MspInit)
    [Anonymous Symbol]                       0x08005630   Section        0  stm32h7xx_hal_tim.o(.text.HAL_TIM_Encoder_Start)
    [Anonymous Symbol]                       0x080056f0   Section        0  stm32h7xx_hal_tim.o(.text.HAL_TIM_IC_CaptureCallback)
    [Anonymous Symbol]                       0x080056f8   Section        0  stm32h7xx_hal_tim.o(.text.HAL_TIM_IRQHandler)
    [Anonymous Symbol]                       0x08005868   Section        0  stm32h7xx_hal_msp.o(.text.HAL_TIM_MspPostInit)
    [Anonymous Symbol]                       0x080058c0   Section        0  stm32h7xx_hal_tim.o(.text.HAL_TIM_OC_DelayElapsedCallback)
    [Anonymous Symbol]                       0x080058c8   Section        0  stm32h7xx_hal_tim.o(.text.HAL_TIM_PWM_ConfigChannel)
    [Anonymous Symbol]                       0x08005d98   Section        0  stm32h7xx_hal_tim.o(.text.HAL_TIM_PWM_Init)
    [Anonymous Symbol]                       0x08005df8   Section        0  stm32h7xx_hal_tim.o(.text.HAL_TIM_PWM_MspInit)
    [Anonymous Symbol]                       0x08005e00   Section        0  stm32h7xx_hal_tim.o(.text.HAL_TIM_PWM_PulseFinishedCallback)
    [Anonymous Symbol]                       0x08005e08   Section        0  stm32h7xx_hal_tim.o(.text.HAL_TIM_PWM_Start)
    [Anonymous Symbol]                       0x08005fa8   Section        0  main.o(.text.HAL_TIM_PeriodElapsedCallback)
    [Anonymous Symbol]                       0x08006058   Section        0  main.o(.text.HAL_TIM_TriggerCallback)
    [Anonymous Symbol]                       0x080060d0   Section        0  stm32h7xx_it.o(.text.HardFault_Handler)
    [Anonymous Symbol]                       0x080060d8   Section        0  stm32h7xx_it.o(.text.MemManage_Handler)
    [Anonymous Symbol]                       0x080060e0   Section        0  stm32h7xx_it.o(.text.NMI_Handler)
    [Anonymous Symbol]                       0x080060e8   Section        0  stm32h7xx_it.o(.text.PendSV_Handler)
    RCCEx_PLL2_Config                        0x080060f1   Thumb Code   290  stm32h7xx_hal_rcc_ex.o(.text.RCCEx_PLL2_Config)
    [Anonymous Symbol]                       0x080060f0   Section        0  stm32h7xx_hal_rcc_ex.o(.text.RCCEx_PLL2_Config)
    RCCEx_PLL3_Config                        0x08006219   Thumb Code   290  stm32h7xx_hal_rcc_ex.o(.text.RCCEx_PLL3_Config)
    [Anonymous Symbol]                       0x08006218   Section        0  stm32h7xx_hal_rcc_ex.o(.text.RCCEx_PLL3_Config)
    [Anonymous Symbol]                       0x08006340   Section        0  stm32h7xx_it.o(.text.RCC_IRQHandler)
    [Anonymous Symbol]                       0x08006348   Section        0  stm32h7xx_it.o(.text.SVC_Handler)
    [Anonymous Symbol]                       0x08006350   Section        0  main.o(.text.SVPWM)
    [Anonymous Symbol]                       0x080066f8   Section        0  stm32h7xx_it.o(.text.SysTick_Handler)
    [Anonymous Symbol]                       0x08006700   Section        0  main.o(.text.SystemClock_Config)
    [Anonymous Symbol]                       0x080067c8   Section        0  system_stm32h7xx.o(.text.SystemInit)
    [Anonymous Symbol]                       0x080068a0   Section        0  stm32h7xx_it.o(.text.TIM1_UP_IRQHandler)
    [Anonymous Symbol]                       0x080068b0   Section        0  stm32h7xx_it.o(.text.TIM2_IRQHandler)
    [Anonymous Symbol]                       0x080068c0   Section        0  stm32h7xx_it.o(.text.TIM3_IRQHandler)
    [Anonymous Symbol]                       0x080068d0   Section        0  stm32h7xx_it.o(.text.TIM4_IRQHandler)
    [Anonymous Symbol]                       0x080068e0   Section        0  stm32h7xx_it.o(.text.TIM5_IRQHandler)
    [Anonymous Symbol]                       0x080068f0   Section        0  stm32h7xx_hal_tim.o(.text.TIM_Base_SetConfig)
    [Anonymous Symbol]                       0x08006a68   Section        0  stm32h7xx_hal_tim.o(.text.TIM_CCxChannelCmd)
    [Anonymous Symbol]                       0x08006a88   Section        0  stm32h7xx_hal_tim.o(.text.TIM_OC2_SetConfig)
    [Anonymous Symbol]                       0x08006b38   Section        0  stm32h7xx_hal_tim.o(.text.TIM_TI1_SetConfig)
    [Anonymous Symbol]                       0x08006c68   Section        0  stm32h7xx_it.o(.text.UsageFault_Handler)
    [Anonymous Symbol]                       0x08006c70   Section        0  fastmathfunctions.o(.text.arm_cos_f32)
    [Anonymous Symbol]                       0x08006d00   Section        0  fastmathfunctions.o(.text.arm_sin_f32)
    [Anonymous Symbol]                       0x08006d88   Section        0  main.o(.text.main)
    i.__ARM_fpclassifyf                      0x0800727c   Section        0  fpclassifyf.o(i.__ARM_fpclassifyf)
    i.__hardfp_atan2f                        0x080072a4   Section        0  atan2f.o(i.__hardfp_atan2f)
    i.__hardfp_sinf                          0x08007550   Section        0  sinf.o(i.__hardfp_sinf)
    i.__mathlib_flt_infnan                   0x080076e0   Section        0  funder.o(i.__mathlib_flt_infnan)
    i.__mathlib_flt_infnan2                  0x080076e6   Section        0  funder.o(i.__mathlib_flt_infnan2)
    i.__mathlib_flt_invalid                  0x080076ec   Section        0  funder.o(i.__mathlib_flt_invalid)
    i.__mathlib_flt_underflow                0x080076fc   Section        0  funder.o(i.__mathlib_flt_underflow)
    i.__mathlib_rredf2                       0x0800770c   Section        0  rredf.o(i.__mathlib_rredf2)
    $v0                                      0x08007860   Number         0  fpinit.o(x$fpl$fpinit)
    x$fpl$fpinit                             0x08007860   Section       26  fpinit.o(x$fpl$fpinit)
    x$fpl$usenofp                            0x0800787a   Section        0  usenofp.o(x$fpl$usenofp)
    twooverpi                                0x0800787c   Data          32  rredf.o(.constdata)
    .constdata                               0x0800787c   Section       32  rredf.o(.constdata)
    .Lswitch.table.HAL_TIM_TriggerCallback   0x0800789c   Data           6  main.o(.rodata..Lswitch.table.HAL_TIM_TriggerCallback)
    .L_MergedGlobals                         0x20000000   Data           8  main.o(.data..L_MergedGlobals)
    [Anonymous Symbol]                       0x20000000   Section        0  main.o(.data..L_MergedGlobals)
    .L_MergedGlobals                         0x20000008   Data           8  stm32h7xx_hal.o(.data..L_MergedGlobals)
    [Anonymous Symbol]                       0x20000008   Section        0  stm32h7xx_hal.o(.data..L_MergedGlobals)
    .L_MergedGlobals                         0x20000010   Data           8  system_stm32h7xx.o(.data..L_MergedGlobals)
    [Anonymous Symbol]                       0x20000010   Section        0  system_stm32h7xx.o(.data..L_MergedGlobals)
    Stack_Mem                                0x200000b8   Data        1024  startup_stm32h723xx.o(STACK)
    STACK                                    0x200000b8   Section     1024  startup_stm32h723xx.o(STACK)
    __initial_sp                             0x200004b8   Data           0  startup_stm32h723xx.o(STACK)
    .bss                                     0x24000000   Section       96  libspace.o(.bss)
    .L_MergedGlobals.1                       0x24000060   Data         112  main.o(.bss..L_MergedGlobals.1)
    [Anonymous Symbol]                       0x24000060   Section        0  main.o(.bss..L_MergedGlobals.1)
    first_time                               0x24000061   Data           1  main.o(.bss..L_MergedGlobals.1)
    .L_MergedGlobals.2                       0x240000d0   Data         100  main.o(.bss..L_MergedGlobals.2)
    [Anonymous Symbol]                       0x240000d0   Section        0  main.o(.bss..L_MergedGlobals.2)
    Heap_Mem                                 0x240002b8   Data         512  startup_stm32h723xx.o(HEAP)
    HEAP                                     0x240002b8   Section      512  startup_stm32h723xx.o(HEAP)

    Global Symbols

    Symbol Name                              Value     Ov Type        Size  Object(Section)

    BuildAttributes$$THM_ISAv4$E$P$D$K$B$S$7EM$VFPv5_D16$PE$PLD8$A:L22UL41UL21$X:L11$S22US41US21$IEEE1$IW$~IW$USESV6$~STKCKD$USESV7$~SHL$OTIME$ROPI$IEEEX$EBA8$UX$STANDARDLIB$REQ8$PRES8$EABIv2 0x00000000   Number         0  anon$$obj.o ABSOLUTE
    __ARM_exceptions_init                     - Undefined Weak Reference
    __alloca_initialize                       - Undefined Weak Reference
    __arm_preinit_                            - Undefined Weak Reference
    __arm_relocate_pie_                       - Undefined Weak Reference
    __cpp_initialize__aeabi_                  - Undefined Weak Reference
    __cxa_finalize                            - Undefined Weak Reference
    __rt_locale                               - Undefined Weak Reference
    __sigvec_lookup                           - Undefined Weak Reference
    _atexit_init                              - Undefined Weak Reference
    _call_atexit_fns                          - Undefined Weak Reference
    _clock_init                               - Undefined Weak Reference
    _fp_trap_init                             - Undefined Weak Reference
    _fp_trap_shutdown                         - Undefined Weak Reference
    _get_lc_collate                           - Undefined Weak Reference
    _get_lc_ctype                             - Undefined Weak Reference
    _get_lc_monetary                          - Undefined Weak Reference
    _get_lc_numeric                           - Undefined Weak Reference
    _get_lc_time                              - Undefined Weak Reference
    _getenv_init                              - Undefined Weak Reference
    _handle_redirection                       - Undefined Weak Reference
    _init_alloc                               - Undefined Weak Reference
    _init_user_alloc                          - Undefined Weak Reference
    _initio                                   - Undefined Weak Reference
    _rand_init                                - Undefined Weak Reference
    _signal_finish                            - Undefined Weak Reference
    _signal_init                              - Undefined Weak Reference
    _terminate_alloc                          - Undefined Weak Reference
    _terminate_user_alloc                     - Undefined Weak Reference
    _terminateio                              - Undefined Weak Reference
    __Vectors_Size                           0x000002cc   Number         0  startup_stm32h723xx.o ABSOLUTE
    __Vectors                                0x08000000   Data           4  startup_stm32h723xx.o(RESET)
    __Vectors_End                            0x080002cc   Data           0  startup_stm32h723xx.o(RESET)
    __main                                   0x080002cd   Thumb Code     8  __main.o(!!!main)
    __scatterload                            0x080002d5   Thumb Code     0  __scatter.o(!!!scatter)
    __scatterload_rt2                        0x080002d5   Thumb Code    44  __scatter.o(!!!scatter)
    __scatterload_rt2_thumb_only             0x080002d5   Thumb Code     0  __scatter.o(!!!scatter)
    __scatterload_null                       0x080002e3   Thumb Code     0  __scatter.o(!!!scatter)
    __scatterload_copy                       0x08000309   Thumb Code    26  __scatter_copy.o(!!handler_copy)
    __scatterload_zeroinit                   0x08000325   Thumb Code    28  __scatter_zi.o(!!handler_zi)
    __rt_lib_init                            0x08000341   Thumb Code     0  libinit.o(.ARM.Collect$$libinit$$00000000)
    __rt_lib_init_fp_1                       0x08000343   Thumb Code     0  libinit2.o(.ARM.Collect$$libinit$$00000001)
    __rt_lib_init_alloca_1                   0x08000347   Thumb Code     0  libinit2.o(.ARM.Collect$$libinit$$00000030)
    __rt_lib_init_argv_1                     0x08000347   Thumb Code     0  libinit2.o(.ARM.Collect$$libinit$$0000002E)
    __rt_lib_init_atexit_1                   0x08000347   Thumb Code     0  libinit2.o(.ARM.Collect$$libinit$$0000001D)
    __rt_lib_init_clock_1                    0x08000347   Thumb Code     0  libinit2.o(.ARM.Collect$$libinit$$00000023)
    __rt_lib_init_cpp_1                      0x08000347   Thumb Code     0  libinit2.o(.ARM.Collect$$libinit$$00000034)
    __rt_lib_init_exceptions_1               0x08000347   Thumb Code     0  libinit2.o(.ARM.Collect$$libinit$$00000032)
    __rt_lib_init_fp_trap_1                  0x08000347   Thumb Code     0  libinit2.o(.ARM.Collect$$libinit$$00000021)
    __rt_lib_init_getenv_1                   0x08000347   Thumb Code     0  libinit2.o(.ARM.Collect$$libinit$$00000025)
    __rt_lib_init_heap_1                     0x08000347   Thumb Code     0  libinit2.o(.ARM.Collect$$libinit$$0000000C)
    __rt_lib_init_lc_collate_1               0x08000347   Thumb Code     0  libinit2.o(.ARM.Collect$$libinit$$00000013)
    __rt_lib_init_lc_ctype_1                 0x08000347   Thumb Code     0  libinit2.o(.ARM.Collect$$libinit$$00000015)
    __rt_lib_init_lc_monetary_1              0x08000347   Thumb Code     0  libinit2.o(.ARM.Collect$$libinit$$00000017)
    __rt_lib_init_lc_numeric_1               0x08000347   Thumb Code     0  libinit2.o(.ARM.Collect$$libinit$$00000019)
    __rt_lib_init_lc_time_1                  0x08000347   Thumb Code     0  libinit2.o(.ARM.Collect$$libinit$$0000001B)
    __rt_lib_init_preinit_1                  0x08000347   Thumb Code     0  libinit2.o(.ARM.Collect$$libinit$$00000006)
    __rt_lib_init_rand_1                     0x08000347   Thumb Code     0  libinit2.o(.ARM.Collect$$libinit$$00000010)
    __rt_lib_init_relocate_pie_1             0x08000347   Thumb Code     0  libinit2.o(.ARM.Collect$$libinit$$00000004)
    __rt_lib_init_return                     0x08000347   Thumb Code     0  libinit2.o(.ARM.Collect$$libinit$$00000035)
    __rt_lib_init_signal_1                   0x08000347   Thumb Code     0  libinit2.o(.ARM.Collect$$libinit$$0000001F)
    __rt_lib_init_stdio_1                    0x08000347   Thumb Code     0  libinit2.o(.ARM.Collect$$libinit$$00000027)
    __rt_lib_init_user_alloc_1               0x08000347   Thumb Code     0  libinit2.o(.ARM.Collect$$libinit$$0000000E)
    __rt_lib_shutdown                        0x08000349   Thumb Code     0  libshutdown.o(.ARM.Collect$$libshutdown$$00000000)
    __rt_lib_shutdown_cpp_1                  0x0800034b   Thumb Code     0  libshutdown2.o(.ARM.Collect$$libshutdown$$00000002)
    __rt_lib_shutdown_fp_trap_1              0x0800034b   Thumb Code     0  libshutdown2.o(.ARM.Collect$$libshutdown$$00000007)
    __rt_lib_shutdown_heap_1                 0x0800034b   Thumb Code     0  libshutdown2.o(.ARM.Collect$$libshutdown$$0000000F)
    __rt_lib_shutdown_return                 0x0800034b   Thumb Code     0  libshutdown2.o(.ARM.Collect$$libshutdown$$00000010)
    __rt_lib_shutdown_signal_1               0x0800034b   Thumb Code     0  libshutdown2.o(.ARM.Collect$$libshutdown$$0000000A)
    __rt_lib_shutdown_stdio_1                0x0800034b   Thumb Code     0  libshutdown2.o(.ARM.Collect$$libshutdown$$00000004)
    __rt_lib_shutdown_user_alloc_1           0x0800034b   Thumb Code     0  libshutdown2.o(.ARM.Collect$$libshutdown$$0000000C)
    __rt_entry                               0x0800034d   Thumb Code     0  __rtentry.o(.ARM.Collect$$rtentry$$00000000)
    __rt_entry_presh_1                       0x0800034d   Thumb Code     0  __rtentry2.o(.ARM.Collect$$rtentry$$00000002)
    __rt_entry_sh                            0x0800034d   Thumb Code     0  __rtentry4.o(.ARM.Collect$$rtentry$$00000004)
    __rt_entry_li                            0x08000353   Thumb Code     0  __rtentry2.o(.ARM.Collect$$rtentry$$0000000A)
    __rt_entry_postsh_1                      0x08000353   Thumb Code     0  __rtentry2.o(.ARM.Collect$$rtentry$$00000009)
    __rt_entry_main                          0x08000357   Thumb Code     0  __rtentry2.o(.ARM.Collect$$rtentry$$0000000D)
    __rt_entry_postli_1                      0x08000357   Thumb Code     0  __rtentry2.o(.ARM.Collect$$rtentry$$0000000C)
    __rt_exit                                0x0800035f   Thumb Code     0  rtexit.o(.ARM.Collect$$rtexit$$00000000)
    __rt_exit_ls                             0x08000361   Thumb Code     0  rtexit2.o(.ARM.Collect$$rtexit$$00000003)
    __rt_exit_prels_1                        0x08000361   Thumb Code     0  rtexit2.o(.ARM.Collect$$rtexit$$00000002)
    __rt_exit_exit                           0x08000365   Thumb Code     0  rtexit2.o(.ARM.Collect$$rtexit$$00000004)
    Reset_Handler                            0x0800036d   Thumb Code    12  startup_stm32h723xx.o(.text)
    ADC3_IRQHandler                          0x0800038b   Thumb Code     0  startup_stm32h723xx.o(.text)
    ADC_IRQHandler                           0x0800038b   Thumb Code     0  startup_stm32h723xx.o(.text)
    BDMA_Channel0_IRQHandler                 0x0800038b   Thumb Code     0  startup_stm32h723xx.o(.text)
    BDMA_Channel1_IRQHandler                 0x0800038b   Thumb Code     0  startup_stm32h723xx.o(.text)
    BDMA_Channel2_IRQHandler                 0x0800038b   Thumb Code     0  startup_stm32h723xx.o(.text)
    BDMA_Channel3_IRQHandler                 0x0800038b   Thumb Code     0  startup_stm32h723xx.o(.text)
    BDMA_Channel4_IRQHandler                 0x0800038b   Thumb Code     0  startup_stm32h723xx.o(.text)
    BDMA_Channel5_IRQHandler                 0x0800038b   Thumb Code     0  startup_stm32h723xx.o(.text)
    BDMA_Channel6_IRQHandler                 0x0800038b   Thumb Code     0  startup_stm32h723xx.o(.text)
    BDMA_Channel7_IRQHandler                 0x0800038b   Thumb Code     0  startup_stm32h723xx.o(.text)
    CEC_IRQHandler                           0x0800038b   Thumb Code     0  startup_stm32h723xx.o(.text)
    COMP1_IRQHandler                         0x0800038b   Thumb Code     0  startup_stm32h723xx.o(.text)
    CORDIC_IRQHandler                        0x0800038b   Thumb Code     0  startup_stm32h723xx.o(.text)
    CRS_IRQHandler                           0x0800038b   Thumb Code     0  startup_stm32h723xx.o(.text)
    DCMI_PSSI_IRQHandler                     0x0800038b   Thumb Code     0  startup_stm32h723xx.o(.text)
    DFSDM1_FLT0_IRQHandler                   0x0800038b   Thumb Code     0  startup_stm32h723xx.o(.text)
    DFSDM1_FLT1_IRQHandler                   0x0800038b   Thumb Code     0  startup_stm32h723xx.o(.text)
    DFSDM1_FLT2_IRQHandler                   0x0800038b   Thumb Code     0  startup_stm32h723xx.o(.text)
    DFSDM1_FLT3_IRQHandler                   0x0800038b   Thumb Code     0  startup_stm32h723xx.o(.text)
    DMA1_Stream1_IRQHandler                  0x0800038b   Thumb Code     0  startup_stm32h723xx.o(.text)
    DMA1_Stream2_IRQHandler                  0x0800038b   Thumb Code     0  startup_stm32h723xx.o(.text)
    DMA1_Stream3_IRQHandler                  0x0800038b   Thumb Code     0  startup_stm32h723xx.o(.text)
    DMA1_Stream4_IRQHandler                  0x0800038b   Thumb Code     0  startup_stm32h723xx.o(.text)
    DMA1_Stream5_IRQHandler                  0x0800038b   Thumb Code     0  startup_stm32h723xx.o(.text)
    DMA1_Stream6_IRQHandler                  0x0800038b   Thumb Code     0  startup_stm32h723xx.o(.text)
    DMA1_Stream7_IRQHandler                  0x0800038b   Thumb Code     0  startup_stm32h723xx.o(.text)
    DMA2D_IRQHandler                         0x0800038b   Thumb Code     0  startup_stm32h723xx.o(.text)
    DMA2_Stream0_IRQHandler                  0x0800038b   Thumb Code     0  startup_stm32h723xx.o(.text)
    DMA2_Stream1_IRQHandler                  0x0800038b   Thumb Code     0  startup_stm32h723xx.o(.text)
    DMA2_Stream2_IRQHandler                  0x0800038b   Thumb Code     0  startup_stm32h723xx.o(.text)
    DMA2_Stream3_IRQHandler                  0x0800038b   Thumb Code     0  startup_stm32h723xx.o(.text)
    DMA2_Stream4_IRQHandler                  0x0800038b   Thumb Code     0  startup_stm32h723xx.o(.text)
    DMA2_Stream5_IRQHandler                  0x0800038b   Thumb Code     0  startup_stm32h723xx.o(.text)
    DMA2_Stream6_IRQHandler                  0x0800038b   Thumb Code     0  startup_stm32h723xx.o(.text)
    DMA2_Stream7_IRQHandler                  0x0800038b   Thumb Code     0  startup_stm32h723xx.o(.text)
    DMAMUX1_OVR_IRQHandler                   0x0800038b   Thumb Code     0  startup_stm32h723xx.o(.text)
    DMAMUX2_OVR_IRQHandler                   0x0800038b   Thumb Code     0  startup_stm32h723xx.o(.text)
    DTS_IRQHandler                           0x0800038b   Thumb Code     0  startup_stm32h723xx.o(.text)
    ECC_IRQHandler                           0x0800038b   Thumb Code     0  startup_stm32h723xx.o(.text)
    ETH_IRQHandler                           0x0800038b   Thumb Code     0  startup_stm32h723xx.o(.text)
    ETH_WKUP_IRQHandler                      0x0800038b   Thumb Code     0  startup_stm32h723xx.o(.text)
    EXTI0_IRQHandler                         0x0800038b   Thumb Code     0  startup_stm32h723xx.o(.text)
    EXTI15_10_IRQHandler                     0x0800038b   Thumb Code     0  startup_stm32h723xx.o(.text)
    EXTI1_IRQHandler                         0x0800038b   Thumb Code     0  startup_stm32h723xx.o(.text)
    EXTI2_IRQHandler                         0x0800038b   Thumb Code     0  startup_stm32h723xx.o(.text)
    EXTI3_IRQHandler                         0x0800038b   Thumb Code     0  startup_stm32h723xx.o(.text)
    EXTI4_IRQHandler                         0x0800038b   Thumb Code     0  startup_stm32h723xx.o(.text)
    EXTI9_5_IRQHandler                       0x0800038b   Thumb Code     0  startup_stm32h723xx.o(.text)
    FDCAN1_IT0_IRQHandler                    0x0800038b   Thumb Code     0  startup_stm32h723xx.o(.text)
    FDCAN1_IT1_IRQHandler                    0x0800038b   Thumb Code     0  startup_stm32h723xx.o(.text)
    FDCAN2_IT0_IRQHandler                    0x0800038b   Thumb Code     0  startup_stm32h723xx.o(.text)
    FDCAN2_IT1_IRQHandler                    0x0800038b   Thumb Code     0  startup_stm32h723xx.o(.text)
    FDCAN3_IT0_IRQHandler                    0x0800038b   Thumb Code     0  startup_stm32h723xx.o(.text)
    FDCAN3_IT1_IRQHandler                    0x0800038b   Thumb Code     0  startup_stm32h723xx.o(.text)
    FDCAN_CAL_IRQHandler                     0x0800038b   Thumb Code     0  startup_stm32h723xx.o(.text)
    FLASH_IRQHandler                         0x0800038b   Thumb Code     0  startup_stm32h723xx.o(.text)
    FMAC_IRQHandler                          0x0800038b   Thumb Code     0  startup_stm32h723xx.o(.text)
    FMC_IRQHandler                           0x0800038b   Thumb Code     0  startup_stm32h723xx.o(.text)
    FPU_IRQHandler                           0x0800038b   Thumb Code     0  startup_stm32h723xx.o(.text)
    HSEM1_IRQHandler                         0x0800038b   Thumb Code     0  startup_stm32h723xx.o(.text)
    I2C1_ER_IRQHandler                       0x0800038b   Thumb Code     0  startup_stm32h723xx.o(.text)
    I2C1_EV_IRQHandler                       0x0800038b   Thumb Code     0  startup_stm32h723xx.o(.text)
    I2C2_ER_IRQHandler                       0x0800038b   Thumb Code     0  startup_stm32h723xx.o(.text)
    I2C2_EV_IRQHandler                       0x0800038b   Thumb Code     0  startup_stm32h723xx.o(.text)
    I2C3_ER_IRQHandler                       0x0800038b   Thumb Code     0  startup_stm32h723xx.o(.text)
    I2C3_EV_IRQHandler                       0x0800038b   Thumb Code     0  startup_stm32h723xx.o(.text)
    I2C4_ER_IRQHandler                       0x0800038b   Thumb Code     0  startup_stm32h723xx.o(.text)
    I2C4_EV_IRQHandler                       0x0800038b   Thumb Code     0  startup_stm32h723xx.o(.text)
    I2C5_ER_IRQHandler                       0x0800038b   Thumb Code     0  startup_stm32h723xx.o(.text)
    I2C5_EV_IRQHandler                       0x0800038b   Thumb Code     0  startup_stm32h723xx.o(.text)
    LPTIM1_IRQHandler                        0x0800038b   Thumb Code     0  startup_stm32h723xx.o(.text)
    LPTIM2_IRQHandler                        0x0800038b   Thumb Code     0  startup_stm32h723xx.o(.text)
    LPTIM3_IRQHandler                        0x0800038b   Thumb Code     0  startup_stm32h723xx.o(.text)
    LPTIM4_IRQHandler                        0x0800038b   Thumb Code     0  startup_stm32h723xx.o(.text)
    LPTIM5_IRQHandler                        0x0800038b   Thumb Code     0  startup_stm32h723xx.o(.text)
    LPUART1_IRQHandler                       0x0800038b   Thumb Code     0  startup_stm32h723xx.o(.text)
    LTDC_ER_IRQHandler                       0x0800038b   Thumb Code     0  startup_stm32h723xx.o(.text)
    LTDC_IRQHandler                          0x0800038b   Thumb Code     0  startup_stm32h723xx.o(.text)
    MDIOS_IRQHandler                         0x0800038b   Thumb Code     0  startup_stm32h723xx.o(.text)
    MDIOS_WKUP_IRQHandler                    0x0800038b   Thumb Code     0  startup_stm32h723xx.o(.text)
    MDMA_IRQHandler                          0x0800038b   Thumb Code     0  startup_stm32h723xx.o(.text)
    OCTOSPI1_IRQHandler                      0x0800038b   Thumb Code     0  startup_stm32h723xx.o(.text)
    OCTOSPI2_IRQHandler                      0x0800038b   Thumb Code     0  startup_stm32h723xx.o(.text)
    OTG_HS_EP1_IN_IRQHandler                 0x0800038b   Thumb Code     0  startup_stm32h723xx.o(.text)
    OTG_HS_EP1_OUT_IRQHandler                0x0800038b   Thumb Code     0  startup_stm32h723xx.o(.text)
    OTG_HS_IRQHandler                        0x0800038b   Thumb Code     0  startup_stm32h723xx.o(.text)
    OTG_HS_WKUP_IRQHandler                   0x0800038b   Thumb Code     0  startup_stm32h723xx.o(.text)
    PVD_AVD_IRQHandler                       0x0800038b   Thumb Code     0  startup_stm32h723xx.o(.text)
    RNG_IRQHandler                           0x0800038b   Thumb Code     0  startup_stm32h723xx.o(.text)
    RTC_Alarm_IRQHandler                     0x0800038b   Thumb Code     0  startup_stm32h723xx.o(.text)
    RTC_WKUP_IRQHandler                      0x0800038b   Thumb Code     0  startup_stm32h723xx.o(.text)
    SAI1_IRQHandler                          0x0800038b   Thumb Code     0  startup_stm32h723xx.o(.text)
    SAI4_IRQHandler                          0x0800038b   Thumb Code     0  startup_stm32h723xx.o(.text)
    SDMMC1_IRQHandler                        0x0800038b   Thumb Code     0  startup_stm32h723xx.o(.text)
    SDMMC2_IRQHandler                        0x0800038b   Thumb Code     0  startup_stm32h723xx.o(.text)
    SPDIF_RX_IRQHandler                      0x0800038b   Thumb Code     0  startup_stm32h723xx.o(.text)
    SPI1_IRQHandler                          0x0800038b   Thumb Code     0  startup_stm32h723xx.o(.text)
    SPI2_IRQHandler                          0x0800038b   Thumb Code     0  startup_stm32h723xx.o(.text)
    SPI3_IRQHandler                          0x0800038b   Thumb Code     0  startup_stm32h723xx.o(.text)
    SPI4_IRQHandler                          0x0800038b   Thumb Code     0  startup_stm32h723xx.o(.text)
    SPI5_IRQHandler                          0x0800038b   Thumb Code     0  startup_stm32h723xx.o(.text)
    SPI6_IRQHandler                          0x0800038b   Thumb Code     0  startup_stm32h723xx.o(.text)
    SWPMI1_IRQHandler                        0x0800038b   Thumb Code     0  startup_stm32h723xx.o(.text)
    TAMP_STAMP_IRQHandler                    0x0800038b   Thumb Code     0  startup_stm32h723xx.o(.text)
    TIM15_IRQHandler                         0x0800038b   Thumb Code     0  startup_stm32h723xx.o(.text)
    TIM16_IRQHandler                         0x0800038b   Thumb Code     0  startup_stm32h723xx.o(.text)
    TIM17_IRQHandler                         0x0800038b   Thumb Code     0  startup_stm32h723xx.o(.text)
    TIM1_BRK_IRQHandler                      0x0800038b   Thumb Code     0  startup_stm32h723xx.o(.text)
    TIM1_CC_IRQHandler                       0x0800038b   Thumb Code     0  startup_stm32h723xx.o(.text)
    TIM1_TRG_COM_IRQHandler                  0x0800038b   Thumb Code     0  startup_stm32h723xx.o(.text)
    TIM23_IRQHandler                         0x0800038b   Thumb Code     0  startup_stm32h723xx.o(.text)
    TIM24_IRQHandler                         0x0800038b   Thumb Code     0  startup_stm32h723xx.o(.text)
    TIM6_DAC_IRQHandler                      0x0800038b   Thumb Code     0  startup_stm32h723xx.o(.text)
    TIM7_IRQHandler                          0x0800038b   Thumb Code     0  startup_stm32h723xx.o(.text)
    TIM8_BRK_TIM12_IRQHandler                0x0800038b   Thumb Code     0  startup_stm32h723xx.o(.text)
    TIM8_CC_IRQHandler                       0x0800038b   Thumb Code     0  startup_stm32h723xx.o(.text)
    TIM8_TRG_COM_TIM14_IRQHandler            0x0800038b   Thumb Code     0  startup_stm32h723xx.o(.text)
    TIM8_UP_TIM13_IRQHandler                 0x0800038b   Thumb Code     0  startup_stm32h723xx.o(.text)
    UART4_IRQHandler                         0x0800038b   Thumb Code     0  startup_stm32h723xx.o(.text)
    UART5_IRQHandler                         0x0800038b   Thumb Code     0  startup_stm32h723xx.o(.text)
    UART7_IRQHandler                         0x0800038b   Thumb Code     0  startup_stm32h723xx.o(.text)
    UART8_IRQHandler                         0x0800038b   Thumb Code     0  startup_stm32h723xx.o(.text)
    UART9_IRQHandler                         0x0800038b   Thumb Code     0  startup_stm32h723xx.o(.text)
    USART10_IRQHandler                       0x0800038b   Thumb Code     0  startup_stm32h723xx.o(.text)
    USART1_IRQHandler                        0x0800038b   Thumb Code     0  startup_stm32h723xx.o(.text)
    USART2_IRQHandler                        0x0800038b   Thumb Code     0  startup_stm32h723xx.o(.text)
    USART3_IRQHandler                        0x0800038b   Thumb Code     0  startup_stm32h723xx.o(.text)
    USART6_IRQHandler                        0x0800038b   Thumb Code     0  startup_stm32h723xx.o(.text)
    WAKEUP_PIN_IRQHandler                    0x0800038b   Thumb Code     0  startup_stm32h723xx.o(.text)
    WWDG_IRQHandler                          0x0800038b   Thumb Code     0  startup_stm32h723xx.o(.text)
    __user_initial_stackheap                 0x0800038d   Thumb Code     0  startup_stm32h723xx.o(.text)
    __aeabi_memclr4                          0x080003b5   Thumb Code     0  rt_memclr_w.o(.text)
    __aeabi_memclr8                          0x080003b5   Thumb Code     0  rt_memclr_w.o(.text)
    __rt_memclr_w                            0x080003b5   Thumb Code     0  rt_memclr_w.o(.text)
    _memset_w                                0x080003b9   Thumb Code    74  rt_memclr_w.o(.text)
    __use_two_region_memory                  0x08000403   Thumb Code     2  heapauxi.o(.text)
    __rt_heap_escrow$2region                 0x08000405   Thumb Code     2  heapauxi.o(.text)
    __rt_heap_expand$2region                 0x08000407   Thumb Code     2  heapauxi.o(.text)
    __read_errno                             0x08000409   Thumb Code    10  _rserrno.o(.text)
    __set_errno                              0x08000413   Thumb Code    12  _rserrno.o(.text)
    __aeabi_errno_addr                       0x08000421   Thumb Code     8  rt_errno_addr_intlibspace.o(.text)
    __errno$intlibspace                      0x08000421   Thumb Code     0  rt_errno_addr_intlibspace.o(.text)
    __rt_errno_addr$intlibspace              0x08000421   Thumb Code     0  rt_errno_addr_intlibspace.o(.text)
    __user_libspace                          0x08000429   Thumb Code     8  libspace.o(.text)
    __user_perproc_libspace                  0x08000429   Thumb Code     0  libspace.o(.text)
    __user_perthread_libspace                0x08000429   Thumb Code     0  libspace.o(.text)
    __user_setup_stackheap                   0x08000431   Thumb Code    74  sys_stackheap_outer.o(.text)
    exit                                     0x0800047b   Thumb Code    18  exit.o(.text)
    _sys_exit                                0x0800048d   Thumb Code     8  sys_exit.o(.text)
    __I$use$semihosting                      0x08000499   Thumb Code     0  use_no_semi.o(.text)
    __use_no_semihosting_swi                 0x08000499   Thumb Code     2  use_no_semi.o(.text)
    __semihosting_library_function           0x0800049b   Thumb Code     0  indicate_semi.o(.text)
    ADC_ConfigureBoostMode                   0x080004a1   Thumb Code   256  stm32h7xx_hal_adc.o(.text.ADC_ConfigureBoostMode)
    ADC_DMAConvCplt                          0x080005a1   Thumb Code    94  stm32h7xx_hal_adc.o(.text.ADC_DMAConvCplt)
    ADC_DMAError                             0x08000601   Thumb Code    22  stm32h7xx_hal_adc.o(.text.ADC_DMAError)
    ADC_DMAHalfConvCplt                      0x08000619   Thumb Code     6  stm32h7xx_hal_adc.o(.text.ADC_DMAHalfConvCplt)
    ADC_Enable                               0x08000621   Thumb Code   174  stm32h7xx_hal_adc.o(.text.ADC_Enable)
    BusFault_Handler                         0x080006d1   Thumb Code     2  stm32h7xx_it.o(.text.BusFault_Handler)
    DMA1_Stream0_IRQHandler                  0x080006d9   Thumb Code    12  stm32h7xx_it.o(.text.DMA1_Stream0_IRQHandler)
    DebugMon_Handler                         0x08000b29   Thumb Code     2  stm32h7xx_it.o(.text.DebugMon_Handler)
    Error_Handler                            0x08000b31   Thumb Code     6  main.o(.text.Error_Handler)
    ExitRun0Mode                             0x08000b39   Thumb Code    44  system_stm32h7xx.o(.text.ExitRun0Mode)
    HAL_ADCEx_MultiModeConfigChannel         0x08000b69   Thumb Code   184  stm32h7xx_hal_adc_ex.o(.text.HAL_ADCEx_MultiModeConfigChannel)
    HAL_ADC_ConfigChannel                    0x08000c21   Thumb Code  1764  stm32h7xx_hal_adc.o(.text.HAL_ADC_ConfigChannel)
    HAL_ADC_ConvCpltCallback                 0x08001309   Thumb Code     2  stm32h7xx_hal_adc.o(.text.HAL_ADC_ConvCpltCallback)
    HAL_ADC_ConvHalfCpltCallback             0x08001311   Thumb Code     2  stm32h7xx_hal_adc.o(.text.HAL_ADC_ConvHalfCpltCallback)
    HAL_ADC_ErrorCallback                    0x08001319   Thumb Code     2  stm32h7xx_hal_adc.o(.text.HAL_ADC_ErrorCallback)
    HAL_ADC_Init                             0x08001321   Thumb Code   784  stm32h7xx_hal_adc.o(.text.HAL_ADC_Init)
    HAL_ADC_MspInit                          0x08001631   Thumb Code   284  stm32h7xx_hal_msp.o(.text.HAL_ADC_MspInit)
    HAL_ADC_Start_DMA                        0x08001751   Thumb Code   316  stm32h7xx_hal_adc.o(.text.HAL_ADC_Start_DMA)
    HAL_DMA_IRQHandler                       0x08001891   Thumb Code  2104  stm32h7xx_hal_dma.o(.text.HAL_DMA_IRQHandler)
    HAL_DMA_Init                             0x080020c9   Thumb Code  1628  stm32h7xx_hal_dma.o(.text.HAL_DMA_Init)
    HAL_DMA_Start_IT                         0x08002729   Thumb Code   930  stm32h7xx_hal_dma.o(.text.HAL_DMA_Start_IT)
    HAL_GPIO_Init                            0x08002ad1   Thumb Code   458  stm32h7xx_hal_gpio.o(.text.HAL_GPIO_Init)
    HAL_GPIO_ReadPin                         0x08002ca1   Thumb Code    10  stm32h7xx_hal_gpio.o(.text.HAL_GPIO_ReadPin)
    HAL_GetTick                              0x08002cb1   Thumb Code    12  stm32h7xx_hal.o(.text.HAL_GetTick)
    HAL_IncTick                              0x08002cc1   Thumb Code    26  stm32h7xx_hal.o(.text.HAL_IncTick)
    HAL_Init                                 0x08002ce1   Thumb Code   100  stm32h7xx_hal.o(.text.HAL_Init)
    HAL_InitTick                             0x08002d49   Thumb Code    76  stm32h7xx_hal.o(.text.HAL_InitTick)
    HAL_MPU_ConfigRegion                     0x08002d99   Thumb Code    94  stm32h7xx_hal_cortex.o(.text.HAL_MPU_ConfigRegion)
    HAL_MPU_Disable                          0x08002df9   Thumb Code    26  stm32h7xx_hal_cortex.o(.text.HAL_MPU_Disable)
    HAL_MPU_Enable                           0x08002e19   Thumb Code    32  stm32h7xx_hal_cortex.o(.text.HAL_MPU_Enable)
    HAL_MspInit                              0x08002e39   Thumb Code    52  stm32h7xx_hal_msp.o(.text.HAL_MspInit)
    HAL_NVIC_EnableIRQ                       0x08002e71   Thumb Code    34  stm32h7xx_hal_cortex.o(.text.HAL_NVIC_EnableIRQ)
    HAL_NVIC_SetPriority                     0x08002e99   Thumb Code    90  stm32h7xx_hal_cortex.o(.text.HAL_NVIC_SetPriority)
    HAL_NVIC_SetPriorityGrouping             0x08002ef9   Thumb Code    32  stm32h7xx_hal_cortex.o(.text.HAL_NVIC_SetPriorityGrouping)
    HAL_PWREx_ConfigSupply                   0x08002f19   Thumb Code    76  stm32h7xx_hal_pwr_ex.o(.text.HAL_PWREx_ConfigSupply)
    HAL_RCCEx_GetPLL1ClockFreq               0x08002f69   Thumb Code   308  stm32h7xx_hal_rcc_ex.o(.text.HAL_RCCEx_GetPLL1ClockFreq)
    HAL_RCCEx_GetPLL2ClockFreq               0x080030a1   Thumb Code   300  stm32h7xx_hal_rcc_ex.o(.text.HAL_RCCEx_GetPLL2ClockFreq)
    HAL_RCCEx_GetPLL3ClockFreq               0x080031d1   Thumb Code   300  stm32h7xx_hal_rcc_ex.o(.text.HAL_RCCEx_GetPLL3ClockFreq)
    HAL_RCCEx_GetPeriphCLKFreq               0x08003301   Thumb Code  1026  stm32h7xx_hal_rcc_ex.o(.text.HAL_RCCEx_GetPeriphCLKFreq)
    HAL_RCCEx_PeriphCLKConfig                0x08003709   Thumb Code  2728  stm32h7xx_hal_rcc_ex.o(.text.HAL_RCCEx_PeriphCLKConfig)
    HAL_RCC_ClockConfig                      0x080041b1   Thumb Code   616  stm32h7xx_hal_rcc.o(.text.HAL_RCC_ClockConfig)
    HAL_RCC_GetHCLKFreq                      0x08004419   Thumb Code    76  stm32h7xx_hal_rcc.o(.text.HAL_RCC_GetHCLKFreq)
    HAL_RCC_GetPCLK1Freq                     0x08004469   Thumb Code    96  stm32h7xx_hal_rcc.o(.text.HAL_RCC_GetPCLK1Freq)
    HAL_RCC_GetSysClockFreq                  0x080044c9   Thumb Code   280  stm32h7xx_hal_rcc.o(.text.HAL_RCC_GetSysClockFreq)
    HAL_RCC_OscConfig                        0x080045e1   Thumb Code  1304  stm32h7xx_hal_rcc.o(.text.HAL_RCC_OscConfig)
    HAL_SYSTICK_Config                       0x08004af9   Thumb Code    46  stm32h7xx_hal_cortex.o(.text.HAL_SYSTICK_Config)
    HAL_TIMEx_Break2Callback                 0x08004b29   Thumb Code     2  stm32h7xx_hal_tim_ex.o(.text.HAL_TIMEx_Break2Callback)
    HAL_TIMEx_BreakCallback                  0x08004b31   Thumb Code     2  stm32h7xx_hal_tim_ex.o(.text.HAL_TIMEx_BreakCallback)
    HAL_TIMEx_CommutCallback                 0x08004b39   Thumb Code     2  stm32h7xx_hal_tim_ex.o(.text.HAL_TIMEx_CommutCallback)
    HAL_TIMEx_ConfigBreakDeadTime            0x08004b41   Thumb Code   198  stm32h7xx_hal_tim_ex.o(.text.HAL_TIMEx_ConfigBreakDeadTime)
    HAL_TIMEx_HallSensor_Init                0x08004c09   Thumb Code   212  stm32h7xx_hal_tim_ex.o(.text.HAL_TIMEx_HallSensor_Init)
    HAL_TIMEx_HallSensor_MspInit             0x08004ce1   Thumb Code   120  stm32h7xx_hal_msp.o(.text.HAL_TIMEx_HallSensor_MspInit)
    HAL_TIMEx_HallSensor_Start               0x08004d59   Thumb Code   242  stm32h7xx_hal_tim_ex.o(.text.HAL_TIMEx_HallSensor_Start)
    HAL_TIMEx_MasterConfigSynchronization    0x08004e51   Thumb Code   218  stm32h7xx_hal_tim_ex.o(.text.HAL_TIMEx_MasterConfigSynchronization)
    HAL_TIMEx_PWMN_Start                     0x08004f31   Thumb Code   320  stm32h7xx_hal_tim_ex.o(.text.HAL_TIMEx_PWMN_Start)
    HAL_TIM_Base_Init                        0x08005071   Thumb Code    96  stm32h7xx_hal_tim.o(.text.HAL_TIM_Base_Init)
    HAL_TIM_Base_MspInit                     0x080050d1   Thumb Code   160  stm32h7xx_hal_msp.o(.text.HAL_TIM_Base_MspInit)
    HAL_TIM_Base_Start_IT                    0x08005171   Thumb Code   220  stm32h7xx_hal_tim.o(.text.HAL_TIM_Base_Start_IT)
    HAL_TIM_ConfigClockSource                0x08005251   Thumb Code   696  stm32h7xx_hal_tim.o(.text.HAL_TIM_ConfigClockSource)
    HAL_TIM_Encoder_Init                     0x08005509   Thumb Code   184  stm32h7xx_hal_tim.o(.text.HAL_TIM_Encoder_Init)
    HAL_TIM_Encoder_MspInit                  0x080055c1   Thumb Code   110  stm32h7xx_hal_msp.o(.text.HAL_TIM_Encoder_MspInit)
    HAL_TIM_Encoder_Start                    0x08005631   Thumb Code   188  stm32h7xx_hal_tim.o(.text.HAL_TIM_Encoder_Start)
    HAL_TIM_IC_CaptureCallback               0x080056f1   Thumb Code     2  stm32h7xx_hal_tim.o(.text.HAL_TIM_IC_CaptureCallback)
    HAL_TIM_IRQHandler                       0x080056f9   Thumb Code   364  stm32h7xx_hal_tim.o(.text.HAL_TIM_IRQHandler)
    HAL_TIM_MspPostInit                      0x08005869   Thumb Code    84  stm32h7xx_hal_msp.o(.text.HAL_TIM_MspPostInit)
    HAL_TIM_OC_DelayElapsedCallback          0x080058c1   Thumb Code     2  stm32h7xx_hal_tim.o(.text.HAL_TIM_OC_DelayElapsedCallback)
    HAL_TIM_PWM_ConfigChannel                0x080058c9   Thumb Code  1226  stm32h7xx_hal_tim.o(.text.HAL_TIM_PWM_ConfigChannel)
    HAL_TIM_PWM_Init                         0x08005d99   Thumb Code    96  stm32h7xx_hal_tim.o(.text.HAL_TIM_PWM_Init)
    HAL_TIM_PWM_MspInit                      0x08005df9   Thumb Code     2  stm32h7xx_hal_tim.o(.text.HAL_TIM_PWM_MspInit)
    HAL_TIM_PWM_PulseFinishedCallback        0x08005e01   Thumb Code     2  stm32h7xx_hal_tim.o(.text.HAL_TIM_PWM_PulseFinishedCallback)
    HAL_TIM_PWM_Start                        0x08005e09   Thumb Code   412  stm32h7xx_hal_tim.o(.text.HAL_TIM_PWM_Start)
    HAL_TIM_PeriodElapsedCallback            0x08005fa9   Thumb Code   172  main.o(.text.HAL_TIM_PeriodElapsedCallback)
    HAL_TIM_TriggerCallback                  0x08006059   Thumb Code   114  main.o(.text.HAL_TIM_TriggerCallback)
    HardFault_Handler                        0x080060d1   Thumb Code     2  stm32h7xx_it.o(.text.HardFault_Handler)
    MemManage_Handler                        0x080060d9   Thumb Code     2  stm32h7xx_it.o(.text.MemManage_Handler)
    NMI_Handler                              0x080060e1   Thumb Code     2  stm32h7xx_it.o(.text.NMI_Handler)
    PendSV_Handler                           0x080060e9   Thumb Code     2  stm32h7xx_it.o(.text.PendSV_Handler)
    RCC_IRQHandler                           0x08006341   Thumb Code     2  stm32h7xx_it.o(.text.RCC_IRQHandler)
    SVC_Handler                              0x08006349   Thumb Code     2  stm32h7xx_it.o(.text.SVC_Handler)
    SVPWM                                    0x08006351   Thumb Code   932  main.o(.text.SVPWM)
    SysTick_Handler                          0x080066f9   Thumb Code     4  stm32h7xx_it.o(.text.SysTick_Handler)
    SystemClock_Config                       0x08006701   Thumb Code   196  main.o(.text.SystemClock_Config)
    SystemInit                               0x080067c9   Thumb Code   210  system_stm32h7xx.o(.text.SystemInit)
    TIM1_UP_IRQHandler                       0x080068a1   Thumb Code    12  stm32h7xx_it.o(.text.TIM1_UP_IRQHandler)
    TIM2_IRQHandler                          0x080068b1   Thumb Code    12  stm32h7xx_it.o(.text.TIM2_IRQHandler)
    TIM3_IRQHandler                          0x080068c1   Thumb Code    12  stm32h7xx_it.o(.text.TIM3_IRQHandler)
    TIM4_IRQHandler                          0x080068d1   Thumb Code    12  stm32h7xx_it.o(.text.TIM4_IRQHandler)
    TIM5_IRQHandler                          0x080068e1   Thumb Code    12  stm32h7xx_it.o(.text.TIM5_IRQHandler)
    TIM_Base_SetConfig                       0x080068f1   Thumb Code   376  stm32h7xx_hal_tim.o(.text.TIM_Base_SetConfig)
    TIM_CCxChannelCmd                        0x08006a69   Thumb Code    30  stm32h7xx_hal_tim.o(.text.TIM_CCxChannelCmd)
    TIM_OC2_SetConfig                        0x08006a89   Thumb Code   172  stm32h7xx_hal_tim.o(.text.TIM_OC2_SetConfig)
    TIM_TI1_SetConfig                        0x08006b39   Thumb Code   298  stm32h7xx_hal_tim.o(.text.TIM_TI1_SetConfig)
    UsageFault_Handler                       0x08006c69   Thumb Code     2  stm32h7xx_it.o(.text.UsageFault_Handler)
    arm_cos_f32                              0x08006c71   Thumb Code   140  fastmathfunctions.o(.text.arm_cos_f32)
    arm_sin_f32                              0x08006d01   Thumb Code   136  fastmathfunctions.o(.text.arm_sin_f32)
    main                                     0x08006d89   Thumb Code  1268  main.o(.text.main)
    __ARM_fpclassifyf                        0x0800727d   Thumb Code    38  fpclassifyf.o(i.__ARM_fpclassifyf)
    __hardfp_atan2f                          0x080072a5   Thumb Code   594  atan2f.o(i.__hardfp_atan2f)
    __hardfp_sinf                            0x08007551   Thumb Code   344  sinf.o(i.__hardfp_sinf)
    __mathlib_flt_infnan                     0x080076e1   Thumb Code     6  funder.o(i.__mathlib_flt_infnan)
    __mathlib_flt_infnan2                    0x080076e7   Thumb Code     6  funder.o(i.__mathlib_flt_infnan2)
    __mathlib_flt_invalid                    0x080076ed   Thumb Code    10  funder.o(i.__mathlib_flt_invalid)
    __mathlib_flt_underflow                  0x080076fd   Thumb Code    10  funder.o(i.__mathlib_flt_underflow)
    __mathlib_rredf2                         0x0800770d   Thumb Code   316  rredf.o(i.__mathlib_rredf2)
    _fp_init                                 0x08007861   Thumb Code    26  fpinit.o(x$fpl$fpinit)
    __fplib_config_fpu_vfp                   0x08007879   Thumb Code     0  fpinit.o(x$fpl$fpinit)
    __fplib_config_pureend_doubles           0x08007879   Thumb Code     0  fpinit.o(x$fpl$fpinit)
    __I$use$fp                               0x0800787a   Number         0  usenofp.o(x$fpl$usenofp)
    D1CorePrescTable                         0x080078a2   Data          16  system_stm32h7xx.o(.rodata.D1CorePrescTable)
    sinTable_f32                             0x080078b4   Data        2052  commontables.o(.rodata.sinTable_f32)
    Region$$Table$$Base                      0x080080b8   Number         0  anon$$obj.o(Region$$Table)
    Region$$Table$$Limit                     0x080080e8   Number         0  anon$$obj.o(Region$$Table)
    Vq                                       0x20000000   Data           4  main.o(.data..L_MergedGlobals)
    Vdc                                      0x20000004   Data           4  main.o(.data..L_MergedGlobals)
    uwTickFreq                               0x20000008   Data           1  stm32h7xx_hal.o(.data..L_MergedGlobals)
    uwTickPrio                               0x2000000c   Data           4  stm32h7xx_hal.o(.data..L_MergedGlobals)
    SystemCoreClock                          0x20000010   Data           4  system_stm32h7xx.o(.data..L_MergedGlobals)
    SystemD2Clock                            0x20000014   Data           4  system_stm32h7xx.o(.data..L_MergedGlobals)
    htim2                                    0x20000018   Data          76  main.o(.bss.htim2)
    htim3                                    0x20000064   Data          76  main.o(.bss.htim3)
    uwTick                                   0x200000b0   Data           4  stm32h7xx_hal.o(.bss.uwTick)
    __libspace_start                         0x24000000   Data          96  libspace.o(.bss)
    __temporary_stack_top$libspace           0x24000060   Data           0  libspace.o(.bss)
    s                                        0x24000060   Data           1  main.o(.bss..L_MergedGlobals.1)
    hall_u                                   0x24000062   Data           1  main.o(.bss..L_MergedGlobals.1)
    hall_v                                   0x24000063   Data           1  main.o(.bss..L_MergedGlobals.1)
    hall_w                                   0x24000064   Data           1  main.o(.bss..L_MergedGlobals.1)
    raw_state                                0x24000065   Data           1  main.o(.bss..L_MergedGlobals.1)
    s_hall                                   0x24000066   Data           1  main.o(.bss..L_MergedGlobals.1)
    encoder_velocity                         0x24000068   Data           2  main.o(.bss..L_MergedGlobals.1)
    Angle                                    0x2400006c   Data           4  main.o(.bss..L_MergedGlobals.1)
    Angle_radian                             0x24000070   Data           4  main.o(.bss..L_MergedGlobals.1)
    Vd                                       0x24000074   Data           4  main.o(.bss..L_MergedGlobals.1)
    Tperiod                                  0x24000078   Data           4  main.o(.bss..L_MergedGlobals.1)
    Ta                                       0x2400007c   Data           4  main.o(.bss..L_MergedGlobals.1)
    Tb                                       0x24000080   Data           4  main.o(.bss..L_MergedGlobals.1)
    T0                                       0x24000084   Data           4  main.o(.bss..L_MergedGlobals.1)
    T1                                       0x24000088   Data           4  main.o(.bss..L_MergedGlobals.1)
    T2                                       0x2400008c   Data           4  main.o(.bss..L_MergedGlobals.1)
    u                                        0x24000090   Data           4  main.o(.bss..L_MergedGlobals.1)
    v                                        0x24000094   Data           4  main.o(.bss..L_MergedGlobals.1)
    w                                        0x24000098   Data           4  main.o(.bss..L_MergedGlobals.1)
    g                                        0x2400009c   Data           4  main.o(.bss..L_MergedGlobals.1)
    Tsw1                                     0x240000a0   Data           4  main.o(.bss..L_MergedGlobals.1)
    Tsw2                                     0x240000a4   Data           4  main.o(.bss..L_MergedGlobals.1)
    Tsw3                                     0x240000a8   Data           4  main.o(.bss..L_MergedGlobals.1)
    Valpha                                   0x240000ac   Data           4  main.o(.bss..L_MergedGlobals.1)
    Vbeta                                    0x240000b0   Data           4  main.o(.bss..L_MergedGlobals.1)
    Vref                                     0x240000b4   Data           4  main.o(.bss..L_MergedGlobals.1)
    agl_radian                               0x240000b8   Data           4  main.o(.bss..L_MergedGlobals.1)
    agl                                      0x240000bc   Data           4  main.o(.bss..L_MergedGlobals.1)
    encoder_position                         0x240000c0   Data           8  main.o(.bss..L_MergedGlobals.1)
    ADC_VAL                                  0x240000c8   Data           8  main.o(.bss..L_MergedGlobals.1)
    enc_instance_mot                         0x240000d0   Data          24  main.o(.bss..L_MergedGlobals.2)
    htim1                                    0x240000e8   Data          76  main.o(.bss..L_MergedGlobals.2)
    hadc1                                    0x24000134   Data         112  main.o(.bss.hadc1)
    hdma_adc1                                0x240001a4   Data         120  main.o(.bss.hdma_adc1)
    htim4                                    0x2400021c   Data          76  main.o(.bss.htim4)
    htim5                                    0x24000268   Data          76  main.o(.bss.htim5)



==============================================================================

Memory Map of the image

  Image Entry point : 0x080002cd

  Load Region LR_IROM1 (Base: 0x08000000, Size: 0x00008100, Max: 0x00100000, ABSOLUTE)

    Execution Region ER_IROM1 (Exec base: 0x08000000, Load base: 0x08000000, Size: 0x000080e8, Max: 0x00100000, ABSOLUTE)

    Exec Addr    Load Addr    Size         Type   Attr      Idx    E Section Name        Object

    0x08000000   0x08000000   0x000002cc   Data   RO            3    RESET               startup_stm32h723xx.o
    0x080002cc   0x080002cc   0x00000008   Code   RO         3168  * !!!main             c_w.l(__main.o)
    0x080002d4   0x080002d4   0x00000034   Code   RO         3444    !!!scatter          c_w.l(__scatter.o)
    0x08000308   0x08000308   0x0000001a   Code   RO         3446    !!handler_copy      c_w.l(__scatter_copy.o)
    0x08000322   0x08000322   0x00000002   PAD
    0x08000324   0x08000324   0x0000001c   Code   RO         3448    !!handler_zi        c_w.l(__scatter_zi.o)
    0x08000340   0x08000340   0x00000002   Code   RO         3309    .ARM.Collect$$libinit$$00000000  c_w.l(libinit.o)
    0x08000342   0x08000342   0x00000004   Code   RO         3318    .ARM.Collect$$libinit$$00000001  c_w.l(libinit2.o)
    0x08000346   0x08000346   0x00000000   Code   RO         3321    .ARM.Collect$$libinit$$00000004  c_w.l(libinit2.o)
    0x08000346   0x08000346   0x00000000   Code   RO         3323    .ARM.Collect$$libinit$$00000006  c_w.l(libinit2.o)
    0x08000346   0x08000346   0x00000000   Code   RO         3326    .ARM.Collect$$libinit$$0000000C  c_w.l(libinit2.o)
    0x08000346   0x08000346   0x00000000   Code   RO         3328    .ARM.Collect$$libinit$$0000000E  c_w.l(libinit2.o)
    0x08000346   0x08000346   0x00000000   Code   RO         3330    .ARM.Collect$$libinit$$00000010  c_w.l(libinit2.o)
    0x08000346   0x08000346   0x00000000   Code   RO         3333    .ARM.Collect$$libinit$$00000013  c_w.l(libinit2.o)
    0x08000346   0x08000346   0x00000000   Code   RO         3335    .ARM.Collect$$libinit$$00000015  c_w.l(libinit2.o)
    0x08000346   0x08000346   0x00000000   Code   RO         3337    .ARM.Collect$$libinit$$00000017  c_w.l(libinit2.o)
    0x08000346   0x08000346   0x00000000   Code   RO         3339    .ARM.Collect$$libinit$$00000019  c_w.l(libinit2.o)
    0x08000346   0x08000346   0x00000000   Code   RO         3341    .ARM.Collect$$libinit$$0000001B  c_w.l(libinit2.o)
    0x08000346   0x08000346   0x00000000   Code   RO         3343    .ARM.Collect$$libinit$$0000001D  c_w.l(libinit2.o)
    0x08000346   0x08000346   0x00000000   Code   RO         3345    .ARM.Collect$$libinit$$0000001F  c_w.l(libinit2.o)
    0x08000346   0x08000346   0x00000000   Code   RO         3347    .ARM.Collect$$libinit$$00000021  c_w.l(libinit2.o)
    0x08000346   0x08000346   0x00000000   Code   RO         3349    .ARM.Collect$$libinit$$00000023  c_w.l(libinit2.o)
    0x08000346   0x08000346   0x00000000   Code   RO         3351    .ARM.Collect$$libinit$$00000025  c_w.l(libinit2.o)
    0x08000346   0x08000346   0x00000000   Code   RO         3353    .ARM.Collect$$libinit$$00000027  c_w.l(libinit2.o)
    0x08000346   0x08000346   0x00000000   Code   RO         3357    .ARM.Collect$$libinit$$0000002E  c_w.l(libinit2.o)
    0x08000346   0x08000346   0x00000000   Code   RO         3359    .ARM.Collect$$libinit$$00000030  c_w.l(libinit2.o)
    0x08000346   0x08000346   0x00000000   Code   RO         3361    .ARM.Collect$$libinit$$00000032  c_w.l(libinit2.o)
    0x08000346   0x08000346   0x00000000   Code   RO         3363    .ARM.Collect$$libinit$$00000034  c_w.l(libinit2.o)
    0x08000346   0x08000346   0x00000002   Code   RO         3364    .ARM.Collect$$libinit$$00000035  c_w.l(libinit2.o)
    0x08000348   0x08000348   0x00000002   Code   RO         3399    .ARM.Collect$$libshutdown$$00000000  c_w.l(libshutdown.o)
    0x0800034a   0x0800034a   0x00000000   Code   RO         3427    .ARM.Collect$$libshutdown$$00000002  c_w.l(libshutdown2.o)
    0x0800034a   0x0800034a   0x00000000   Code   RO         3429    .ARM.Collect$$libshutdown$$00000004  c_w.l(libshutdown2.o)
    0x0800034a   0x0800034a   0x00000000   Code   RO         3432    .ARM.Collect$$libshutdown$$00000007  c_w.l(libshutdown2.o)
    0x0800034a   0x0800034a   0x00000000   Code   RO         3435    .ARM.Collect$$libshutdown$$0000000A  c_w.l(libshutdown2.o)
    0x0800034a   0x0800034a   0x00000000   Code   RO         3437    .ARM.Collect$$libshutdown$$0000000C  c_w.l(libshutdown2.o)
    0x0800034a   0x0800034a   0x00000000   Code   RO         3440    .ARM.Collect$$libshutdown$$0000000F  c_w.l(libshutdown2.o)
    0x0800034a   0x0800034a   0x00000002   Code   RO         3441    .ARM.Collect$$libshutdown$$00000010  c_w.l(libshutdown2.o)
    0x0800034c   0x0800034c   0x00000000   Code   RO         3223    .ARM.Collect$$rtentry$$00000000  c_w.l(__rtentry.o)
    0x0800034c   0x0800034c   0x00000000   Code   RO         3272    .ARM.Collect$$rtentry$$00000002  c_w.l(__rtentry2.o)
    0x0800034c   0x0800034c   0x00000006   Code   RO         3284    .ARM.Collect$$rtentry$$00000004  c_w.l(__rtentry4.o)
    0x08000352   0x08000352   0x00000000   Code   RO         3274    .ARM.Collect$$rtentry$$00000009  c_w.l(__rtentry2.o)
    0x08000352   0x08000352   0x00000004   Code   RO         3275    .ARM.Collect$$rtentry$$0000000A  c_w.l(__rtentry2.o)
    0x08000356   0x08000356   0x00000000   Code   RO         3277    .ARM.Collect$$rtentry$$0000000C  c_w.l(__rtentry2.o)
    0x08000356   0x08000356   0x00000008   Code   RO         3278    .ARM.Collect$$rtentry$$0000000D  c_w.l(__rtentry2.o)
    0x0800035e   0x0800035e   0x00000002   Code   RO         3310    .ARM.Collect$$rtexit$$00000000  c_w.l(rtexit.o)
    0x08000360   0x08000360   0x00000000   Code   RO         3370    .ARM.Collect$$rtexit$$00000002  c_w.l(rtexit2.o)
    0x08000360   0x08000360   0x00000004   Code   RO         3371    .ARM.Collect$$rtexit$$00000003  c_w.l(rtexit2.o)
    0x08000364   0x08000364   0x00000006   Code   RO         3372    .ARM.Collect$$rtexit$$00000004  c_w.l(rtexit2.o)
    0x0800036a   0x0800036a   0x00000002   PAD
    0x0800036c   0x0800036c   0x00000048   Code   RO            4    .text               startup_stm32h723xx.o
    0x080003b4   0x080003b4   0x0000004e   Code   RO         3164    .text               c_w.l(rt_memclr_w.o)
    0x08000402   0x08000402   0x00000006   Code   RO         3166    .text               c_w.l(heapauxi.o)
    0x08000408   0x08000408   0x00000016   Code   RO         3228    .text               c_w.l(_rserrno.o)
    0x0800041e   0x0800041e   0x00000002   PAD
    0x08000420   0x08000420   0x00000008   Code   RO         3291    .text               c_w.l(rt_errno_addr_intlibspace.o)
    0x08000428   0x08000428   0x00000008   Code   RO         3293    .text               c_w.l(libspace.o)
    0x08000430   0x08000430   0x0000004a   Code   RO         3296    .text               c_w.l(sys_stackheap_outer.o)
    0x0800047a   0x0800047a   0x00000012   Code   RO         3298    .text               c_w.l(exit.o)
    0x0800048c   0x0800048c   0x0000000c   Code   RO         3365    .text               c_w.l(sys_exit.o)
    0x08000498   0x08000498   0x00000002   Code   RO         3388    .text               c_w.l(use_no_semi.o)
    0x0800049a   0x0800049a   0x00000000   Code   RO         3390    .text               c_w.l(indicate_semi.o)
    0x0800049a   0x0800049a   0x00000006   PAD
    0x080004a0   0x080004a0   0x00000100   Code   RO          125    .text.ADC_ConfigureBoostMode  stm32h7xx_hal_adc.o
    0x080005a0   0x080005a0   0x0000005e   Code   RO          151    .text.ADC_DMAConvCplt  stm32h7xx_hal_adc.o
    0x080005fe   0x080005fe   0x00000002   PAD
    0x08000600   0x08000600   0x00000016   Code   RO          155    .text.ADC_DMAError  stm32h7xx_hal_adc.o
    0x08000616   0x08000616   0x00000002   PAD
    0x08000618   0x08000618   0x00000006   Code   RO          153    .text.ADC_DMAHalfConvCplt  stm32h7xx_hal_adc.o
    0x0800061e   0x0800061e   0x00000002   PAD
    0x08000620   0x08000620   0x000000ae   Code   RO          137    .text.ADC_Enable    stm32h7xx_hal_adc.o
    0x080006ce   0x080006ce   0x00000002   PAD
    0x080006d0   0x080006d0   0x00000002   Code   RO           60    .text.BusFault_Handler  stm32h7xx_it.o
    0x080006d2   0x080006d2   0x00000006   PAD
    0x080006d8   0x080006d8   0x0000000c   Code   RO           74    .text.DMA1_Stream0_IRQHandler  stm32h7xx_it.o
    0x080006e4   0x080006e4   0x00000004   PAD
    0x080006e8   0x080006e8   0x00000128   Code   RO          472    .text.DMA_CalcBaseAndBitshift  stm32h7xx_hal_dma.o
    0x08000810   0x08000810   0x00000312   Code   RO          478    .text.DMA_SetConfig  stm32h7xx_hal_dma.o
    0x08000b22   0x08000b22   0x00000006   PAD
    0x08000b28   0x08000b28   0x00000002   Code   RO           66    .text.DebugMon_Handler  stm32h7xx_it.o
    0x08000b2a   0x08000b2a   0x00000006   PAD
    0x08000b30   0x08000b30   0x00000006   Code   RO           29    .text.Error_Handler  main.o
    0x08000b36   0x08000b36   0x00000002   PAD
    0x08000b38   0x08000b38   0x0000002c   Code   RO         1409    .text.ExitRun0Mode  system_stm32h7xx.o
    0x08000b64   0x08000b64   0x00000004   PAD
    0x08000b68   0x08000b68   0x000000b8   Code   RO          237    .text.HAL_ADCEx_MultiModeConfigChannel  stm32h7xx_hal_adc_ex.o
    0x08000c20   0x08000c20   0x000006e4   Code   RO          171    .text.HAL_ADC_ConfigChannel  stm32h7xx_hal_adc.o
    0x08001304   0x08001304   0x00000004   PAD
    0x08001308   0x08001308   0x00000002   Code   RO          163    .text.HAL_ADC_ConvCpltCallback  stm32h7xx_hal_adc.o
    0x0800130a   0x0800130a   0x00000006   PAD
    0x08001310   0x08001310   0x00000002   Code   RO          169    .text.HAL_ADC_ConvHalfCpltCallback  stm32h7xx_hal_adc.o
    0x08001312   0x08001312   0x00000006   PAD
    0x08001318   0x08001318   0x00000002   Code   RO          167    .text.HAL_ADC_ErrorCallback  stm32h7xx_hal_adc.o
    0x0800131a   0x0800131a   0x00000006   PAD
    0x08001320   0x08001320   0x00000310   Code   RO          121    .text.HAL_ADC_Init  stm32h7xx_hal_adc.o
    0x08001630   0x08001630   0x0000011c   Code   RO           95    .text.HAL_ADC_MspInit  stm32h7xx_hal_msp.o
    0x0800174c   0x0800174c   0x00000004   PAD
    0x08001750   0x08001750   0x0000013c   Code   RO          149    .text.HAL_ADC_Start_DMA  stm32h7xx_hal_adc.o
    0x0800188c   0x0800188c   0x00000004   PAD
    0x08001890   0x08001890   0x00000838   Code   RO          488    .text.HAL_DMA_IRQHandler  stm32h7xx_hal_dma.o
    0x080020c8   0x080020c8   0x0000065c   Code   RO          470    .text.HAL_DMA_Init  stm32h7xx_hal_dma.o
    0x08002724   0x08002724   0x00000004   PAD
    0x08002728   0x08002728   0x000003a2   Code   RO          480    .text.HAL_DMA_Start_IT  stm32h7xx_hal_dma.o
    0x08002aca   0x08002aca   0x00000006   PAD
    0x08002ad0   0x08002ad0   0x000001ca   Code   RO          416    .text.HAL_GPIO_Init  stm32h7xx_hal_gpio.o
    0x08002c9a   0x08002c9a   0x00000006   PAD
    0x08002ca0   0x08002ca0   0x0000000a   Code   RO          420    .text.HAL_GPIO_ReadPin  stm32h7xx_hal_gpio.o
    0x08002caa   0x08002caa   0x00000006   PAD
    0x08002cb0   0x08002cb0   0x0000000c   Code   RO          768    .text.HAL_GetTick   stm32h7xx_hal.o
    0x08002cbc   0x08002cbc   0x00000004   PAD
    0x08002cc0   0x08002cc0   0x0000001a   Code   RO          766    .text.HAL_IncTick   stm32h7xx_hal.o
    0x08002cda   0x08002cda   0x00000006   PAD
    0x08002ce0   0x08002ce0   0x00000064   Code   RO          756    .text.HAL_Init      stm32h7xx_hal.o
    0x08002d44   0x08002d44   0x00000004   PAD
    0x08002d48   0x08002d48   0x0000004c   Code   RO          758    .text.HAL_InitTick  stm32h7xx_hal.o
    0x08002d94   0x08002d94   0x00000004   PAD
    0x08002d98   0x08002d98   0x0000005e   Code   RO          726    .text.HAL_MPU_ConfigRegion  stm32h7xx_hal_cortex.o
    0x08002df6   0x08002df6   0x00000002   PAD
    0x08002df8   0x08002df8   0x0000001a   Code   RO          718    .text.HAL_MPU_Disable  stm32h7xx_hal_cortex.o
    0x08002e12   0x08002e12   0x00000006   PAD
    0x08002e18   0x08002e18   0x00000020   Code   RO          720    .text.HAL_MPU_Enable  stm32h7xx_hal_cortex.o
    0x08002e38   0x08002e38   0x00000034   Code   RO           93    .text.HAL_MspInit   stm32h7xx_hal_msp.o
    0x08002e6c   0x08002e6c   0x00000004   PAD
    0x08002e70   0x08002e70   0x00000022   Code   RO          708    .text.HAL_NVIC_EnableIRQ  stm32h7xx_hal_cortex.o
    0x08002e92   0x08002e92   0x00000006   PAD
    0x08002e98   0x08002e98   0x0000005a   Code   RO          706    .text.HAL_NVIC_SetPriority  stm32h7xx_hal_cortex.o
    0x08002ef2   0x08002ef2   0x00000006   PAD
    0x08002ef8   0x08002ef8   0x00000020   Code   RO          704    .text.HAL_NVIC_SetPriorityGrouping  stm32h7xx_hal_cortex.o
    0x08002f18   0x08002f18   0x0000004c   Code   RO          620    .text.HAL_PWREx_ConfigSupply  stm32h7xx_hal_pwr_ex.o
    0x08002f64   0x08002f64   0x00000004   PAD
    0x08002f68   0x08002f68   0x00000134   Code   RO          301    .text.HAL_RCCEx_GetPLL1ClockFreq  stm32h7xx_hal_rcc_ex.o
    0x0800309c   0x0800309c   0x00000004   PAD
    0x080030a0   0x080030a0   0x0000012c   Code   RO          303    .text.HAL_RCCEx_GetPLL2ClockFreq  stm32h7xx_hal_rcc_ex.o
    0x080031cc   0x080031cc   0x00000004   PAD
    0x080031d0   0x080031d0   0x0000012c   Code   RO          305    .text.HAL_RCCEx_GetPLL3ClockFreq  stm32h7xx_hal_rcc_ex.o
    0x080032fc   0x080032fc   0x00000004   PAD
    0x08003300   0x08003300   0x00000402   Code   RO          299    .text.HAL_RCCEx_GetPeriphCLKFreq  stm32h7xx_hal_rcc_ex.o
    0x08003702   0x08003702   0x00000006   PAD
    0x08003708   0x08003708   0x00000aa8   Code   RO          291    .text.HAL_RCCEx_PeriphCLKConfig  stm32h7xx_hal_rcc_ex.o
    0x080041b0   0x080041b0   0x00000268   Code   RO          259    .text.HAL_RCC_ClockConfig  stm32h7xx_hal_rcc.o
    0x08004418   0x08004418   0x0000004c   Code   RO          269    .text.HAL_RCC_GetHCLKFreq  stm32h7xx_hal_rcc.o
    0x08004464   0x08004464   0x00000004   PAD
    0x08004468   0x08004468   0x00000060   Code   RO          271    .text.HAL_RCC_GetPCLK1Freq  stm32h7xx_hal_rcc.o
    0x080044c8   0x080044c8   0x00000118   Code   RO          261    .text.HAL_RCC_GetSysClockFreq  stm32h7xx_hal_rcc.o
    0x080045e0   0x080045e0   0x00000518   Code   RO          257    .text.HAL_RCC_OscConfig  stm32h7xx_hal_rcc.o
    0x08004af8   0x08004af8   0x0000002e   Code   RO          716    .text.HAL_SYSTICK_Config  stm32h7xx_hal_cortex.o
    0x08004b26   0x08004b26   0x00000002   PAD
    0x08004b28   0x08004b28   0x00000002   Code   RO         1391    .text.HAL_TIMEx_Break2Callback  stm32h7xx_hal_tim_ex.o
    0x08004b2a   0x08004b2a   0x00000006   PAD
    0x08004b30   0x08004b30   0x00000002   Code   RO         1389    .text.HAL_TIMEx_BreakCallback  stm32h7xx_hal_tim_ex.o
    0x08004b32   0x08004b32   0x00000006   PAD
    0x08004b38   0x08004b38   0x00000002   Code   RO         1385    .text.HAL_TIMEx_CommutCallback  stm32h7xx_hal_tim_ex.o
    0x08004b3a   0x08004b3a   0x00000006   PAD
    0x08004b40   0x08004b40   0x000000c6   Code   RO         1371    .text.HAL_TIMEx_ConfigBreakDeadTime  stm32h7xx_hal_tim_ex.o
    0x08004c06   0x08004c06   0x00000002   PAD
    0x08004c08   0x08004c08   0x000000d4   Code   RO         1303    .text.HAL_TIMEx_HallSensor_Init  stm32h7xx_hal_tim_ex.o
    0x08004cdc   0x08004cdc   0x00000004   PAD
    0x08004ce0   0x08004ce0   0x00000078   Code   RO          103    .text.HAL_TIMEx_HallSensor_MspInit  stm32h7xx_hal_msp.o
    0x08004d58   0x08004d58   0x000000f2   Code   RO         1311    .text.HAL_TIMEx_HallSensor_Start  stm32h7xx_hal_tim_ex.o
    0x08004e4a   0x08004e4a   0x00000006   PAD
    0x08004e50   0x08004e50   0x000000da   Code   RO         1369    .text.HAL_TIMEx_MasterConfigSynchronization  stm32h7xx_hal_tim_ex.o
    0x08004f2a   0x08004f2a   0x00000006   PAD
    0x08004f30   0x08004f30   0x00000140   Code   RO         1339    .text.HAL_TIMEx_PWMN_Start  stm32h7xx_hal_tim_ex.o
    0x08005070   0x08005070   0x00000060   Code   RO         1074    .text.HAL_TIM_Base_Init  stm32h7xx_hal_tim.o
    0x080050d0   0x080050d0   0x000000a0   Code   RO           99    .text.HAL_TIM_Base_MspInit  stm32h7xx_hal_msp.o
    0x08005170   0x08005170   0x000000dc   Code   RO         1088    .text.HAL_TIM_Base_Start_IT  stm32h7xx_hal_tim.o
    0x0800524c   0x0800524c   0x00000004   PAD
    0x08005250   0x08005250   0x000002b8   Code   RO         1254    .text.HAL_TIM_ConfigClockSource  stm32h7xx_hal_tim.o
    0x08005508   0x08005508   0x000000b8   Code   RO         1188    .text.HAL_TIM_Encoder_Init  stm32h7xx_hal_tim.o
    0x080055c0   0x080055c0   0x0000006e   Code   RO          101    .text.HAL_TIM_Encoder_MspInit  stm32h7xx_hal_msp.o
    0x0800562e   0x0800562e   0x00000002   PAD
    0x08005630   0x08005630   0x000000bc   Code   RO         1196    .text.HAL_TIM_Encoder_Start  stm32h7xx_hal_tim.o
    0x080056ec   0x080056ec   0x00000004   PAD
    0x080056f0   0x080056f0   0x00000002   Code   RO         1210    .text.HAL_TIM_IC_CaptureCallback  stm32h7xx_hal_tim.o
    0x080056f2   0x080056f2   0x00000006   PAD
    0x080056f8   0x080056f8   0x0000016c   Code   RO         1208    .text.HAL_TIM_IRQHandler  stm32h7xx_hal_tim.o
    0x08005864   0x08005864   0x00000004   PAD
    0x08005868   0x08005868   0x00000054   Code   RO          105    .text.HAL_TIM_MspPostInit  stm32h7xx_hal_msp.o
    0x080058bc   0x080058bc   0x00000004   PAD
    0x080058c0   0x080058c0   0x00000002   Code   RO         1212    .text.HAL_TIM_OC_DelayElapsedCallback  stm32h7xx_hal_tim.o
    0x080058c2   0x080058c2   0x00000006   PAD
    0x080058c8   0x080058c8   0x000004ca   Code   RO         1228    .text.HAL_TIM_PWM_ConfigChannel  stm32h7xx_hal_tim.o
    0x08005d92   0x08005d92   0x00000006   PAD
    0x08005d98   0x08005d98   0x00000060   Code   RO         1128    .text.HAL_TIM_PWM_Init  stm32h7xx_hal_tim.o
    0x08005df8   0x08005df8   0x00000002   Code   RO         1130    .text.HAL_TIM_PWM_MspInit  stm32h7xx_hal_tim.o
    0x08005dfa   0x08005dfa   0x00000006   PAD
    0x08005e00   0x08005e00   0x00000002   Code   RO         1214    .text.HAL_TIM_PWM_PulseFinishedCallback  stm32h7xx_hal_tim.o
    0x08005e02   0x08005e02   0x00000006   PAD
    0x08005e08   0x08005e08   0x0000019c   Code   RO         1136    .text.HAL_TIM_PWM_Start  stm32h7xx_hal_tim.o
    0x08005fa4   0x08005fa4   0x00000004   PAD
    0x08005fa8   0x08005fa8   0x000000ac   Code   RO           17    .text.HAL_TIM_PeriodElapsedCallback  main.o
    0x08006054   0x08006054   0x00000004   PAD
    0x08006058   0x08006058   0x00000072   Code   RO           23    .text.HAL_TIM_TriggerCallback  main.o
    0x080060ca   0x080060ca   0x00000006   PAD
    0x080060d0   0x080060d0   0x00000002   Code   RO           56    .text.HardFault_Handler  stm32h7xx_it.o
    0x080060d2   0x080060d2   0x00000006   PAD
    0x080060d8   0x080060d8   0x00000002   Code   RO           58    .text.MemManage_Handler  stm32h7xx_it.o
    0x080060da   0x080060da   0x00000006   PAD
    0x080060e0   0x080060e0   0x00000002   Code   RO           54    .text.NMI_Handler   stm32h7xx_it.o
    0x080060e2   0x080060e2   0x00000006   PAD
    0x080060e8   0x080060e8   0x00000002   Code   RO           68    .text.PendSV_Handler  stm32h7xx_it.o
    0x080060ea   0x080060ea   0x00000006   PAD
    0x080060f0   0x080060f0   0x00000122   Code   RO          293    .text.RCCEx_PLL2_Config  stm32h7xx_hal_rcc_ex.o
    0x08006212   0x08006212   0x00000006   PAD
    0x08006218   0x08006218   0x00000122   Code   RO          295    .text.RCCEx_PLL3_Config  stm32h7xx_hal_rcc_ex.o
    0x0800633a   0x0800633a   0x00000006   PAD
    0x08006340   0x08006340   0x00000002   Code   RO           72    .text.RCC_IRQHandler  stm32h7xx_it.o
    0x08006342   0x08006342   0x00000006   PAD
    0x08006348   0x08006348   0x00000002   Code   RO           64    .text.SVC_Handler   stm32h7xx_it.o
    0x0800634a   0x0800634a   0x00000006   PAD
    0x08006350   0x08006350   0x000003a4   Code   RO           13    .text.SVPWM         main.o
    0x080066f4   0x080066f4   0x00000004   PAD
    0x080066f8   0x080066f8   0x00000004   Code   RO           70    .text.SysTick_Handler  stm32h7xx_it.o
    0x080066fc   0x080066fc   0x00000004   PAD
    0x08006700   0x08006700   0x000000c4   Code   RO           27    .text.SystemClock_Config  main.o
    0x080067c4   0x080067c4   0x00000004   PAD
    0x080067c8   0x080067c8   0x000000d2   Code   RO         1405    .text.SystemInit    system_stm32h7xx.o
    0x0800689a   0x0800689a   0x00000006   PAD
    0x080068a0   0x080068a0   0x0000000c   Code   RO           76    .text.TIM1_UP_IRQHandler  stm32h7xx_it.o
    0x080068ac   0x080068ac   0x00000004   PAD
    0x080068b0   0x080068b0   0x0000000c   Code   RO           78    .text.TIM2_IRQHandler  stm32h7xx_it.o
    0x080068bc   0x080068bc   0x00000004   PAD
    0x080068c0   0x080068c0   0x0000000c   Code   RO           80    .text.TIM3_IRQHandler  stm32h7xx_it.o
    0x080068cc   0x080068cc   0x00000004   PAD
    0x080068d0   0x080068d0   0x0000000c   Code   RO           82    .text.TIM4_IRQHandler  stm32h7xx_it.o
    0x080068dc   0x080068dc   0x00000004   PAD
    0x080068e0   0x080068e0   0x0000000c   Code   RO           84    .text.TIM5_IRQHandler  stm32h7xx_it.o
    0x080068ec   0x080068ec   0x00000004   PAD
    0x080068f0   0x080068f0   0x00000178   Code   RO         1078    .text.TIM_Base_SetConfig  stm32h7xx_hal_tim.o
    0x08006a68   0x08006a68   0x0000001e   Code   RO         1112    .text.TIM_CCxChannelCmd  stm32h7xx_hal_tim.o
    0x08006a86   0x08006a86   0x00000002   PAD
    0x08006a88   0x08006a88   0x000000ac   Code   RO         1222    .text.TIM_OC2_SetConfig  stm32h7xx_hal_tim.o
    0x08006b34   0x08006b34   0x00000004   PAD
    0x08006b38   0x08006b38   0x0000012a   Code   RO         1226    .text.TIM_TI1_SetConfig  stm32h7xx_hal_tim.o
    0x08006c62   0x08006c62   0x00000006   PAD
    0x08006c68   0x08006c68   0x00000002   Code   RO           62    .text.UsageFault_Handler  stm32h7xx_it.o
    0x08006c6a   0x08006c6a   0x00000006   PAD
    0x08006c70   0x08006c70   0x0000008c   Code   RO         1996    .text.arm_cos_f32   fastmathfunctions.o
    0x08006cfc   0x08006cfc   0x00000004   PAD
    0x08006d00   0x08006d00   0x00000088   Code   RO         2002    .text.arm_sin_f32   fastmathfunctions.o
    0x08006d88   0x08006d88   0x000004f4   Code   RO           25    .text.main          main.o
    0x0800727c   0x0800727c   0x00000026   Code   RO         3249    i.__ARM_fpclassifyf  m_wv.l(fpclassifyf.o)
    0x080072a2   0x080072a2   0x00000002   PAD
    0x080072a4   0x080072a4   0x000002ac   Code   RO         3170    i.__hardfp_atan2f   m_wv.l(atan2f.o)
    0x08007550   0x08007550   0x00000190   Code   RO         3211    i.__hardfp_sinf     m_wv.l(sinf.o)
    0x080076e0   0x080076e0   0x00000006   Code   RO         3252    i.__mathlib_flt_infnan  m_wv.l(funder.o)
    0x080076e6   0x080076e6   0x00000006   Code   RO         3253    i.__mathlib_flt_infnan2  m_wv.l(funder.o)
    0x080076ec   0x080076ec   0x00000010   Code   RO         3254    i.__mathlib_flt_invalid  m_wv.l(funder.o)
    0x080076fc   0x080076fc   0x00000010   Code   RO         3257    i.__mathlib_flt_underflow  m_wv.l(funder.o)
    0x0800770c   0x0800770c   0x00000154   Code   RO         3268    i.__mathlib_rredf2  m_wv.l(rredf.o)
    0x08007860   0x08007860   0x0000001a   Code   RO         3382    x$fpl$fpinit        fz_wv.l(fpinit.o)
    0x0800787a   0x0800787a   0x00000000   Code   RO         3232    x$fpl$usenofp       fz_wv.l(usenofp.o)
    0x0800787a   0x0800787a   0x00000002   PAD
    0x0800787c   0x0800787c   0x00000020   Data   RO         3269    .constdata          m_wv.l(rredf.o)
    0x0800789c   0x0800789c   0x00000006   Data   RO           42    .rodata..Lswitch.table.HAL_TIM_TriggerCallback  main.o
    0x080078a2   0x080078a2   0x00000010   Data   RO         1411    .rodata.D1CorePrescTable  system_stm32h7xx.o
    0x080078b2   0x080078b2   0x00000002   PAD
    0x080078b4   0x080078b4   0x00000804   Data   RO         1703    .rodata.sinTable_f32  commontables.o
    0x080080b8   0x080080b8   0x00000030   Data   RO         3443    Region$$Table       anon$$obj.o


    Execution Region RW_IRAM1 (Exec base: 0x20000000, Load base: 0x080080e8, Size: 0x000004b8, Max: 0x00020000, ABSOLUTE)

    Exec Addr    Load Addr    Size         Type   Attr      Idx    E Section Name        Object

    0x20000000   0x080080e8   0x00000008   Data   RW           43    .data..L_MergedGlobals  main.o
    0x20000008   0x080080f0   0x00000008   Data   RW          865    .data..L_MergedGlobals  stm32h7xx_hal.o
    0x20000010   0x080080f8   0x00000008   Data   RW         1412    .data..L_MergedGlobals  system_stm32h7xx.o
    0x20000018        -       0x0000004c   Zero   RW           35    .bss.htim2          main.o
    0x20000064        -       0x0000004c   Zero   RW           37    .bss.htim3          main.o
    0x200000b0        -       0x00000004   Zero   RW          864    .bss.uwTick         stm32h7xx_hal.o
    0x200000b4   0x08008100   0x00000004   PAD
    0x200000b8        -       0x00000400   Zero   RW            1    STACK               startup_stm32h723xx.o


    Execution Region RW_IRAM2 (Exec base: 0x24000000, Load base: 0x08008100, Size: 0x000004b8, Max: 0x00020000, ABSOLUTE)

    Exec Addr    Load Addr    Size         Type   Attr      Idx    E Section Name        Object

    0x24000000        -       0x00000060   Zero   RW         3294    .bss                c_w.l(libspace.o)
    0x24000060        -       0x00000070   Zero   RW           44    .bss..L_MergedGlobals.1  main.o
    0x240000d0        -       0x00000064   Zero   RW           45    .bss..L_MergedGlobals.2  main.o
    0x24000134        -       0x00000070   Zero   RW           39    .bss.hadc1          main.o
    0x240001a4        -       0x00000078   Zero   RW           40    .bss.hdma_adc1      main.o
    0x2400021c        -       0x0000004c   Zero   RW           36    .bss.htim4          main.o
    0x24000268        -       0x0000004c   Zero   RW           38    .bss.htim5          main.o
    0x240002b4   0x08008100   0x00000004   PAD
    0x240002b8        -       0x00000200   Zero   RW            2    HEAP                startup_stm32h723xx.o


==============================================================================

Image component sizes


      Code (inc. data)   RO Data    RW Data    ZI Data      Debug   Object Name

         0          0       2052          0          0      10713   commontables.o
       276         24          0          0          0      35453   fastmathfunctions.o
      2688         82          6          8        748      22410   main.o
        72         30        716          0       1536        860   startup_stm32h723xx.o
       214          0          0          8          4      15898   stm32h7xx_hal.o
      3422         12          0          0          0      30770   stm32h7xx_hal_adc.o
       184          0          0          0          0      31687   stm32h7xx_hal_adc_ex.o
       354          0          0          0          0      12481   stm32h7xx_hal_cortex.o
      5744         12          0          0          0      17862   stm32h7xx_hal_dma.o
       468          0          0          0          0       7028   stm32h7xx_hal_gpio.o
       810          0          0          0          0      15440   stm32h7xx_hal_msp.o
        76          0          0          0          0       9625   stm32h7xx_hal_pwr_ex.o
      2372         16          0          0          0      11415   stm32h7xx_hal_rcc.o
      5242        210          0          0          0      19914   stm32h7xx_hal_rcc_ex.o
      4366         22          0          0          0      65266   stm32h7xx_hal_tim.o
      1196          0          0          0          0      26700   stm32h7xx_hal_tim_ex.o
        94          0          0          0          0       5586   stm32h7xx_it.o
       254          0         16          8          0       5716   system_stm32h7xx.o

    ----------------------------------------------------------------------
     28196        428       2840         24       2296     344824   Object Totals
         0          0         48          0          0          0   (incl. Generated)
       364         20          2          0          8          0   (incl. Padding)

    ----------------------------------------------------------------------

      Code (inc. data)   RO Data    RW Data    ZI Data      Debug   Library Member Name

         8          0          0          0          0         68   __main.o
         0          0          0          0          0          0   __rtentry.o
        12          0          0          0          0          0   __rtentry2.o
         6          0          0          0          0          0   __rtentry4.o
        52          8          0          0          0          0   __scatter.o
        26          0          0          0          0          0   __scatter_copy.o
        28          0          0          0          0          0   __scatter_zi.o
        22          0          0          0          0        100   _rserrno.o
        18          0          0          0          0         80   exit.o
         6          0          0          0          0        152   heapauxi.o
         0          0          0          0          0          0   indicate_semi.o
         2          0          0          0          0          0   libinit.o
         6          0          0          0          0          0   libinit2.o
         2          0          0          0          0          0   libshutdown.o
         2          0          0          0          0          0   libshutdown2.o
         8          4          0          0         96         68   libspace.o
         8          4          0          0          0         68   rt_errno_addr_intlibspace.o
        78          0          0          0          0         80   rt_memclr_w.o
         2          0          0          0          0          0   rtexit.o
        10          0          0          0          0          0   rtexit2.o
        12          4          0          0          0         68   sys_exit.o
        74          0          0          0          0         80   sys_stackheap_outer.o
         2          0          0          0          0         68   use_no_semi.o
        26          0          0          0          0        116   fpinit.o
         0          0          0          0          0          0   usenofp.o
       684         90          0          0          0        208   atan2f.o
        38          0          0          0          0        116   fpclassifyf.o
        44         12          0          0          0        464   funder.o
       340         24         32          0          0        160   rredf.o
       400         56          0          0          0        212   sinf.o

    ----------------------------------------------------------------------
      1932        202         32          0         96       2108   Library Totals
        16          0          0          0          0          0   (incl. Padding)

    ----------------------------------------------------------------------

      Code (inc. data)   RO Data    RW Data    ZI Data      Debug   Library Name

       384         20          0          0         96        832   c_w.l
        26          0          0          0          0        116   fz_wv.l
      1506        182         32          0          0       1160   m_wv.l

    ----------------------------------------------------------------------
      1932        202         32          0         96       2108   Library Totals

    ----------------------------------------------------------------------

==============================================================================


      Code (inc. data)   RO Data    RW Data    ZI Data      Debug   

     30128        630       2872         24       2392     345620   Grand Totals
     30128        630       2872         24       2392     345620   ELF Image Totals
     30128        630       2872         24          0          0   ROM Totals

==============================================================================

    Total RO  Size (Code + RO Data)                33000 (  32.23kB)
    Total RW  Size (RW Data + ZI Data)              2416 (   2.36kB)
    Total ROM Size (Code + RO Data + RW Data)      33024 (  32.25kB)

==============================================================================

