Component: Arm Compiler for Embedded 6.19 Tool: armlink [5e73cb00]

==============================================================================

Section Cross References

    startup_stm32h723xx.o(RESET) refers to startup_stm32h723xx.o(STACK) for __initial_sp
    startup_stm32h723xx.o(RESET) refers to startup_stm32h723xx.o(.text) for Reset_Handler
    startup_stm32h723xx.o(RESET) refers to stm32h7xx_it.o(.text.NMI_Handler) for NMI_Handler
    startup_stm32h723xx.o(RESET) refers to stm32h7xx_it.o(.text.HardFault_Handler) for HardFault_Handler
    startup_stm32h723xx.o(RESET) refers to stm32h7xx_it.o(.text.MemManage_Handler) for MemManage_Handler
    startup_stm32h723xx.o(RESET) refers to stm32h7xx_it.o(.text.BusFault_Handler) for BusFault_Handler
    startup_stm32h723xx.o(RESET) refers to stm32h7xx_it.o(.text.UsageFault_Handler) for UsageFault_Handler
    startup_stm32h723xx.o(RESET) refers to stm32h7xx_it.o(.text.SVC_Handler) for SVC_Handler
    startup_stm32h723xx.o(RESET) refers to stm32h7xx_it.o(.text.DebugMon_Handler) for DebugMon_Handler
    startup_stm32h723xx.o(RESET) refers to stm32h7xx_it.o(.text.PendSV_Handler) for PendSV_Handler
    startup_stm32h723xx.o(RESET) refers to stm32h7xx_it.o(.text.SysTick_Handler) for SysTick_Handler
    startup_stm32h723xx.o(RESET) refers to stm32h7xx_it.o(.text.RCC_IRQHandler) for RCC_IRQHandler
    startup_stm32h723xx.o(RESET) refers to stm32h7xx_it.o(.text.DMA1_Stream0_IRQHandler) for DMA1_Stream0_IRQHandler
    startup_stm32h723xx.o(RESET) refers to stm32h7xx_it.o(.text.DMA1_Stream1_IRQHandler) for DMA1_Stream1_IRQHandler
    startup_stm32h723xx.o(RESET) refers to stm32h7xx_it.o(.text.ADC_IRQHandler) for ADC_IRQHandler
    startup_stm32h723xx.o(RESET) refers to stm32h7xx_it.o(.text.TIM3_IRQHandler) for TIM3_IRQHandler
    startup_stm32h723xx.o(RESET) refers to stm32h7xx_it.o(.text.TIM4_IRQHandler) for TIM4_IRQHandler
    startup_stm32h723xx.o(RESET) refers to stm32h7xx_it.o(.text.USART1_IRQHandler) for USART1_IRQHandler
    startup_stm32h723xx.o(RESET) refers to stm32h7xx_it.o(.text.TIM8_BRK_TIM12_IRQHandler) for TIM8_BRK_TIM12_IRQHandler
    startup_stm32h723xx.o(RESET) refers to stm32h7xx_it.o(.text.TIM5_IRQHandler) for TIM5_IRQHandler
    startup_stm32h723xx.o(RESET) refers to stm32h7xx_it.o(.text.TIM6_DAC_IRQHandler) for TIM6_DAC_IRQHandler
    startup_stm32h723xx.o(.text) refers to system_stm32h7xx.o(.text.ExitRun0Mode) for ExitRun0Mode
    startup_stm32h723xx.o(.text) refers to system_stm32h7xx.o(.text.SystemInit) for SystemInit
    startup_stm32h723xx.o(.text) refers to entry.o(.ARM.Collect$$$$00000000) for __main
    main.o(.text.HAL_TIM_PeriodElapsedCallback) refers to adc_driver.o(.text.ADC_Driver_GetOffset_IV) for ADC_Driver_GetOffset_IV
    main.o(.text.HAL_TIM_PeriodElapsedCallback) refers to main.o(.bss..L_MergedGlobals) for .L_MergedGlobals
    main.o(.text.HAL_TIM_PeriodElapsedCallback) refers to sensor.o(.text.Sensor_Get_Electrical_Angle_Hall) for Sensor_Get_Electrical_Angle_Hall
    main.o(.text.HAL_TIM_PeriodElapsedCallback) refers to sensor.o(.text.Encoder_Get_Raw_Angle) for Encoder_Get_Raw_Angle
    main.o(.text.HAL_TIM_PeriodElapsedCallback) refers to sensor.o(.text.Encoder_Get_Electric_Angle) for Encoder_Get_Electric_Angle
    main.o(.text.HAL_TIM_PeriodElapsedCallback) refers to sensor.o(.text.Encoder_Get_Mechanic_Angle) for Encoder_Get_Mechanic_Angle
    main.o(.text.HAL_TIM_PeriodElapsedCallback) refers to sensor.o(.text.Hall_GetStep) for Hall_GetStep
    main.o(.text.HAL_TIM_PeriodElapsedCallback) refers to sensor.o(.text.Encoder_Get_Mechanic_Speed) for Encoder_Get_Mechanic_Speed
    main.o(.text.HAL_TIM_PeriodElapsedCallback) refers to fmodf.o(i.__hardfp_fmodf) for __hardfp_fmodf
    main.o(.text.HAL_TIM_PeriodElapsedCallback) refers to adc_driver.o(.text.ADC_Driver_GetCurrents_1) for ADC_Driver_GetCurrents_1
    main.o(.text.HAL_TIM_PeriodElapsedCallback) refers to adc_driver.o(.text.ADC_Driver_GetCurrents_2) for ADC_Driver_GetCurrents_2
    main.o(.text.HAL_TIM_PeriodElapsedCallback) refers to adc_driver.o(.text.ADC_Driver_GetCurrents_3) for ADC_Driver_GetCurrents_3
    main.o(.text.HAL_TIM_PeriodElapsedCallback) refers to stm32h7xx_hal_gpio.o(.text.HAL_GPIO_WritePin) for HAL_GPIO_WritePin
    main.o(.text.HAL_TIM_PeriodElapsedCallback) refers to svpwm.o(.text.SVPWM_Update) for SVPWM_Update
    main.o(.text.HAL_TIM_PeriodElapsedCallback) refers to sensor.o(.text.EncoderSensor_Update) for EncoderSensor_Update
    main.o(.text.HAL_TIM_PeriodElapsedCallback) refers to foc_transform.o(.text.FOC_InvPark) for FOC_InvPark
    main.o(.text.HAL_TIM_PeriodElapsedCallback) refers to sensor.o(.text.Encoder_Reset) for Encoder_Reset
    main.o(.text.HAL_TIM_PeriodElapsedCallback) refers to main.o(.data.speed_ref_rads) for speed_ref_rads
    main.o(.text.HAL_TIM_PeriodElapsedCallback) refers to main.o(.bss..L_MergedGlobals.1) for .L_MergedGlobals.1
[...]
    __cpp_initialize__aeabi_                  - Undefined Weak Reference
    __cxa_finalize                            - Undefined Weak Reference
    __decompress                              - Undefined Weak Reference
    _clock_init                               - Undefined Weak Reference
    _microlib_exit                            - Undefined Weak Reference
    __Vectors_Size                           0x000002cc   Number         0  startup_stm32h723xx.o ABSOLUTE
    __Vectors                                0x08000000   Data           4  startup_stm32h723xx.o(RESET)
    __Vectors_End                            0x080002cc   Data           0  startup_stm32h723xx.o(RESET)
    __main                                   0x080002cd   Thumb Code     0  entry.o(.ARM.Collect$$$$00000000)
    _main_stk                                0x080002cd   Thumb Code     0  entry2.o(.ARM.Collect$$$$00000001)
    _main_scatterload                        0x080002d1   Thumb Code     0  entry5.o(.ARM.Collect$$$$00000004)
    __main_after_scatterload                 0x080002d5   Thumb Code     0  entry5.o(.ARM.Collect$$$$00000004)
    _main_clock                              0x080002d5   Thumb Code     0  entry7b.o(.ARM.Collect$$$$00000008)
    _main_cpp_init                           0x080002d5   Thumb Code     0  entry8b.o(.ARM.Collect$$$$0000000A)
    _main_init                               0x080002d5   Thumb Code     0  entry9a.o(.ARM.Collect$$$$0000000B)
    __rt_final_cpp                           0x080002dd   Thumb Code     0  entry10a.o(.ARM.Collect$$$$0000000D)
    __rt_final_exit                          0x080002dd   Thumb Code     0  entry11a.o(.ARM.Collect$$$$0000000F)
    Reset_Handler                            0x080002e1   Thumb Code    12  startup_stm32h723xx.o(.text)
    ADC3_IRQHandler                          0x080002ff   Thumb Code     0  startup_stm32h723xx.o(.text)
    BDMA_Channel0_IRQHandler                 0x080002ff   Thumb Code     0  startup_stm32h723xx.o(.text)
    BDMA_Channel1_IRQHandler                 0x080002ff   Thumb Code     0  startup_stm32h723xx.o(.text)
    BDMA_Channel2_IRQHandler                 0x080002ff   Thumb Code     0  startup_stm32h723xx.o(.text)
    BDMA_Channel3_IRQHandler                 0x080002ff   Thumb Code     0  startup_stm32h723xx.o(.text)
    BDMA_Channel4_IRQHandler                 0x080002ff   Thumb Code     0  startup_stm32h723xx.o(.text)
    BDMA_Channel5_IRQHandler                 0x080002ff   Thumb Code     0  startup_stm32h723xx.o(.text)
    BDMA_Channel6_IRQHandler                 0x080002ff   Thumb Code     0  startup_stm32h723xx.o(.text)
    BDMA_Channel7_IRQHandler                 0x080002ff   Thumb Code     0  startup_stm32h723xx.o(.text)
    CEC_IRQHandler                           0x080002ff   Thumb Code     0  startup_stm32h723xx.o(.text)
    COMP1_IRQHandler                         0x080002ff   Thumb Code     0  startup_stm32h723xx.o(.text)
    CORDIC_IRQHandler                        0x080002ff   Thumb Code     0  startup_stm32h723xx.o(.text)
    CRS_IRQHandler                           0x080002ff   Thumb Code     0  startup_stm32h723xx.o(.text)
    DCMI_PSSI_IRQHandler                     0x080002ff   Thumb Code     0  startup_stm32h723xx.o(.text)
    DFSDM1_FLT0_IRQHandler                   0x080002ff   Thumb Code     0  startup_stm32h723xx.o(.text)
    DFSDM1_FLT1_IRQHandler                   0x080002ff   Thumb Code     0  startup_stm32h723xx.o(.text)
    DFSDM1_FLT2_IRQHandler                   0x080002ff   Thumb Code     0  startup_stm32h723xx.o(.text)
    DFSDM1_FLT3_IRQHandler                   0x080002ff   Thumb Code     0  startup_stm32h723xx.o(.text)
    DMA1_Stream2_IRQHandler                  0x080002ff   Thumb Code     0  startup_stm32h723xx.o(.text)
    DMA1_Stream3_IRQHandler                  0x080002ff   Thumb Code     0  startup_stm32h723xx.o(.text)
    DMA1_Stream4_IRQHandler                  0x080002ff   Thumb Code     0  startup_stm32h723xx.o(.text)
    DMA1_Stream5_IRQHandler                  0x080002ff   Thumb Code     0  startup_stm32h723xx.o(.text)
    DMA1_Stream6_IRQHandler                  0x080002ff   Thumb Code     0  startup_stm32h723xx.o(.text)
    DMA1_Stream7_IRQHandler                  0x080002ff   Thumb Code     0  startup_stm32h723xx.o(.text)
    DMA2D_IRQHandler                         0x080002ff   Thumb Code     0  startup_stm32h723xx.o(.text)
    DMA2_Stream0_IRQHandler                  0x080002ff   Thumb Code     0  startup_stm32h723xx.o(.text)
    DMA2_Stream1_IRQHandler                  0x080002ff   Thumb Code     0  startup_stm32h723xx.o(.text)
    DMA2_Stream2_IRQHandler                  0x080002ff   Thumb Code     0  startup_stm32h723xx.o(.text)
    DMA2_Stream3_IRQHandler                  0x080002ff   Thumb Code     0  startup_stm32h723xx.o(.text)
    DMA2_Stream4_IRQHandler                  0x080002ff   Thumb Code     0  startup_stm32h723xx.o(.text)
    DMA2_Stream5_IRQHandler                  0x080002ff   Thumb Code     0  startup_stm32h723xx.o(.text)
    DMA2_Stream6_IRQHandler                  0x080002ff   Thumb Code     0  startup_stm32h723xx.o(.text)
    DMA2_Stream7_IRQHandler                  0x080002ff   Thumb Code     0  startup_stm32h723xx.o(.text)
    DMAMUX1_OVR_IRQHandler                   0x080002ff   Thumb Code     0  startup_stm32h723xx.o(.text)
    DMAMUX2_OVR_IRQHandler                   0x080002ff   Thumb Code     0  startup_stm32h723xx.o(.text)
    DTS_IRQHandler                           0x080002ff   Thumb Code     0  startup_stm32h723xx.o(.text)
    ECC_IRQHandler                           0x080002ff   Thumb Code     0  startup_stm32h723xx.o(.text)
    ETH_IRQHandler                           0x080002ff   Thumb Code     0  startup_stm32h723xx.o(.text)
    ETH_WKUP_IRQHandler                      0x080002ff   Thumb Code     0  startup_stm32h723xx.o(.text)
    EXTI0_IRQHandler                         0x080002ff   Thumb Code     0  startup_stm32h723xx.o(.text)
    EXTI15_10_IRQHandler                     0x080002ff   Thumb Code     0  startup_stm32h723xx.o(.text)
    EXTI1_IRQHandler                         0x080002ff   Thumb Code     0  startup_stm32h723xx.o(.text)
    EXTI2_IRQHandler                         0x080002ff   Thumb Code     0  startup_stm32h723xx.o(.text)
    EXTI3_IRQHandler                         0x080002ff   Thumb Code     0  startup_stm32h723xx.o(.text)
    EXTI4_IRQHandler                         0x080002ff   Thumb Code     0  startup_stm32h723xx.o(.text)
    EXTI9_5_IRQHandler                       0x080002ff   Thumb Code     0  startup_stm32h723xx.o(.text)
    FDCAN1_IT0_IRQHandler                    0x080002ff   Thumb Code     0  startup_stm32h723xx.o(.text)
    FDCAN1_IT1_IRQHandler                    0x080002ff   Thumb Code     0  startup_stm32h723xx.o(.text)
    FDCAN2_IT0_IRQHandler                    0x080002ff   Thumb Code     0  startup_stm32h723xx.o(.text)
    FDCAN2_IT1_IRQHandler                    0x080002ff   Thumb Code     0  startup_stm32h723xx.o(.text)
    FDCAN3_IT0_IRQHandler                    0x080002ff   Thumb Code     0  startup_stm32h723xx.o(.text)
    FDCAN3_IT1_IRQHandler                    0x080002ff   Thumb Code     0  startup_stm32h723xx.o(.text)
    FDCAN_CAL_IRQHandler                     0x080002ff   Thumb Code     0  startup_stm32h723xx.o(.text)
    FLASH_IRQHandler                         0x080002ff   Thumb Code     0  startup_stm32h723xx.o(.text)
    FMAC_IRQHandler                          0x080002ff   Thumb Code     0  startup_stm32h723xx.o(.text)
    FMC_IRQHandler                           0x080002ff   Thumb Code     0  startup_stm32h723xx.o(.text)
    FPU_IRQHandler                           0x080002ff   Thumb Code     0  startup_stm32h723xx.o(.text)
    HSEM1_IRQHandler                         0x080002ff   Thumb Code     0  startup_stm32h723xx.o(.text)
    I2C1_ER_IRQHandler                       0x080002ff   Thumb Code     0  startup_stm32h723xx.o(.text)
    I2C1_EV_IRQHandler                       0x080002ff   Thumb Code     0  startup_stm32h723xx.o(.text)
    I2C2_ER_IRQHandler                       0x080002ff   Thumb Code     0  startup_stm32h723xx.o(.text)
    I2C2_EV_IRQHandler                       0x080002ff   Thumb Code     0  startup_stm32h723xx.o(.text)
    I2C3_ER_IRQHandler                       0x080002ff   Thumb Code     0  startup_stm32h723xx.o(.text)
    I2C3_EV_IRQHandler                       0x080002ff   Thumb Code     0  startup_stm32h723xx.o(.text)
    I2C4_ER_IRQHandler                       0x080002ff   Thumb Code     0  startup_stm32h723xx.o(.text)
    I2C4_EV_IRQHandler                       0x080002ff   Thumb Code     0  startup_stm32h723xx.o(.text)
    I2C5_ER_IRQHandler                       0x080002ff   Thumb Code     0  startup_stm32h723xx.o(.text)
    I2C5_EV_IRQHandler                       0x080002ff   Thumb Code     0  startup_stm32h723xx.o(.text)
    LPTIM1_IRQHandler                        0x080002ff   Thumb Code     0  startup_stm32h723xx.o(.text)
    LPTIM2_IRQHandler                        0x080002ff   Thumb Code     0  startup_stm32h723xx.o(.text)
    LPTIM3_IRQHandler                        0x080002ff   Thumb Code     0  startup_stm32h723xx.o(.text)
    LPTIM4_IRQHandler                        0x080002ff   Thumb Code     0  startup_stm32h723xx.o(.text)
    LPTIM5_IRQHandler                        0x080002ff   Thumb Code     0  startup_stm32h723xx.o(.text)
    LPUART1_IRQHandler                       0x080002ff   Thumb Code     0  startup_stm32h723xx.o(.text)
    LTDC_ER_IRQHandler                       0x080002ff   Thumb Code     0  startup_stm32h723xx.o(.text)
    LTDC_IRQHandler                          0x080002ff   Thumb Code     0  startup_stm32h723xx.o(.text)
    MDIOS_IRQHandler                         0x080002ff   Thumb Code     0  startup_stm32h723xx.o(.text)
    MDIOS_WKUP_IRQHandler                    0x080002ff   Thumb Code     0  startup_stm32h723xx.o(.text)
    MDMA_IRQHandler                          0x080002ff   Thumb Code     0  startup_stm32h723xx.o(.text)
    OCTOSPI1_IRQHandler                      0x080002ff   Thumb Code     0  startup_stm32h723xx.o(.text)
    OCTOSPI2_IRQHandler                      0x080002ff   Thumb Code     0  startup_stm32h723xx.o(.text)
    OTG_HS_EP1_IN_IRQHandler                 0x080002ff   Thumb Code     0  startup_stm32h723xx.o(.text)
    OTG_HS_EP1_OUT_IRQHandler                0x080002ff   Thumb Code     0  startup_stm32h723xx.o(.text)
    OTG_HS_IRQHandler                        0x080002ff   Thumb Code     0  startup_stm32h723xx.o(.text)
    OTG_HS_WKUP_IRQHandler                   0x080002ff   Thumb Code     0  startup_stm32h723xx.o(.text)
    PVD_AVD_IRQHandler                       0x080002ff   Thumb Code     0  startup_stm32h723xx.o(.text)
    RNG_IRQHandler                           0x080002ff   Thumb Code     0  startup_stm32h723xx.o(.text)
    RTC_Alarm_IRQHandler                     0x080002ff   Thumb Code     0  startup_stm32h723xx.o(.text)
    RTC_WKUP_IRQHandler                      0x080002ff   Thumb Code     0  startup_stm32h723xx.o(.text)
    SAI1_IRQHandler                          0x080002ff   Thumb Code     0  startup_stm32h723xx.o(.text)
    SAI4_IRQHandler                          0x080002ff   Thumb Code     0  startup_stm32h723xx.o(.text)
    SDMMC1_IRQHandler                        0x080002ff   Thumb Code     0  startup_stm32h723xx.o(.text)
    SDMMC2_IRQHandler                        0x080002ff   Thumb Code     0  startup_stm32h723xx.o(.text)
    SPDIF_RX_IRQHandler                      0x080002ff   Thumb Code     0  startup_stm32h723xx.o(.text)
    SPI1_IRQHandler                          0x080002ff   Thumb Code     0  startup_stm32h723xx.o(.text)
    SPI2_IRQHandler                          0x080002ff   Thumb Code     0  startup_stm32h723xx.o(.text)
    SPI3_IRQHandler                          0x080002ff   Thumb Code     0  startup_stm32h723xx.o(.text)
    SPI4_IRQHandler                          0x080002ff   Thumb Code     0  startup_stm32h723xx.o(.text)
    SPI5_IRQHandler                          0x080002ff   Thumb Code     0  startup_stm32h723xx.o(.text)
    SPI6_IRQHandler                          0x080002ff   Thumb Code     0  startup_stm32h723xx.o(.text)
    SWPMI1_IRQHandler                        0x080002ff   Thumb Code     0  startup_stm32h723xx.o(.text)
    TAMP_STAMP_IRQHandler                    0x080002ff   Thumb Code     0  startup_stm32h723xx.o(.text)
    TIM15_IRQHandler                         0x080002ff   Thumb Code     0  startup_stm32h723xx.o(.text)
    TIM16_IRQHandler                         0x080002ff   Thumb Code     0  startup_stm32h723xx.o(.text)
    TIM17_IRQHandler                         0x080002ff   Thumb Code     0  startup_stm32h723xx.o(.text)
    TIM1_BRK_IRQHandler                      0x080002ff   Thumb Code     0  startup_stm32h723xx.o(.text)
    TIM1_CC_IRQHandler                       0x080002ff   Thumb Code     0  startup_stm32h723xx.o(.text)
    TIM1_TRG_COM_IRQHandler                  0x080002ff   Thumb Code     0  startup_stm32h723xx.o(.text)
    TIM1_UP_IRQHandler                       0x080002ff   Thumb Code     0  startup_stm32h723xx.o(.text)
    TIM23_IRQHandler                         0x080002ff   Thumb Code     0  startup_stm32h723xx.o(.text)
    TIM24_IRQHandler                         0x080002ff   Thumb Code     0  startup_stm32h723xx.o(.text)
    TIM2_IRQHandler                          0x080002ff   Thumb Code     0  startup_stm32h723xx.o(.text)
    TIM7_IRQHandler                          0x080002ff   Thumb Code     0  startup_stm32h723xx.o(.text)
    TIM8_CC_IRQHandler                       0x080002ff   Thumb Code     0  startup_stm32h723xx.o(.text)
    TIM8_TRG_COM_TIM14_IRQHandler            0x080002ff   Thumb Code     0  startup_stm32h723xx.o(.text)
    TIM8_UP_TIM13_IRQHandler                 0x080002ff   Thumb Code     0  startup_stm32h723xx.o(.text)
    UART4_IRQHandler                         0x080002ff   Thumb Code     0  startup_stm32h723xx.o(.text)
    UART5_IRQHandler                         0x080002ff   Thumb Code     0  startup_stm32h723xx.o(.text)
    UART7_IRQHandler                         0x080002ff   Thumb Code     0  startup_stm32h723xx.o(.text)
    UART8_IRQHandler                         0x080002ff   Thumb Code     0  startup_stm32h723xx.o(.text)
    UART9_IRQHandler                         0x080002ff   Thumb Code     0  startup_stm32h723xx.o(.text)
    USART10_IRQHandler                       0x080002ff   Thumb Code     0  startup_stm32h723xx.o(.text)
    USART2_IRQHandler                        0x080002ff   Thumb Code     0  startup_stm32h723xx.o(.text)
    USART3_IRQHandler                        0x080002ff   Thumb Code     0  startup_stm32h723xx.o(.text)
    USART6_IRQHandler                        0x080002ff   Thumb Code     0  startup_stm32h723xx.o(.text)
    WAKEUP_PIN_IRQHandler                    0x080002ff   Thumb Code     0  startup_stm32h723xx.o(.text)
    WWDG_IRQHandler                          0x080002ff   Thumb Code     0  startup_stm32h723xx.o(.text)
    __aeabi_uldivmod                         0x0800030d   Thumb Code    98  uldiv.o(.text)
    __aeabi_memset                           0x0800036f   Thumb Code    14  memseta.o(.text)
    __aeabi_memset4                          0x0800036f   Thumb Code     0  memseta.o(.text)
    __aeabi_memset8                          0x0800036f   Thumb Code     0  memseta.o(.text)
    __aeabi_memclr                           0x0800037d   Thumb Code     4  memseta.o(.text)
    __aeabi_memclr4                          0x0800037d   Thumb Code     0  memseta.o(.text)
    __aeabi_memclr8                          0x0800037d   Thumb Code     0  memseta.o(.text)
    _memset$wrapper                          0x08000381   Thumb Code    18  memseta.o(.text)
    __aeabi_l2f                              0x08000393   Thumb Code    44  ffltl.o(.text)
    __aeabi_l2d                              0x080003bf   Thumb Code    40  dfltl.o(.text)
    __aeabi_llsl                             0x080003e7   Thumb Code    30  llshl.o(.text)
    _ll_shift_l                              0x080003e7   Thumb Code     0  llshl.o(.text)
    __aeabi_llsr                             0x08000405   Thumb Code    32  llushr.o(.text)
    _ll_ushift_r                             0x08000405   Thumb Code     0  llushr.o(.text)
    __I$use$fp                               0x08000425   Thumb Code     0  iusefp.o(.text)
    _float_round                             0x08000425   Thumb Code    18  fepilogue.o(.text)
    _float_epilogue                          0x08000437   Thumb Code    92  fepilogue.o(.text)
    _frem                                    0x08000493   Thumb Code    82  frem.o(.text)
    _double_round                            0x080004e5   Thumb Code    30  depilogue.o(.text)
    _double_epilogue                         0x08000503   Thumb Code   156  depilogue.o(.text)
    __scatterload                            0x080005a1   Thumb Code    28  init.o(.text)
    __scatterload_rt2                        0x080005a1   Thumb Code     0  init.o(.text)
    ADC_ConfigureBoostMode                   0x080005c9   Thumb Code   256  stm32h7xx_hal_adc.o(.text.ADC_ConfigureBoostMode)
    ADC_Disable                              0x080006c9   Thumb Code   120  stm32h7xx_hal_adc.o(.text.ADC_Disable)
    ADC_Driver_CalibrateOffset               0x08000741   Thumb Code   108  adc_driver.o(.text.ADC_Driver_CalibrateOffset)
    ADC_Driver_GetCurrents_1                 0x080007b1   Thumb Code    88  adc_driver.o(.text.ADC_Driver_GetCurrents_1)
    ADC_Driver_GetCurrents_2                 0x08000809   Thumb Code    88  adc_driver.o(.text.ADC_Driver_GetCurrents_2)
    ADC_Driver_GetCurrents_3                 0x08000861   Thumb Code    34  adc_driver.o(.text.ADC_Driver_GetCurrents_3)
    ADC_Driver_GetOffset_IV                  0x08000889   Thumb Code    14  adc_driver.o(.text.ADC_Driver_GetOffset_IV)
    ADC_Driver_Init                          0x08000899   Thumb Code    74  adc_driver.o(.text.ADC_Driver_Init)
    ADC_Enable                               0x080008e9   Thumb Code   174  stm32h7xx_hal_adc.o(.text.ADC_Enable)
    ADC_IRQHandler                           0x08000999   Thumb Code    30  stm32h7xx_it.o(.text.ADC_IRQHandler)
    BusFault_Handler                         0x080009b9   Thumb Code     2  stm32h7xx_it.o(.text.BusFault_Handler)
    DMA1_Stream0_IRQHandler                  0x080009c1   Thumb Code    12  stm32h7xx_it.o(.text.DMA1_Stream0_IRQHandler)
    DMA1_Stream1_IRQHandler                  0x080009d1   Thumb Code    12  stm32h7xx_it.o(.text.DMA1_Stream1_IRQHandler)
    DebugMon_Handler                         0x08000e21   Thumb Code     2  stm32h7xx_it.o(.text.DebugMon_Handler)
    EncoderSensor_Update                     0x08000e29   Thumb Code   492  sensor.o(.text.EncoderSensor_Update)
    Encoder_Capture_Handler                  0x08001019   Thumb Code    24  sensor.o(.text.Encoder_Capture_Handler)
    Encoder_Get_Electric_Angle               0x08001031   Thumb Code    14  sensor.o(.text.Encoder_Get_Electric_Angle)
    Encoder_Get_Mechanic_Angle               0x08001041   Thumb Code    14  sensor.o(.text.Encoder_Get_Mechanic_Angle)
    Encoder_Get_Mechanic_Speed               0x08001051   Thumb Code    14  sensor.o(.text.Encoder_Get_Mechanic_Speed)
    Encoder_Get_Raw_Angle                    0x08001061   Thumb Code    24  sensor.o(.text.Encoder_Get_Raw_Angle)
    Encoder_Reset                            0x08001079   Thumb Code    56  sensor.o(.text.Encoder_Reset)
    Encoder_Sensor_Init                      0x080010b1   Thumb Code    92  sensor.o(.text.Encoder_Sensor_Init)
    Error_Handler                            0x08001111   Thumb Code     6  main.o(.text.Error_Handler)
    ExitRun0Mode                             0x08001119   Thumb Code    44  system_stm32h7xx.o(.text.ExitRun0Mode)
    FOC_Clarke                               0x08001149   Thumb Code    56  foc_transform.o(.text.FOC_Clarke)
    FOC_InvPark                              0x08001181   Thumb Code    72  foc_transform.o(.text.FOC_InvPark)
    FOC_Park                                 0x080011c9   Thumb Code    72  foc_transform.o(.text.FOC_Park)
    HAL_ADCEx_Calibration_Start              0x08001211   Thumb Code   216  stm32h7xx_hal_adc_ex.o(.text.HAL_ADCEx_Calibration_Start)
    HAL_ADCEx_DisableInjectedQueue           0x080012e9   Thumb Code    44  stm32h7xx_hal_adc_ex.o(.text.HAL_ADCEx_DisableInjectedQueue)
    HAL_ADCEx_EndOfSamplingCallback          0x08001319   Thumb Code     2  stm32h7xx_hal_adc_ex.o(.text.HAL_ADCEx_EndOfSamplingCallback)
    HAL_ADCEx_InjectedConfigChannel          0x08001321   Thumb Code  2136  stm32h7xx_hal_adc_ex.o(.text.HAL_ADCEx_InjectedConfigChannel)
    HAL_ADCEx_InjectedConvCpltCallback       0x08001b79   Thumb Code    60  adc_driver.o(.text.HAL_ADCEx_InjectedConvCpltCallback)
    HAL_ADCEx_InjectedGetValue               0x08001bb9   Thumb Code    52  stm32h7xx_hal_adc_ex.o(.text.HAL_ADCEx_InjectedGetValue)
    HAL_ADCEx_InjectedQueueOverflowCallback  0x08001bf1   Thumb Code     2  stm32h7xx_hal_adc_ex.o(.text.HAL_ADCEx_InjectedQueueOverflowCallback)
    HAL_ADCEx_InjectedStart_IT               0x08001bf9   Thumb Code   284  stm32h7xx_hal_adc_ex.o(.text.HAL_ADCEx_InjectedStart_IT)
    HAL_ADCEx_LevelOutOfWindow2Callback      0x08001d19   Thumb Code     2  stm32h7xx_hal_adc_ex.o(.text.HAL_ADCEx_LevelOutOfWindow2Callback)
    HAL_ADCEx_LevelOutOfWindow3Callback      0x08001d21   Thumb Code     2  stm32h7xx_hal_adc_ex.o(.text.HAL_ADCEx_LevelOutOfWindow3Callback)
    HAL_ADCEx_MultiModeConfigChannel         0x08001d29   Thumb Code   184  stm32h7xx_hal_adc_ex.o(.text.HAL_ADCEx_MultiModeConfigChannel)
    HAL_ADC_ConvCpltCallback                 0x08001de1   Thumb Code     2  stm32h7xx_hal_adc.o(.text.HAL_ADC_ConvCpltCallback)
    HAL_ADC_ErrorCallback                    0x08001de9   Thumb Code     2  stm32h7xx_hal_adc.o(.text.HAL_ADC_ErrorCallback)
    HAL_ADC_IRQHandler                       0x08001df1   Thumb Code   698  stm32h7xx_hal_adc.o(.text.HAL_ADC_IRQHandler)
    HAL_ADC_Init                             0x080020b1   Thumb Code   784  stm32h7xx_hal_adc.o(.text.HAL_ADC_Init)
    HAL_ADC_LevelOutOfWindowCallback         0x080023c1   Thumb Code     2  stm32h7xx_hal_adc.o(.text.HAL_ADC_LevelOutOfWindowCallback)
    HAL_ADC_MspInit                          0x080023c9   Thumb Code   224  adc.o(.text.HAL_ADC_MspInit)
    HAL_ADC_Start                            0x080024a9   Thumb Code   258  stm32h7xx_hal_adc.o(.text.HAL_ADC_Start)
    HAL_DMA_Abort                            0x080025b1   Thumb Code  1326  stm32h7xx_hal_dma.o(.text.HAL_DMA_Abort)
    HAL_DMA_Abort_IT                         0x08002ae1   Thumb Code   698  stm32h7xx_hal_dma.o(.text.HAL_DMA_Abort_IT)
    HAL_DMA_IRQHandler                       0x08002da1   Thumb Code  2104  stm32h7xx_hal_dma.o(.text.HAL_DMA_IRQHandler)
    HAL_DMA_Init                             0x080035d9   Thumb Code  1628  stm32h7xx_hal_dma.o(.text.HAL_DMA_Init)
    HAL_DMA_Start_IT                         0x08003c39   Thumb Code   930  stm32h7xx_hal_dma.o(.text.HAL_DMA_Start_IT)
    HAL_GPIO_Init                            0x08003fe1   Thumb Code   458  stm32h7xx_hal_gpio.o(.text.HAL_GPIO_Init)
    HAL_GPIO_ReadPin                         0x080041b1   Thumb Code    10  stm32h7xx_hal_gpio.o(.text.HAL_GPIO_ReadPin)
    HAL_GPIO_WritePin                        0x080041c1   Thumb Code    10  stm32h7xx_hal_gpio.o(.text.HAL_GPIO_WritePin)
    HAL_GetTick                              0x080041d1   Thumb Code    12  stm32h7xx_hal.o(.text.HAL_GetTick)
    HAL_IncTick                              0x080041e1   Thumb Code    26  stm32h7xx_hal.o(.text.HAL_IncTick)
    HAL_Init                                 0x08004201   Thumb Code   100  stm32h7xx_hal.o(.text.HAL_Init)
    HAL_InitTick                             0x08004269   Thumb Code    76  stm32h7xx_hal.o(.text.HAL_InitTick)
    HAL_MPU_ConfigRegion                     0x080042b9   Thumb Code    94  stm32h7xx_hal_cortex.o(.text.HAL_MPU_ConfigRegion)
    HAL_MPU_Disable                          0x08004319   Thumb Code    26  stm32h7xx_hal_cortex.o(.text.HAL_MPU_Disable)
    HAL_MPU_Enable                           0x08004339   Thumb Code    32  stm32h7xx_hal_cortex.o(.text.HAL_MPU_Enable)
    HAL_MspInit                              0x08004359   Thumb Code    52  stm32h7xx_hal_msp.o(.text.HAL_MspInit)
    HAL_NVIC_EnableIRQ                       0x08004391   Thumb Code    34  stm32h7xx_hal_cortex.o(.text.HAL_NVIC_EnableIRQ)
    HAL_NVIC_SetPriority                     0x080043b9   Thumb Code    90  stm32h7xx_hal_cortex.o(.text.HAL_NVIC_SetPriority)
    HAL_NVIC_SetPriorityGrouping             0x08004419   Thumb Code    32  stm32h7xx_hal_cortex.o(.text.HAL_NVIC_SetPriorityGrouping)
    HAL_PWREx_ConfigSupply                   0x08004439   Thumb Code    76  stm32h7xx_hal_pwr_ex.o(.text.HAL_PWREx_ConfigSupply)
    HAL_RCCEx_GetD3PCLK1Freq                 0x08004489   Thumb Code    38  stm32h7xx_hal_rcc_ex.o(.text.HAL_RCCEx_GetD3PCLK1Freq)
    HAL_RCCEx_GetPLL1ClockFreq               0x080044b1   Thumb Code   308  stm32h7xx_hal_rcc_ex.o(.text.HAL_RCCEx_GetPLL1ClockFreq)
    HAL_RCCEx_GetPLL2ClockFreq               0x080045e9   Thumb Code   300  stm32h7xx_hal_rcc_ex.o(.text.HAL_RCCEx_GetPLL2ClockFreq)
    HAL_RCCEx_GetPLL3ClockFreq               0x08004719   Thumb Code   300  stm32h7xx_hal_rcc_ex.o(.text.HAL_RCCEx_GetPLL3ClockFreq)
    HAL_RCCEx_GetPeriphCLKFreq               0x08004849   Thumb Code  1026  stm32h7xx_hal_rcc_ex.o(.text.HAL_RCCEx_GetPeriphCLKFreq)
    HAL_RCCEx_PeriphCLKConfig                0x08004c51   Thumb Code  2728  stm32h7xx_hal_rcc_ex.o(.text.HAL_RCCEx_PeriphCLKConfig)
    HAL_RCC_ClockConfig                      0x080056f9   Thumb Code   616  stm32h7xx_hal_rcc.o(.text.HAL_RCC_ClockConfig)
    HAL_RCC_GetHCLKFreq                      0x08005961   Thumb Code    76  stm32h7xx_hal_rcc.o(.text.HAL_RCC_GetHCLKFreq)
    HAL_RCC_GetPCLK1Freq                     0x080059b1   Thumb Code    96  stm32h7xx_hal_rcc.o(.text.HAL_RCC_GetPCLK1Freq)
    HAL_RCC_GetPCLK2Freq                     0x08005a11   Thumb Code    96  stm32h7xx_hal_rcc.o(.text.HAL_RCC_GetPCLK2Freq)
    HAL_RCC_GetSysClockFreq                  0x08005a71   Thumb Code   280  stm32h7xx_hal_rcc.o(.text.HAL_RCC_GetSysClockFreq)
    HAL_RCC_OscConfig                        0x08005b89   Thumb Code  1304  stm32h7xx_hal_rcc.o(.text.HAL_RCC_OscConfig)
    HAL_SYSTICK_Config                       0x080060a1   Thumb Code    46  stm32h7xx_hal_cortex.o(.text.HAL_SYSTICK_Config)
    HAL_TIMEx_Break2Callback                 0x080060d1   Thumb Code     2  stm32h7xx_hal_tim_ex.o(.text.HAL_TIMEx_Break2Callback)
    HAL_TIMEx_BreakCallback                  0x080060d9   Thumb Code     2  stm32h7xx_hal_tim_ex.o(.text.HAL_TIMEx_BreakCallback)
    HAL_TIMEx_CommutCallback                 0x080060e1   Thumb Code     2  stm32h7xx_hal_tim_ex.o(.text.HAL_TIMEx_CommutCallback)
    HAL_TIMEx_ConfigBreakDeadTime            0x080060e9   Thumb Code   198  stm32h7xx_hal_tim_ex.o(.text.HAL_TIMEx_ConfigBreakDeadTime)
    HAL_TIMEx_HallSensor_Init                0x080061b1   Thumb Code   212  stm32h7xx_hal_tim_ex.o(.text.HAL_TIMEx_HallSensor_Init)
    HAL_TIMEx_HallSensor_MspInit             0x08006289   Thumb Code   120  tim.o(.text.HAL_TIMEx_HallSensor_MspInit)
    HAL_TIMEx_HallSensor_Start_IT            0x08006301   Thumb Code   250  stm32h7xx_hal_tim_ex.o(.text.HAL_TIMEx_HallSensor_Start_IT)
    HAL_TIMEx_MasterConfigSynchronization    0x08006401   Thumb Code   218  stm32h7xx_hal_tim_ex.o(.text.HAL_TIMEx_MasterConfigSynchronization)
    HAL_TIMEx_PWMN_Start                     0x080064e1   Thumb Code   320  stm32h7xx_hal_tim_ex.o(.text.HAL_TIMEx_PWMN_Start)
    HAL_TIM_Base_Init                        0x08006621   Thumb Code    96  stm32h7xx_hal_tim.o(.text.HAL_TIM_Base_Init)
    HAL_TIM_Base_MspInit                     0x08006681   Thumb Code   420  tim.o(.text.HAL_TIM_Base_MspInit)
    HAL_TIM_Base_Start_IT                    0x08006829   Thumb Code   220  stm32h7xx_hal_tim.o(.text.HAL_TIM_Base_Start_IT)
    HAL_TIM_ConfigClockSource                0x08006909   Thumb Code   696  stm32h7xx_hal_tim.o(.text.HAL_TIM_ConfigClockSource)
    HAL_TIM_Encoder_Init                     0x08006bc1   Thumb Code   184  stm32h7xx_hal_tim.o(.text.HAL_TIM_Encoder_Init)
    HAL_TIM_Encoder_MspInit                  0x08006c79   Thumb Code    94  tim.o(.text.HAL_TIM_Encoder_MspInit)
    HAL_TIM_Encoder_Start                    0x08006cd9   Thumb Code   188  stm32h7xx_hal_tim.o(.text.HAL_TIM_Encoder_Start)
    HAL_TIM_IC_CaptureCallback               0x08006d99   Thumb Code    78  main.o(.text.HAL_TIM_IC_CaptureCallback)
    HAL_TIM_IC_ConfigChannel                 0x08006de9   Thumb Code   342  stm32h7xx_hal_tim.o(.text.HAL_TIM_IC_ConfigChannel)
    HAL_TIM_IC_Init                          0x08006f41   Thumb Code    96  stm32h7xx_hal_tim.o(.text.HAL_TIM_IC_Init)
    HAL_TIM_IC_MspInit                       0x08006fa1   Thumb Code     2  stm32h7xx_hal_tim.o(.text.HAL_TIM_IC_MspInit)
    HAL_TIM_IC_Start_IT                      0x08006fa9   Thumb Code   556  stm32h7xx_hal_tim.o(.text.HAL_TIM_IC_Start_IT)
    HAL_TIM_IRQHandler                       0x080071d9   Thumb Code   364  stm32h7xx_hal_tim.o(.text.HAL_TIM_IRQHandler)
    HAL_TIM_OC_DelayElapsedCallback          0x08007349   Thumb Code     2  stm32h7xx_hal_tim.o(.text.HAL_TIM_OC_DelayElapsedCallback)
    HAL_TIM_PWM_ConfigChannel                0x08007351   Thumb Code  1226  stm32h7xx_hal_tim.o(.text.HAL_TIM_PWM_ConfigChannel)
    HAL_TIM_PWM_Init                         0x08007821   Thumb Code    96  stm32h7xx_hal_tim.o(.text.HAL_TIM_PWM_Init)
    HAL_TIM_PWM_MspInit                      0x08007881   Thumb Code     2  stm32h7xx_hal_tim.o(.text.HAL_TIM_PWM_MspInit)
    HAL_TIM_PWM_PulseFinishedCallback        0x08007889   Thumb Code     2  stm32h7xx_hal_tim.o(.text.HAL_TIM_PWM_PulseFinishedCallback)
    HAL_TIM_PWM_Start                        0x08007891   Thumb Code   412  stm32h7xx_hal_tim.o(.text.HAL_TIM_PWM_Start)
    HAL_TIM_PeriodElapsedCallback            0x08007a31   Thumb Code  1216  main.o(.text.HAL_TIM_PeriodElapsedCallback)
    HAL_TIM_ReadCapturedValue                0x08007ef1   Thumb Code    52  stm32h7xx_hal_tim.o(.text.HAL_TIM_ReadCapturedValue)
    HAL_TIM_TriggerCallback                  0x08007f29   Thumb Code     2  stm32h7xx_hal_tim.o(.text.HAL_TIM_TriggerCallback)
    HAL_UARTEx_DisableFifoMode               0x08007f31   Thumb Code    54  stm32h7xx_hal_uart_ex.o(.text.HAL_UARTEx_DisableFifoMode)
    HAL_UARTEx_RxEventCallback               0x08007f69   Thumb Code     2  stm32h7xx_hal_uart.o(.text.HAL_UARTEx_RxEventCallback)
    HAL_UARTEx_RxFifoFullCallback            0x08007f71   Thumb Code     2  stm32h7xx_hal_uart_ex.o(.text.HAL_UARTEx_RxFifoFullCallback)
    HAL_UARTEx_SetRxFifoThreshold            0x08007f79   Thumb Code   144  stm32h7xx_hal_uart_ex.o(.text.HAL_UARTEx_SetRxFifoThreshold)
    HAL_UARTEx_SetTxFifoThreshold            0x08008009   Thumb Code   144  stm32h7xx_hal_uart_ex.o(.text.HAL_UARTEx_SetTxFifoThreshold)
    HAL_UARTEx_TxFifoEmptyCallback           0x08008099   Thumb Code     2  stm32h7xx_hal_uart_ex.o(.text.HAL_UARTEx_TxFifoEmptyCallback)
    HAL_UARTEx_WakeupCallback                0x080080a1   Thumb Code     2  stm32h7xx_hal_uart_ex.o(.text.HAL_UARTEx_WakeupCallback)
    HAL_UART_ErrorCallback                   0x080080a9   Thumb Code     2  stm32h7xx_hal_uart.o(.text.HAL_UART_ErrorCallback)
    HAL_UART_IRQHandler                      0x080080b1   Thumb Code  1898  stm32h7xx_hal_uart.o(.text.HAL_UART_IRQHandler)
    HAL_UART_Init                            0x08008821   Thumb Code   104  stm32h7xx_hal_uart.o(.text.HAL_UART_Init)
    HAL_UART_MspInit                         0x08008889   Thumb Code   276  usart.o(.text.HAL_UART_MspInit)
    HAL_UART_Receive_DMA                     0x080089a1   Thumb Code   488  stm32h7xx_hal_uart.o(.text.HAL_UART_Receive_DMA)
    HAL_UART_RxCpltCallback                  0x08008b89   Thumb Code    20  uart_dma_lib.o(.text.HAL_UART_RxCpltCallback)
    HAL_UART_RxHalfCpltCallback              0x08008ba1   Thumb Code    20  uart_dma_lib.o(.text.HAL_UART_RxHalfCpltCallback)
    HAL_UART_Transmit_DMA                    0x08008bb9   Thumb Code   212  stm32h7xx_hal_uart.o(.text.HAL_UART_Transmit_DMA)
    HAL_UART_TxCpltCallback                  0x08008c91   Thumb Code   148  uart_dma_lib.o(.text.HAL_UART_TxCpltCallback)
    HAL_UART_TxHalfCpltCallback              0x08008d29   Thumb Code     2  stm32h7xx_hal_uart.o(.text.HAL_UART_TxHalfCpltCallback)
    HallSensor_Update                        0x08008d31   Thumb Code   106  sensor.o(.text.HallSensor_Update)
    Hall_GetStep                             0x08008da1   Thumb Code    12  sensor.o(.text.Hall_GetStep)
    Hall_Sensor_Init                         0x08008db1   Thumb Code   118  sensor.o(.text.Hall_Sensor_Init)
    HardFault_Handler                        0x08008e29   Thumb Code     2  stm32h7xx_it.o(.text.HardFault_Handler)
    LPF_FirstOrder_Init                      0x08008e31   Thumb Code    88  lpf.o(.text.LPF_FirstOrder_Init)
    LPF_FirstOrder_Update                    0x08008e89   Thumb Code    80  lpf.o(.text.LPF_FirstOrder_Update)
    MX_ADC1_Init                             0x08008ed9   Thumb Code   200  adc.o(.text.MX_ADC1_Init)
    MX_ADC2_Init                             0x08008fa1   Thumb Code   154  adc.o(.text.MX_ADC2_Init)
    MX_DMA_Init                              0x08009041   Thumb Code    68  dma.o(.text.MX_DMA_Init)
    MX_GPIO_Init                             0x08009089   Thumb Code   234  gpio.o(.text.MX_GPIO_Init)
    MX_TIM12_Init                            0x08009179   Thumb Code   176  tim.o(.text.MX_TIM12_Init)
    MX_TIM1_Init                             0x08009229   Thumb Code   376  tim.o(.text.MX_TIM1_Init)
    MX_TIM2_Init                             0x080093a1   Thumb Code   100  tim.o(.text.MX_TIM2_Init)
    MX_TIM3_Init                             0x08009409   Thumb Code   118  tim.o(.text.MX_TIM3_Init)
    MX_TIM4_Init                             0x08009481   Thumb Code    90  tim.o(.text.MX_TIM4_Init)
    MX_TIM5_Init                             0x080094e1   Thumb Code   180  tim.o(.text.MX_TIM5_Init)
    MX_TIM6_Init                             0x08009599   Thumb Code    78  tim.o(.text.MX_TIM6_Init)
    MX_USART1_UART_Init                      0x080095e9   Thumb Code   124  usart.o(.text.MX_USART1_UART_Init)
    MemManage_Handler                        0x08009669   Thumb Code     2  stm32h7xx_it.o(.text.MemManage_Handler)
    MultiRamp_Init                           0x08009671   Thumb Code    10  multi_ramp.o(.text.MultiRamp_Init)
    MultiRamp_Update                         0x08009681   Thumb Code   116  multi_ramp.o(.text.MultiRamp_Update)
    NMI_Handler                              0x080096f9   Thumb Code     2  stm32h7xx_it.o(.text.NMI_Handler)
    PID_Compute                              0x08009701   Thumb Code   144  pid.o(.text.PID_Compute)
    PID_Init                                 0x08009791   Thumb Code   116  pid.o(.text.PID_Init)
    PI_Init                                  0x08009809   Thumb Code    22  pi_control.o(.text.PI_Init)
    PendSV_Handler                           0x08009821   Thumb Code     2  stm32h7xx_it.o(.text.PendSV_Handler)
    RCC_IRQHandler                           0x08009a79   Thumb Code     2  stm32h7xx_it.o(.text.RCC_IRQHandler)
    SCurve_Init                              0x08009a81   Thumb Code    36  scurve_ramp.o(.text.SCurve_Init)
    SMO_GetCompensatedTheta                  0x08009aa9   Thumb Code    40  smo.o(.text.SMO_GetCompensatedTheta)
    SMO_GetOmega                             0x08009ad1   Thumb Code     6  smo.o(.text.SMO_GetOmega)
    SMO_Init                                 0x08009ad9   Thumb Code   140  smo.o(.text.SMO_Init)
    SMO_Update                               0x08009b69   Thumb Code   524  smo.o(.text.SMO_Update)
    SVC_Handler                              0x08009d79   Thumb Code     2  stm32h7xx_it.o(.text.SVC_Handler)
    SVPWM_Init                               0x08009d81   Thumb Code    26  svpwm.o(.text.SVPWM_Init)
    SVPWM_Start                              0x08009da1   Thumb Code    68  svpwm.o(.text.SVPWM_Start)
    SVPWM_Update                             0x08009de9   Thumb Code   288  svpwm.o(.text.SVPWM_Update)
    Sensor_Get_Electrical_Angle_Hall         0x08009f09   Thumb Code    14  sensor.o(.text.Sensor_Get_Electrical_Angle_Hall)
    SysTick_Handler                          0x08009f19   Thumb Code     4  stm32h7xx_it.o(.text.SysTick_Handler)
    SystemClock_Config                       0x08009f21   Thumb Code   196  main.o(.text.SystemClock_Config)
    SystemInit                               0x08009fe9   Thumb Code   210  system_stm32h7xx.o(.text.SystemInit)
    TIM3_IRQHandler                          0x0800a0c1   Thumb Code    12  stm32h7xx_it.o(.text.TIM3_IRQHandler)
    TIM4_IRQHandler                          0x0800a0d1   Thumb Code    12  stm32h7xx_it.o(.text.TIM4_IRQHandler)
    TIM5_IRQHandler                          0x0800a0e1   Thumb Code    12  stm32h7xx_it.o(.text.TIM5_IRQHandler)
    TIM6_DAC_IRQHandler                      0x0800a0f1   Thumb Code    12  stm32h7xx_it.o(.text.TIM6_DAC_IRQHandler)
    TIM8_BRK_TIM12_IRQHandler                0x0800a101   Thumb Code    12  stm32h7xx_it.o(.text.TIM8_BRK_TIM12_IRQHandler)
    TIM_Base_SetConfig                       0x0800a111   Thumb Code   376  stm32h7xx_hal_tim.o(.text.TIM_Base_SetConfig)
    TIM_CCxChannelCmd                        0x0800a289   Thumb Code    30  stm32h7xx_hal_tim.o(.text.TIM_CCxChannelCmd)
    TIM_OC2_SetConfig                        0x0800a2a9   Thumb Code   172  stm32h7xx_hal_tim.o(.text.TIM_OC2_SetConfig)
    TIM_TI1_SetConfig                        0x0800a359   Thumb Code   298  stm32h7xx_hal_tim.o(.text.TIM_TI1_SetConfig)
    UART_AdvFeatureConfig                    0x0800a489   Thumb Code   224  stm32h7xx_hal_uart.o(.text.UART_AdvFeatureConfig)
    UART_CheckIdleState                      0x0800a569   Thumb Code   374  stm32h7xx_hal_uart.o(.text.UART_CheckIdleState)
    UART_DMA_IDLE_Handler                    0x0800ad31   Thumb Code     4  uart_dma_lib.o(.text.UART_DMA_IDLE_Handler)
    UART_DMA_Init                            0x0800ad39   Thumb Code    38  uart_dma_lib.o(.text.UART_DMA_Init)
    UART_DMA_SendString                      0x0800ad61   Thumb Code   160  uart_dma_lib.o(.text.UART_DMA_SendString)
    UART_SetConfig                           0x0800ae01   Thumb Code  1228  stm32h7xx_hal_uart.o(.text.UART_SetConfig)
    UART_WaitOnFlagUntilTimeout              0x0800b2d9   Thumb Code   856  stm32h7xx_hal_uart.o(.text.UART_WaitOnFlagUntilTimeout)
    USART1_IRQHandler                        0x0800b631   Thumb Code    42  stm32h7xx_it.o(.text.USART1_IRQHandler)
    UsageFault_Handler                       0x0800b661   Thumb Code     2  stm32h7xx_it.o(.text.UsageFault_Handler)
    arm_cos_f32                              0x0800b669   Thumb Code   140  fastmathfunctions.o(.text.arm_cos_f32)
    arm_sin_f32                              0x0800b6f9   Thumb Code   136  fastmathfunctions.o(.text.arm_sin_f32)
    main                                     0x0800b781   Thumb Code   648  main.o(.text.main)
    __ARM_fpclassifyf                        0x0800bd07   Thumb Code    38  fpclassifyf.o(i.__ARM_fpclassifyf)
    __hardfp_atan2f                          0x0800bd2d   Thumb Code   594  atan2f.o(i.__hardfp_atan2f)
    __hardfp_cosf                            0x0800bfd9   Thumb Code   280  cosf.o(i.__hardfp_cosf)
    __hardfp_expf                            0x0800c129   Thumb Code   430  expf.o(i.__hardfp_expf)
    __mathlib_expf                           0x0800c129   Thumb Code     0  expf.o(i.__hardfp_expf)
    __hardfp_fmodf                           0x0800c315   Thumb Code   176  fmodf.o(i.__hardfp_fmodf)
    __hardfp_sinf                            0x0800c3c5   Thumb Code   344  sinf.o(i.__hardfp_sinf)
    __mathlib_flt_infnan                     0x0800c555   Thumb Code     6  funder.o(i.__mathlib_flt_infnan)
    __mathlib_flt_infnan2                    0x0800c55b   Thumb Code     6  funder.o(i.__mathlib_flt_infnan2)
    __mathlib_flt_invalid                    0x0800c561   Thumb Code    10  funder.o(i.__mathlib_flt_invalid)
    __mathlib_flt_overflow                   0x0800c571   Thumb Code    10  funder.o(i.__mathlib_flt_overflow)
    __mathlib_flt_underflow                  0x0800c581   Thumb Code    10  funder.o(i.__mathlib_flt_underflow)
    __mathlib_rredf2                         0x0800c591   Thumb Code   316  rredf.o(i.__mathlib_rredf2)
    __scatterload_copy                       0x0800c6e5   Thumb Code    14  handlers.o(i.__scatterload_copy)
    __scatterload_null                       0x0800c6f3   Thumb Code     2  handlers.o(i.__scatterload_null)
    __scatterload_zeroinit                   0x0800c6f5   Thumb Code    14  handlers.o(i.__scatterload_zeroinit)
    __set_errno                              0x0800c705   Thumb Code     6  errno.o(i.__set_errno)
    D1CorePrescTable                         0x0800c772   Data          16  system_stm32h7xx.o(.rodata.D1CorePrescTable)
    UARTPrescTable                           0x0800c782   Data          24  stm32h7xx_hal_uart.o(.rodata.UARTPrescTable)
    sinTable_f32                             0x0800c7e8   Data        2052  commontables.o(.rodata.sinTable_f32)
    Region$$Table$$Base                      0x0800cfec   Number         0  anon$$obj.o(Region$$Table)
    Region$$Table$$Limit                     0x0800d02c   Number         0  anon$$obj.o(Region$$Table)
    speed_ref_rads                           0x20000004   Data           4  main.o(.data.speed_ref_rads)
    encoder                                  0x20000030   Data          32  sensor.o(.bss..L_MergedGlobals)
    hall_sensor                              0x2000006c   Data           8  sensor.o(.bss.hall_sensor)
    htim2                                    0x20000074   Data          76  tim.o(.bss.htim2)
    htim4                                    0x200000c0   Data          76  tim.o(.bss.htim4)
    htim6                                    0x2000010c   Data          76  tim.o(.bss.htim6)
    pid_id                                   0x20000158   Data          52  main.o(.bss.pid_id)
    smo                                      0x2000018c   Data          84  main.o(.bss.smo)
    uwTick                                   0x200001e0   Data           4  stm32h7xx_hal.o(.bss.uwTick)
    __initial_sp                             0x200005e8   Data           0  startup_stm32h723xx.o(STACK)
    uwTickFreq                               0x24000000   Data           1  stm32h7xx_hal.o(.data..L_MergedGlobals)
    uwTickPrio                               0x24000004   Data           4  stm32h7xx_hal.o(.data..L_MergedGlobals)
    SystemCoreClock                          0x24000008   Data           4  system_stm32h7xx.o(.data..L_MergedGlobals)
    SystemD2Clock                            0x2400000c   Data           4  system_stm32h7xx.o(.data..L_MergedGlobals)
    state                                    0x24000018   Data           1  main.o(.bss..L_MergedGlobals)
    state_smo                                0x24000019   Data           1  main.o(.bss..L_MergedGlobals)
    hall_step                                0x2400001a   Data           1  main.o(.bss..L_MergedGlobals)
    i_d                                      0x2400001c   Data           4  main.o(.bss..L_MergedGlobals)
    i_q                                      0x24000020   Data           4  main.o(.bss..L_MergedGlobals)
    i_q_ref                                  0x24000024   Data           4  main.o(.bss..L_MergedGlobals)
    v_d                                      0x24000028   Data           4  main.o(.bss..L_MergedGlobals)
    v_q                                      0x2400002c   Data           4  main.o(.bss..L_MergedGlobals)
    ss_openloop_timer                        0x24000030   Data           4  main.o(.bss..L_MergedGlobals)
    ss_openloop_speed                        0x24000034   Data           4  main.o(.bss..L_MergedGlobals)
    ss_align_timer                           0x24000038   Data           4  main.o(.bss..L_MergedGlobals)
    ss_switch_timer                          0x2400003c   Data           4  main.o(.bss..L_MergedGlobals)
    value_offset                             0x24000040   Data           4  main.o(.bss..L_MergedGlobals)
    elec_angle_rad_hall                      0x24000044   Data           4  main.o(.bss..L_MergedGlobals)
    raw_angle                                0x24000048   Data           4  main.o(.bss..L_MergedGlobals)
    elec_angle_rad_encoder                   0x2400004c   Data           4  main.o(.bss..L_MergedGlobals)
    mech_angle_rad_encoder                   0x24000050   Data           4  main.o(.bss..L_MergedGlobals)
    speed_mechanic_rad                       0x24000054   Data           4  main.o(.bss..L_MergedGlobals)
    iu                                       0x24000058   Data           4  main.o(.bss..L_MergedGlobals)
    iv                                       0x2400005c   Data           4  main.o(.bss..L_MergedGlobals)
    iw                                       0x24000060   Data           4  main.o(.bss..L_MergedGlobals)
    v_alpha                                  0x24000064   Data           4  main.o(.bss..L_MergedGlobals)
    v_beta                                   0x24000068   Data           4  main.o(.bss..L_MergedGlobals)
    i_alpha                                  0x2400006c   Data           4  main.o(.bss..L_MergedGlobals)
    i_beta                                   0x24000070   Data           4  main.o(.bss..L_MergedGlobals)
    theta_e                                  0x24000074   Data           4  main.o(.bss..L_MergedGlobals)
    speed_mechanic_rad_smo                   0x24000078   Data           4  main.o(.bss..L_MergedGlobals)
    error_theta                              0x2400007c   Data           4  main.o(.bss..L_MergedGlobals)
    LPF                                      0x24000080   Data          20  main.o(.bss..L_MergedGlobals)
    pi_speed                                 0x240000a8   Data          24  main.o(.bss..L_MergedGlobals.1)
    pi_id                                    0x240000c0   Data          24  main.o(.bss..L_MergedGlobals.1)
    pi_iq                                    0x240000d8   Data          24  main.o(.bss..L_MergedGlobals.1)
    s_ramp                                   0x240000f0   Data          24  main.o(.bss..L_MergedGlobals.1)
    ramp                                     0x24000108   Data          28  main.o(.bss..L_MergedGlobals.1)
    pid_speed                                0x24000124   Data          52  main.o(.bss..L_MergedGlobals.2)
    pid_iq                                   0x24000158   Data          52  main.o(.bss..L_MergedGlobals.2)
    hadc1                                    0x24000190   Data         112  adc.o(.bss.hadc1)
    hadc2                                    0x24000200   Data         112  adc.o(.bss.hadc2)
    hdma_usart1_rx                           0x24000270   Data         120  usart.o(.bss.hdma_usart1_rx)
    hdma_usart1_tx                           0x240002e8   Data         120  usart.o(.bss.hdma_usart1_tx)
    htim1                                    0x24000360   Data          76  tim.o(.bss.htim1)
    htim12                                   0x240003ac   Data          76  tim.o(.bss.htim12)
    htim3                                    0x240003f8   Data          76  tim.o(.bss.htim3)
    htim5                                    0x24000444   Data          76  tim.o(.bss.htim5)
    huart1                                   0x24000490   Data         148  usart.o(.bss.huart1)



==============================================================================

Memory Map of the image

  Image Entry point : 0x080002cd

  Load Region LR_IROM1 (Base: 0x08000000, Size: 0x0000d050, Max: 0x00100000, ABSOLUTE)

    Execution Region ER_IROM1 (Exec base: 0x08000000, Load base: 0x08000000, Size: 0x0000d02c, Max: 0x00100000, ABSOLUTE)

    Exec Addr    Load Addr    Size         Type   Attr      Idx    E Section Name        Object

    0x08000000   0x08000000   0x000002cc   Data   RO            3    RESET               startup_stm32h723xx.o
    0x080002cc   0x080002cc   0x00000000   Code   RO         3709  * .ARM.Collect$$$$00000000  mc_w.l(entry.o)
    0x080002cc   0x080002cc   0x00000004   Code   RO         3764    .ARM.Collect$$$$00000001  mc_w.l(entry2.o)
    0x080002d0   0x080002d0   0x00000004   Code   RO         3767    .ARM.Collect$$$$00000004  mc_w.l(entry5.o)
    0x080002d4   0x080002d4   0x00000000   Code   RO         3769    .ARM.Collect$$$$00000008  mc_w.l(entry7b.o)
    0x080002d4   0x080002d4   0x00000000   Code   RO         3771    .ARM.Collect$$$$0000000A  mc_w.l(entry8b.o)
    0x080002d4   0x080002d4   0x00000008   Code   RO         3772    .ARM.Collect$$$$0000000B  mc_w.l(entry9a.o)
    0x080002dc   0x080002dc   0x00000000   Code   RO         3774    .ARM.Collect$$$$0000000D  mc_w.l(entry10a.o)
    0x080002dc   0x080002dc   0x00000000   Code   RO         3776    .ARM.Collect$$$$0000000F  mc_w.l(entry11a.o)
    0x080002dc   0x080002dc   0x00000004   Code   RO         3765    .ARM.Collect$$$$00002712  mc_w.l(entry2.o)
    0x080002e0   0x080002e0   0x0000002c   Code   RO            4    .text               startup_stm32h723xx.o
    0x0800030c   0x0800030c   0x00000062   Code   RO         3712    .text               mc_w.l(uldiv.o)
    0x0800036e   0x0800036e   0x00000024   Code   RO         3718    .text               mc_w.l(memseta.o)
    0x08000392   0x08000392   0x0000002c   Code   RO         3722    .text               mf_w.l(ffltl.o)
    0x080003be   0x080003be   0x00000028   Code   RO         3724    .text               mf_w.l(dfltl.o)
    0x080003e6   0x080003e6   0x0000001e   Code   RO         3778    .text               mc_w.l(llshl.o)
    0x08000404   0x08000404   0x00000020   Code   RO         3780    .text               mc_w.l(llushr.o)
    0x08000424   0x08000424   0x00000000   Code   RO         3789    .text               mc_w.l(iusefp.o)
    0x08000424   0x08000424   0x0000006e   Code   RO         3790    .text               mf_w.l(fepilogue.o)
    0x08000492   0x08000492   0x00000052   Code   RO         3792    .text               mf_w.l(frem.o)
    0x080004e4   0x080004e4   0x000000ba   Code   RO         3794    .text               mf_w.l(depilogue.o)
    0x0800059e   0x0800059e   0x00000002   PAD
    0x080005a0   0x080005a0   0x00000024   Code   RO         3798    .text               mc_w.l(init.o)
    0x080005c4   0x080005c4   0x00000004   PAD
    0x080005c8   0x080005c8   0x00000100   Code   RO          204    .text.ADC_ConfigureBoostMode  stm32h7xx_hal_adc.o
    0x080006c8   0x080006c8   0x00000078   Code   RO          210    .text.ADC_Disable   stm32h7xx_hal_adc.o
    0x08000740   0x08000740   0x0000006c   Code   RO         1731    .text.ADC_Driver_CalibrateOffset  adc_driver.o
    0x080007ac   0x080007ac   0x00000004   PAD
    0x080007b0   0x080007b0   0x00000058   Code   RO         1737    .text.ADC_Driver_GetCurrents_1  adc_driver.o
    0x08000808   0x08000808   0x00000058   Code   RO         1739    .text.ADC_Driver_GetCurrents_2  adc_driver.o
    0x08000860   0x08000860   0x00000022   Code   RO         1741    .text.ADC_Driver_GetCurrents_3  adc_driver.o
    0x08000882   0x08000882   0x00000006   PAD
    0x08000888   0x08000888   0x0000000e   Code   RO         1743    .text.ADC_Driver_GetOffset_IV  adc_driver.o
    0x08000896   0x08000896   0x00000002   PAD
    0x08000898   0x08000898   0x0000004a   Code   RO         1733    .text.ADC_Driver_Init  adc_driver.o
    0x080008e2   0x080008e2   0x00000006   PAD
    0x080008e8   0x080008e8   0x000000ae   Code   RO          216    .text.ADC_Enable    stm32h7xx_hal_adc.o
    0x08000996   0x08000996   0x00000002   PAD
    0x08000998   0x08000998   0x0000001e   Code   RO          170    .text.ADC_IRQHandler  stm32h7xx_it.o
    0x080009b6   0x080009b6   0x00000002   PAD
    0x080009b8   0x080009b8   0x00000002   Code   RO          152    .text.BusFault_Handler  stm32h7xx_it.o
    0x080009ba   0x080009ba   0x00000006   PAD
    0x080009c0   0x080009c0   0x0000000c   Code   RO          166    .text.DMA1_Stream0_IRQHandler  stm32h7xx_it.o
    0x080009cc   0x080009cc   0x00000004   PAD
    0x080009d0   0x080009d0   0x0000000c   Code   RO          168    .text.DMA1_Stream1_IRQHandler  stm32h7xx_it.o
    0x080009dc   0x080009dc   0x00000004   PAD
    0x080009e0   0x080009e0   0x00000128   Code   RO          551    .text.DMA_CalcBaseAndBitshift  stm32h7xx_hal_dma.o
    0x08000b08   0x08000b08   0x00000312   Code   RO          557    .text.DMA_SetConfig  stm32h7xx_hal_dma.o
    0x08000e1a   0x08000e1a   0x00000006   PAD
    0x08000e20   0x08000e20   0x00000002   Code   RO          158    .text.DebugMon_Handler  stm32h7xx_it.o
    0x08000e22   0x08000e22   0x00000006   PAD
    0x08000e28   0x08000e28   0x000001ec   Code   RO         1696    .text.EncoderSensor_Update  sensor.o
    0x08001014   0x08001014   0x00000004   PAD
    0x08001018   0x08001018   0x00000018   Code   RO         1698    .text.Encoder_Capture_Handler  sensor.o
    0x08001030   0x08001030   0x0000000e   Code   RO         1702    .text.Encoder_Get_Electric_Angle  sensor.o
    0x0800103e   0x0800103e   0x00000002   PAD
    0x08001040   0x08001040   0x0000000e   Code   RO         1704    .text.Encoder_Get_Mechanic_Angle  sensor.o
    0x0800104e   0x0800104e   0x00000002   PAD
    0x08001050   0x08001050   0x0000000e   Code   RO         1706    .text.Encoder_Get_Mechanic_Speed  sensor.o
    0x0800105e   0x0800105e   0x00000002   PAD
    0x08001060   0x08001060   0x00000018   Code   RO         1700    .text.Encoder_Get_Raw_Angle  sensor.o
    0x08001078   0x08001078   0x00000038   Code   RO         1712    .text.Encoder_Reset  sensor.o
    0x080010b0   0x080010b0   0x0000005c   Code   RO         1694    .text.Encoder_Sensor_Init  sensor.o
    0x0800110c   0x0800110c   0x00000004   PAD
    0x08001110   0x08001110   0x00000006   Code   RO           19    .text.Error_Handler  main.o
    0x08001116   0x08001116   0x00000002   PAD
    0x08001118   0x08001118   0x0000002c   Code   RO         1674    .text.ExitRun0Mode  system_stm32h7xx.o
    0x08001144   0x08001144   0x00000004   PAD
    0x08001148   0x08001148   0x00000038   Code   RO         1754    .text.FOC_Clarke    foc_transform.o
    0x08001180   0x08001180   0x00000048   Code   RO         1758    .text.FOC_InvPark   foc_transform.o
    0x080011c8   0x080011c8   0x00000048   Code   RO         1756    .text.FOC_Park      foc_transform.o
    0x08001210   0x08001210   0x000000d8   Code   RO          266    .text.HAL_ADCEx_Calibration_Start  stm32h7xx_hal_adc_ex.o
    0x080012e8   0x080012e8   0x0000002c   Code   RO          320    .text.HAL_ADCEx_DisableInjectedQueue  stm32h7xx_hal_adc_ex.o
    0x08001314   0x08001314   0x00000004   PAD
    0x08001318   0x08001318   0x00000002   Code   RO          304    .text.HAL_ADCEx_EndOfSamplingCallback  stm32h7xx_hal_adc_ex.o
    0x0800131a   0x0800131a   0x00000006   PAD
    0x08001320   0x08001320   0x00000858   Code   RO          314    .text.HAL_ADCEx_InjectedConfigChannel  stm32h7xx_hal_adc_ex.o
    0x08001b78   0x08001b78   0x0000003c   Code   RO         1735    .text.HAL_ADCEx_InjectedConvCpltCallback  adc_driver.o
    0x08001bb4   0x08001bb4   0x00000004   PAD
    0x08001bb8   0x08001bb8   0x00000034   Code   RO          294    .text.HAL_ADCEx_InjectedGetValue  stm32h7xx_hal_adc_ex.o
    0x08001bec   0x08001bec   0x00000004   PAD
    0x08001bf0   0x08001bf0   0x00000002   Code   RO          298    .text.HAL_ADCEx_InjectedQueueOverflowCallback  stm32h7xx_hal_adc_ex.o
    0x08001bf2   0x08001bf2   0x00000006   PAD
    0x08001bf8   0x08001bf8   0x0000011c   Code   RO          284    .text.HAL_ADCEx_InjectedStart_IT  stm32h7xx_hal_adc_ex.o
    0x08001d14   0x08001d14   0x00000004   PAD
    0x08001d18   0x08001d18   0x00000002   Code   RO          300    .text.HAL_ADCEx_LevelOutOfWindow2Callback  stm32h7xx_hal_adc_ex.o
    0x08001d1a   0x08001d1a   0x00000006   PAD
    0x08001d20   0x08001d20   0x00000002   Code   RO          302    .text.HAL_ADCEx_LevelOutOfWindow3Callback  stm32h7xx_hal_adc_ex.o
    0x08001d22   0x08001d22   0x00000006   PAD
    0x08001d28   0x08001d28   0x000000b8   Code   RO          316    .text.HAL_ADCEx_MultiModeConfigChannel  stm32h7xx_hal_adc_ex.o
    0x08001de0   0x08001de0   0x00000002   Code   RO          242    .text.HAL_ADC_ConvCpltCallback  stm32h7xx_hal_adc.o
    0x08001de2   0x08001de2   0x00000006   PAD
    0x08001de8   0x08001de8   0x00000002   Code   RO          246    .text.HAL_ADC_ErrorCallback  stm32h7xx_hal_adc.o
    0x08001dea   0x08001dea   0x00000006   PAD
    0x08001df0   0x08001df0   0x000002ba   Code   RO          240    .text.HAL_ADC_IRQHandler  stm32h7xx_hal_adc.o
    0x080020aa   0x080020aa   0x00000006   PAD
    0x080020b0   0x080020b0   0x00000310   Code   RO          200    .text.HAL_ADC_Init  stm32h7xx_hal_adc.o
    0x080023c0   0x080023c0   0x00000002   Code   RO          244    .text.HAL_ADC_LevelOutOfWindowCallback  stm32h7xx_hal_adc.o
    0x080023c2   0x080023c2   0x00000006   PAD
    0x080023c8   0x080023c8   0x000000e0   Code   RO           62    .text.HAL_ADC_MspInit  adc.o
    0x080024a8   0x080024a8   0x00000102   Code   RO          214    .text.HAL_ADC_Start  stm32h7xx_hal_adc.o
    0x080025aa   0x080025aa   0x00000006   PAD
    0x080025b0   0x080025b0   0x0000052e   Code   RO          561    .text.HAL_DMA_Abort  stm32h7xx_hal_dma.o
    0x08002ade   0x08002ade   0x00000002   PAD
    0x08002ae0   0x08002ae0   0x000002ba   Code   RO          563    .text.HAL_DMA_Abort_IT  stm32h7xx_hal_dma.o
    0x08002d9a   0x08002d9a   0x00000006   PAD
    0x08002da0   0x08002da0   0x00000838   Code   RO          567    .text.HAL_DMA_IRQHandler  stm32h7xx_hal_dma.o
    0x080035d8   0x080035d8   0x0000065c   Code   RO          549    .text.HAL_DMA_Init  stm32h7xx_hal_dma.o
    0x08003c34   0x08003c34   0x00000004   PAD
    0x08003c38   0x08003c38   0x000003a2   Code   RO          559    .text.HAL_DMA_Start_IT  stm32h7xx_hal_dma.o
    0x08003fda   0x08003fda   0x00000006   PAD
    0x08003fe0   0x08003fe0   0x000001ca   Code   RO          495    .text.HAL_GPIO_Init  stm32h7xx_hal_gpio.o
    0x080041aa   0x080041aa   0x00000006   PAD
    0x080041b0   0x080041b0   0x0000000a   Code   RO          499    .text.HAL_GPIO_ReadPin  stm32h7xx_hal_gpio.o
    0x080041ba   0x080041ba   0x00000006   PAD
    0x080041c0   0x080041c0   0x0000000a   Code   RO          501    .text.HAL_GPIO_WritePin  stm32h7xx_hal_gpio.o
    0x080041ca   0x080041ca   0x00000006   PAD
    0x080041d0   0x080041d0   0x0000000c   Code   RO          847    .text.HAL_GetTick   stm32h7xx_hal.o
    0x080041dc   0x080041dc   0x00000004   PAD
    0x080041e0   0x080041e0   0x0000001a   Code   RO          845    .text.HAL_IncTick   stm32h7xx_hal.o
    0x080041fa   0x080041fa   0x00000006   PAD
    0x08004200   0x08004200   0x00000064   Code   RO          835    .text.HAL_Init      stm32h7xx_hal.o
    0x08004264   0x08004264   0x00000004   PAD
    0x08004268   0x08004268   0x0000004c   Code   RO          837    .text.HAL_InitTick  stm32h7xx_hal.o
    0x080042b4   0x080042b4   0x00000004   PAD
    0x080042b8   0x080042b8   0x0000005e   Code   RO          805    .text.HAL_MPU_ConfigRegion  stm32h7xx_hal_cortex.o
    0x08004316   0x08004316   0x00000002   PAD
    0x08004318   0x08004318   0x0000001a   Code   RO          797    .text.HAL_MPU_Disable  stm32h7xx_hal_cortex.o
    0x08004332   0x08004332   0x00000006   PAD
    0x08004338   0x08004338   0x00000020   Code   RO          799    .text.HAL_MPU_Enable  stm32h7xx_hal_cortex.o
    0x08004358   0x08004358   0x00000034   Code   RO          191    .text.HAL_MspInit   stm32h7xx_hal_msp.o
    0x0800438c   0x0800438c   0x00000004   PAD
    0x08004390   0x08004390   0x00000022   Code   RO          787    .text.HAL_NVIC_EnableIRQ  stm32h7xx_hal_cortex.o
    0x080043b2   0x080043b2   0x00000006   PAD
    0x080043b8   0x080043b8   0x0000005a   Code   RO          785    .text.HAL_NVIC_SetPriority  stm32h7xx_hal_cortex.o
    0x08004412   0x08004412   0x00000006   PAD
    0x08004418   0x08004418   0x00000020   Code   RO          783    .text.HAL_NVIC_SetPriorityGrouping  stm32h7xx_hal_cortex.o
    0x08004438   0x08004438   0x0000004c   Code   RO          699    .text.HAL_PWREx_ConfigSupply  stm32h7xx_hal_pwr_ex.o
    0x08004484   0x08004484   0x00000004   PAD
    0x08004488   0x08004488   0x00000026   Code   RO          386    .text.HAL_RCCEx_GetD3PCLK1Freq  stm32h7xx_hal_rcc_ex.o
    0x080044ae   0x080044ae   0x00000002   PAD
    0x080044b0   0x080044b0   0x00000134   Code   RO          380    .text.HAL_RCCEx_GetPLL1ClockFreq  stm32h7xx_hal_rcc_ex.o
    0x080045e4   0x080045e4   0x00000004   PAD
    0x080045e8   0x080045e8   0x0000012c   Code   RO          382    .text.HAL_RCCEx_GetPLL2ClockFreq  stm32h7xx_hal_rcc_ex.o
    0x08004714   0x08004714   0x00000004   PAD
    0x08004718   0x08004718   0x0000012c   Code   RO          384    .text.HAL_RCCEx_GetPLL3ClockFreq  stm32h7xx_hal_rcc_ex.o
    0x08004844   0x08004844   0x00000004   PAD
    0x08004848   0x08004848   0x00000402   Code   RO          378    .text.HAL_RCCEx_GetPeriphCLKFreq  stm32h7xx_hal_rcc_ex.o
    0x08004c4a   0x08004c4a   0x00000006   PAD
    0x08004c50   0x08004c50   0x00000aa8   Code   RO          370    .text.HAL_RCCEx_PeriphCLKConfig  stm32h7xx_hal_rcc_ex.o
    0x080056f8   0x080056f8   0x00000268   Code   RO          338    .text.HAL_RCC_ClockConfig  stm32h7xx_hal_rcc.o
    0x08005960   0x08005960   0x0000004c   Code   RO          348    .text.HAL_RCC_GetHCLKFreq  stm32h7xx_hal_rcc.o
    0x080059ac   0x080059ac   0x00000004   PAD
    0x080059b0   0x080059b0   0x00000060   Code   RO          350    .text.HAL_RCC_GetPCLK1Freq  stm32h7xx_hal_rcc.o
    0x08005a10   0x08005a10   0x00000060   Code   RO          352    .text.HAL_RCC_GetPCLK2Freq  stm32h7xx_hal_rcc.o
    0x08005a70   0x08005a70   0x00000118   Code   RO          340    .text.HAL_RCC_GetSysClockFreq  stm32h7xx_hal_rcc.o
    0x08005b88   0x08005b88   0x00000518   Code   RO          336    .text.HAL_RCC_OscConfig  stm32h7xx_hal_rcc.o
    0x080060a0   0x080060a0   0x0000002e   Code   RO          795    .text.HAL_SYSTICK_Config  stm32h7xx_hal_cortex.o
    0x080060ce   0x080060ce   0x00000002   PAD
    0x080060d0   0x080060d0   0x00000002   Code   RO         1470    .text.HAL_TIMEx_Break2Callback  stm32h7xx_hal_tim_ex.o
    0x080060d2   0x080060d2   0x00000006   PAD
    0x080060d8   0x080060d8   0x00000002   Code   RO         1468    .text.HAL_TIMEx_BreakCallback  stm32h7xx_hal_tim_ex.o
    0x080060da   0x080060da   0x00000006   PAD
    0x080060e0   0x080060e0   0x00000002   Code   RO         1464    .text.HAL_TIMEx_CommutCallback  stm32h7xx_hal_tim_ex.o
    0x080060e2   0x080060e2   0x00000006   PAD
    0x080060e8   0x080060e8   0x000000c6   Code   RO         1450    .text.HAL_TIMEx_ConfigBreakDeadTime  stm32h7xx_hal_tim_ex.o
    0x080061ae   0x080061ae   0x00000002   PAD
    0x080061b0   0x080061b0   0x000000d4   Code   RO         1382    .text.HAL_TIMEx_HallSensor_Init  stm32h7xx_hal_tim_ex.o
    0x08006284   0x08006284   0x00000004   PAD
    0x08006288   0x08006288   0x00000078   Code   RO          106    .text.HAL_TIMEx_HallSensor_MspInit  tim.o
    0x08006300   0x08006300   0x000000fa   Code   RO         1394    .text.HAL_TIMEx_HallSensor_Start_IT  stm32h7xx_hal_tim_ex.o
    0x080063fa   0x080063fa   0x00000006   PAD
    0x08006400   0x08006400   0x000000da   Code   RO         1448    .text.HAL_TIMEx_MasterConfigSynchronization  stm32h7xx_hal_tim_ex.o
    0x080064da   0x080064da   0x00000006   PAD
    0x080064e0   0x080064e0   0x00000140   Code   RO         1418    .text.HAL_TIMEx_PWMN_Start  stm32h7xx_hal_tim_ex.o
    0x08006620   0x08006620   0x00000060   Code   RO         1153    .text.HAL_TIM_Base_Init  stm32h7xx_hal_tim.o
    0x08006680   0x08006680   0x000001a4   Code   RO          102    .text.HAL_TIM_Base_MspInit  tim.o
    0x08006824   0x08006824   0x00000004   PAD
    0x08006828   0x08006828   0x000000dc   Code   RO         1167    .text.HAL_TIM_Base_Start_IT  stm32h7xx_hal_tim.o
    0x08006904   0x08006904   0x00000004   PAD
    0x08006908   0x08006908   0x000002b8   Code   RO         1333    .text.HAL_TIM_ConfigClockSource  stm32h7xx_hal_tim.o
    0x08006bc0   0x08006bc0   0x000000b8   Code   RO         1267    .text.HAL_TIM_Encoder_Init  stm32h7xx_hal_tim.o
    0x08006c78   0x08006c78   0x0000005e   Code   RO          104    .text.HAL_TIM_Encoder_MspInit  tim.o
    0x08006cd6   0x08006cd6   0x00000002   PAD
    0x08006cd8   0x08006cd8   0x000000bc   Code   RO         1275    .text.HAL_TIM_Encoder_Start  stm32h7xx_hal_tim.o
    0x08006d94   0x08006d94   0x00000004   PAD
    0x08006d98   0x08006d98   0x0000004e   Code   RO           13    .text.HAL_TIM_IC_CaptureCallback  main.o
    0x08006de6   0x08006de6   0x00000002   PAD
    0x08006de8   0x08006de8   0x00000156   Code   RO         1303    .text.HAL_TIM_IC_ConfigChannel  stm32h7xx_hal_tim.o
    0x08006f3e   0x08006f3e   0x00000002   PAD
    0x08006f40   0x08006f40   0x00000060   Code   RO         1227    .text.HAL_TIM_IC_Init  stm32h7xx_hal_tim.o
    0x08006fa0   0x08006fa0   0x00000002   Code   RO         1229    .text.HAL_TIM_IC_MspInit  stm32h7xx_hal_tim.o
    0x08006fa2   0x08006fa2   0x00000006   PAD
    0x08006fa8   0x08006fa8   0x0000022c   Code   RO         1239    .text.HAL_TIM_IC_Start_IT  stm32h7xx_hal_tim.o
    0x080071d4   0x080071d4   0x00000004   PAD
    0x080071d8   0x080071d8   0x0000016c   Code   RO         1287    .text.HAL_TIM_IRQHandler  stm32h7xx_hal_tim.o
    0x08007344   0x08007344   0x00000004   PAD
    0x08007348   0x08007348   0x00000002   Code   RO         1291    .text.HAL_TIM_OC_DelayElapsedCallback  stm32h7xx_hal_tim.o
    0x0800734a   0x0800734a   0x00000006   PAD
    0x08007350   0x08007350   0x000004ca   Code   RO         1307    .text.HAL_TIM_PWM_ConfigChannel  stm32h7xx_hal_tim.o
    0x0800781a   0x0800781a   0x00000006   PAD
    0x08007820   0x08007820   0x00000060   Code   RO         1207    .text.HAL_TIM_PWM_Init  stm32h7xx_hal_tim.o
    0x08007880   0x08007880   0x00000002   Code   RO         1209    .text.HAL_TIM_PWM_MspInit  stm32h7xx_hal_tim.o
    0x08007882   0x08007882   0x00000006   PAD
    0x08007888   0x08007888   0x00000002   Code   RO         1293    .text.HAL_TIM_PWM_PulseFinishedCallback  stm32h7xx_hal_tim.o
    0x0800788a   0x0800788a   0x00000006   PAD
    0x08007890   0x08007890   0x0000019c   Code   RO         1215    .text.HAL_TIM_PWM_Start  stm32h7xx_hal_tim.o
    0x08007a2c   0x08007a2c   0x00000004   PAD
    0x08007a30   0x08007a30   0x000004c0   Code   RO           11    .text.HAL_TIM_PeriodElapsedCallback  main.o
    0x08007ef0   0x08007ef0   0x00000034   Code   RO         1343    .text.HAL_TIM_ReadCapturedValue  stm32h7xx_hal_tim.o
    0x08007f24   0x08007f24   0x00000004   PAD
    0x08007f28   0x08007f28   0x00000002   Code   RO         1297    .text.HAL_TIM_TriggerCallback  stm32h7xx_hal_tim.o
    0x08007f2a   0x08007f2a   0x00000006   PAD
    0x08007f30   0x08007f30   0x00000036   Code   RO         1647    .text.HAL_UARTEx_DisableFifoMode  stm32h7xx_hal_uart_ex.o
    0x08007f66   0x08007f66   0x00000002   PAD
    0x08007f68   0x08007f68   0x00000002   Code   RO         1574    .text.HAL_UARTEx_RxEventCallback  stm32h7xx_hal_uart.o
    0x08007f6a   0x08007f6a   0x00000006   PAD
    0x08007f70   0x08007f70   0x00000002   Code   RO         1633    .text.HAL_UARTEx_RxFifoFullCallback  stm32h7xx_hal_uart_ex.o
    0x08007f72   0x08007f72   0x00000006   PAD
    0x08007f78   0x08007f78   0x00000090   Code   RO         1651    .text.HAL_UARTEx_SetRxFifoThreshold  stm32h7xx_hal_uart_ex.o
    0x08008008   0x08008008   0x00000090   Code   RO         1649    .text.HAL_UARTEx_SetTxFifoThreshold  stm32h7xx_hal_uart_ex.o
    0x08008098   0x08008098   0x00000002   Code   RO         1635    .text.HAL_UARTEx_TxFifoEmptyCallback  stm32h7xx_hal_uart_ex.o
    0x0800809a   0x0800809a   0x00000006   PAD
    0x080080a0   0x080080a0   0x00000002   Code   RO         1631    .text.HAL_UARTEx_WakeupCallback  stm32h7xx_hal_uart_ex.o
    0x080080a2   0x080080a2   0x00000006   PAD
    0x080080a8   0x080080a8   0x00000002   Code   RO         1572    .text.HAL_UART_ErrorCallback  stm32h7xx_hal_uart.o
    0x080080aa   0x080080aa   0x00000006   PAD
    0x080080b0   0x080080b0   0x0000076a   Code   RO         1568    .text.HAL_UART_IRQHandler  stm32h7xx_hal_uart.o
    0x0800881a   0x0800881a   0x00000006   PAD
    0x08008820   0x08008820   0x00000068   Code   RO         1484    .text.HAL_UART_Init  stm32h7xx_hal_uart.o
    0x08008888   0x08008888   0x00000114   Code   RO          131    .text.HAL_UART_MspInit  usart.o
    0x0800899c   0x0800899c   0x00000004   PAD
    0x080089a0   0x080089a0   0x000001e8   Code   RO         1532    .text.HAL_UART_Receive_DMA  stm32h7xx_hal_uart.o
    0x08008b88   0x08008b88   0x00000014   Code   RO         1802    .text.HAL_UART_RxCpltCallback  uart_dma_lib.o
    0x08008b9c   0x08008b9c   0x00000004   PAD
    0x08008ba0   0x08008ba0   0x00000014   Code   RO         1800    .text.HAL_UART_RxHalfCpltCallback  uart_dma_lib.o
    0x08008bb4   0x08008bb4   0x00000004   PAD
    0x08008bb8   0x08008bb8   0x000000d4   Code   RO         1524    .text.HAL_UART_Transmit_DMA  stm32h7xx_hal_uart.o
    0x08008c8c   0x08008c8c   0x00000004   PAD
    0x08008c90   0x08008c90   0x00000094   Code   RO         1798    .text.HAL_UART_TxCpltCallback  uart_dma_lib.o
    0x08008d24   0x08008d24   0x00000004   PAD
    0x08008d28   0x08008d28   0x00000002   Code   RO         1578    .text.HAL_UART_TxHalfCpltCallback  stm32h7xx_hal_uart.o
    0x08008d2a   0x08008d2a   0x00000006   PAD
    0x08008d30   0x08008d30   0x0000006a   Code   RO         1688    .text.HallSensor_Update  sensor.o
    0x08008d9a   0x08008d9a   0x00000006   PAD
    0x08008da0   0x08008da0   0x0000000c   Code   RO         1692    .text.Hall_GetStep  sensor.o
    0x08008dac   0x08008dac   0x00000004   PAD
    0x08008db0   0x08008db0   0x00000076   Code   RO         1686    .text.Hall_Sensor_Init  sensor.o
    0x08008e26   0x08008e26   0x00000002   PAD
    0x08008e28   0x08008e28   0x00000002   Code   RO          148    .text.HardFault_Handler  stm32h7xx_it.o
    0x08008e2a   0x08008e2a   0x00000006   PAD
    0x08008e30   0x08008e30   0x00000058   Code   RO         1901    .text.LPF_FirstOrder_Init  lpf.o
    0x08008e88   0x08008e88   0x00000050   Code   RO         1903    .text.LPF_FirstOrder_Update  lpf.o
    0x08008ed8   0x08008ed8   0x000000c8   Code   RO           58    .text.MX_ADC1_Init  adc.o
    0x08008fa0   0x08008fa0   0x0000009a   Code   RO           60    .text.MX_ADC2_Init  adc.o
    0x0800903a   0x0800903a   0x00000006   PAD
    0x08009040   0x08009040   0x00000044   Code   RO           77    .text.MX_DMA_Init   dma.o
    0x08009084   0x08009084   0x00000004   PAD
    0x08009088   0x08009088   0x000000ea   Code   RO           49    .text.MX_GPIO_Init  gpio.o
    0x08009172   0x08009172   0x00000006   PAD
    0x08009178   0x08009178   0x000000b0   Code   RO          100    .text.MX_TIM12_Init  tim.o
    0x08009228   0x08009228   0x00000178   Code   RO           86    .text.MX_TIM1_Init  tim.o
    0x080093a0   0x080093a0   0x00000064   Code   RO           90    .text.MX_TIM2_Init  tim.o
    0x08009404   0x08009404   0x00000004   PAD
    0x08009408   0x08009408   0x00000076   Code   RO           92    .text.MX_TIM3_Init  tim.o
    0x0800947e   0x0800947e   0x00000002   PAD
    0x08009480   0x08009480   0x0000005a   Code   RO           94    .text.MX_TIM4_Init  tim.o
    0x080094da   0x080094da   0x00000006   PAD
    0x080094e0   0x080094e0   0x000000b4   Code   RO           96    .text.MX_TIM5_Init  tim.o
    0x08009594   0x08009594   0x00000004   PAD
    0x08009598   0x08009598   0x0000004e   Code   RO           98    .text.MX_TIM6_Init  tim.o
    0x080095e6   0x080095e6   0x00000002   PAD
    0x080095e8   0x080095e8   0x0000007c   Code   RO          129    .text.MX_USART1_UART_Init  usart.o
    0x08009664   0x08009664   0x00000004   PAD
    0x08009668   0x08009668   0x00000002   Code   RO          150    .text.MemManage_Handler  stm32h7xx_it.o
    0x0800966a   0x0800966a   0x00000006   PAD
    0x08009670   0x08009670   0x0000000a   Code   RO         1859    .text.MultiRamp_Init  multi_ramp.o
    0x0800967a   0x0800967a   0x00000006   PAD
    0x08009680   0x08009680   0x00000074   Code   RO         1861    .text.MultiRamp_Update  multi_ramp.o
    0x080096f4   0x080096f4   0x00000004   PAD
    0x080096f8   0x080096f8   0x00000002   Code   RO          146    .text.NMI_Handler   stm32h7xx_it.o
    0x080096fa   0x080096fa   0x00000006   PAD
    0x08009700   0x08009700   0x00000090   Code   RO         1825    .text.PID_Compute   pid.o
    0x08009790   0x08009790   0x00000074   Code   RO         1815    .text.PID_Init      pid.o
    0x08009804   0x08009804   0x00000004   PAD
    0x08009808   0x08009808   0x00000016   Code   RO         1835    .text.PI_Init       pi_control.o
    0x0800981e   0x0800981e   0x00000002   PAD
    0x08009820   0x08009820   0x00000002   Code   RO          160    .text.PendSV_Handler  stm32h7xx_it.o
    0x08009822   0x08009822   0x00000006   PAD
    0x08009828   0x08009828   0x00000122   Code   RO          372    .text.RCCEx_PLL2_Config  stm32h7xx_hal_rcc_ex.o
    0x0800994a   0x0800994a   0x00000006   PAD
    0x08009950   0x08009950   0x00000122   Code   RO          374    .text.RCCEx_PLL3_Config  stm32h7xx_hal_rcc_ex.o
    0x08009a72   0x08009a72   0x00000006   PAD
    0x08009a78   0x08009a78   0x00000002   Code   RO          164    .text.RCC_IRQHandler  stm32h7xx_it.o
    0x08009a7a   0x08009a7a   0x00000006   PAD
    0x08009a80   0x08009a80   0x00000024   Code   RO         1847    .text.SCurve_Init   scurve_ramp.o
    0x08009aa4   0x08009aa4   0x00000004   PAD
    0x08009aa8   0x08009aa8   0x00000028   Code   RO         1887    .text.SMO_GetCompensatedTheta  smo.o
    0x08009ad0   0x08009ad0   0x00000006   Code   RO         1889    .text.SMO_GetOmega  smo.o
    0x08009ad6   0x08009ad6   0x00000002   PAD
    0x08009ad8   0x08009ad8   0x0000008c   Code   RO         1883    .text.SMO_Init      smo.o
    0x08009b64   0x08009b64   0x00000004   PAD
    0x08009b68   0x08009b68   0x0000020c   Code   RO         1885    .text.SMO_Update    smo.o
    0x08009d74   0x08009d74   0x00000004   PAD
    0x08009d78   0x08009d78   0x00000002   Code   RO          156    .text.SVC_Handler   stm32h7xx_it.o
    0x08009d7a   0x08009d7a   0x00000006   PAD
    0x08009d80   0x08009d80   0x0000001a   Code   RO         1770    .text.SVPWM_Init    svpwm.o
    0x08009d9a   0x08009d9a   0x00000006   PAD
    0x08009da0   0x08009da0   0x00000044   Code   RO         1774    .text.SVPWM_Start   svpwm.o
    0x08009de4   0x08009de4   0x00000004   PAD
    0x08009de8   0x08009de8   0x00000120   Code   RO         1772    .text.SVPWM_Update  svpwm.o
    0x08009f08   0x08009f08   0x0000000e   Code   RO         1690    .text.Sensor_Get_Electrical_Angle_Hall  sensor.o
    0x08009f16   0x08009f16   0x00000002   PAD
    0x08009f18   0x08009f18   0x00000004   Code   RO          162    .text.SysTick_Handler  stm32h7xx_it.o
    0x08009f1c   0x08009f1c   0x00000004   PAD
    0x08009f20   0x08009f20   0x000000c4   Code   RO           17    .text.SystemClock_Config  main.o
    0x08009fe4   0x08009fe4   0x00000004   PAD
    0x08009fe8   0x08009fe8   0x000000d2   Code   RO         1670    .text.SystemInit    system_stm32h7xx.o
    0x0800a0ba   0x0800a0ba   0x00000006   PAD
    0x0800a0c0   0x0800a0c0   0x0000000c   Code   RO          172    .text.TIM3_IRQHandler  stm32h7xx_it.o
    0x0800a0cc   0x0800a0cc   0x00000004   PAD
    0x0800a0d0   0x0800a0d0   0x0000000c   Code   RO          174    .text.TIM4_IRQHandler  stm32h7xx_it.o
    0x0800a0dc   0x0800a0dc   0x00000004   PAD
    0x0800a0e0   0x0800a0e0   0x0000000c   Code   RO          180    .text.TIM5_IRQHandler  stm32h7xx_it.o
    0x0800a0ec   0x0800a0ec   0x00000004   PAD
    0x0800a0f0   0x0800a0f0   0x0000000c   Code   RO          182    .text.TIM6_DAC_IRQHandler  stm32h7xx_it.o
    0x0800a0fc   0x0800a0fc   0x00000004   PAD
    0x0800a100   0x0800a100   0x0000000c   Code   RO          178    .text.TIM8_BRK_TIM12_IRQHandler  stm32h7xx_it.o
    0x0800a10c   0x0800a10c   0x00000004   PAD
    0x0800a110   0x0800a110   0x00000178   Code   RO         1157    .text.TIM_Base_SetConfig  stm32h7xx_hal_tim.o
    0x0800a288   0x0800a288   0x0000001e   Code   RO         1191    .text.TIM_CCxChannelCmd  stm32h7xx_hal_tim.o
    0x0800a2a6   0x0800a2a6   0x00000002   PAD
    0x0800a2a8   0x0800a2a8   0x000000ac   Code   RO         1301    .text.TIM_OC2_SetConfig  stm32h7xx_hal_tim.o
    0x0800a354   0x0800a354   0x00000004   PAD
    0x0800a358   0x0800a358   0x0000012a   Code   RO         1305    .text.TIM_TI1_SetConfig  stm32h7xx_hal_tim.o
    0x0800a482   0x0800a482   0x00000006   PAD
    0x0800a488   0x0800a488   0x000000e0   Code   RO         1488    .text.UART_AdvFeatureConfig  stm32h7xx_hal_uart.o
    0x0800a568   0x0800a568   0x00000176   Code   RO         1492    .text.UART_CheckIdleState  stm32h7xx_hal_uart.o
    0x0800a6de   0x0800a6de   0x00000002   PAD
    0x0800a6e0   0x0800a6e0   0x00000006   Code   RO         1570    .text.UART_DMAAbortOnError  stm32h7xx_hal_uart.o
    0x0800a6e6   0x0800a6e6   0x00000002   PAD
    0x0800a6e8   0x0800a6e8   0x000001ea   Code   RO         1530    .text.UART_DMAError  stm32h7xx_hal_uart.o
    0x0800a8d2   0x0800a8d2   0x00000006   PAD
    0x0800a8d8   0x0800a8d8   0x00000272   Code   RO         1614    .text.UART_DMAReceiveCplt  stm32h7xx_hal_uart.o
    0x0800ab4a   0x0800ab4a   0x00000006   PAD
    0x0800ab50   0x0800ab50   0x00000112   Code   RO         1616    .text.UART_DMARxHalfCplt  stm32h7xx_hal_uart.o
    0x0800ac62   0x0800ac62   0x00000006   PAD
    0x0800ac68   0x0800ac68   0x000000ba   Code   RO         1526    .text.UART_DMATransmitCplt  stm32h7xx_hal_uart.o
    0x0800ad22   0x0800ad22   0x00000006   PAD
    0x0800ad28   0x0800ad28   0x00000006   Code   RO         1528    .text.UART_DMATxHalfCplt  stm32h7xx_hal_uart.o
    0x0800ad2e   0x0800ad2e   0x00000002   PAD
    0x0800ad30   0x0800ad30   0x00000004   Code   RO         1794    .text.UART_DMA_IDLE_Handler  uart_dma_lib.o
    0x0800ad34   0x0800ad34   0x00000004   PAD
    0x0800ad38   0x0800ad38   0x00000026   Code   RO         1792    .text.UART_DMA_Init  uart_dma_lib.o
    0x0800ad5e   0x0800ad5e   0x00000002   PAD
    0x0800ad60   0x0800ad60   0x000000a0   Code   RO         1788    .text.UART_DMA_SendString  uart_dma_lib.o
    0x0800ae00   0x0800ae00   0x000004d4   Code   RO         1490    .text.UART_SetConfig  stm32h7xx_hal_uart.o
    0x0800b2d4   0x0800b2d4   0x00000004   PAD
    0x0800b2d8   0x0800b2d8   0x00000358   Code   RO         1506    .text.UART_WaitOnFlagUntilTimeout  stm32h7xx_hal_uart.o
    0x0800b630   0x0800b630   0x0000002a   Code   RO          176    .text.USART1_IRQHandler  stm32h7xx_it.o
    0x0800b65a   0x0800b65a   0x00000006   PAD
    0x0800b660   0x0800b660   0x00000002   Code   RO          154    .text.UsageFault_Handler  stm32h7xx_it.o
    0x0800b662   0x0800b662   0x00000006   PAD
    0x0800b668   0x0800b668   0x0000008c   Code   RO         2490    .text.arm_cos_f32   fastmathfunctions.o
    0x0800b6f4   0x0800b6f4   0x00000004   PAD
    0x0800b6f8   0x0800b6f8   0x00000088   Code   RO         2496    .text.arm_sin_f32   fastmathfunctions.o
    0x0800b780   0x0800b780   0x00000288   Code   RO           15    .text.main          main.o
    0x0800ba08   0x0800ba08   0x000002fe   Code   RO         1796    .text.usart_rx_check  uart_dma_lib.o
    0x0800bd06   0x0800bd06   0x00000026   Code   RO         3742    i.__ARM_fpclassifyf  m_wv.l(fpclassifyf.o)
    0x0800bd2c   0x0800bd2c   0x000002ac   Code   RO         3644    i.__hardfp_atan2f   m_wv.l(atan2f.o)
    0x0800bfd8   0x0800bfd8   0x00000150   Code   RO         3650    i.__hardfp_cosf     m_wv.l(cosf.o)
    0x0800c128   0x0800c128   0x000001ec   Code   RO         3663    i.__hardfp_expf     m_wv.l(expf.o)
    0x0800c314   0x0800c314   0x000000b0   Code   RO         3670    i.__hardfp_fmodf    m_wv.l(fmodf.o)
    0x0800c3c4   0x0800c3c4   0x00000190   Code   RO         3697    i.__hardfp_sinf     m_wv.l(sinf.o)
    0x0800c554   0x0800c554   0x00000006   Code   RO         3745    i.__mathlib_flt_infnan  m_wv.l(funder.o)
    0x0800c55a   0x0800c55a   0x00000006   Code   RO         3746    i.__mathlib_flt_infnan2  m_wv.l(funder.o)
    0x0800c560   0x0800c560   0x00000010   Code   RO         3747    i.__mathlib_flt_invalid  m_wv.l(funder.o)
    0x0800c570   0x0800c570   0x00000010   Code   RO         3748    i.__mathlib_flt_overflow  m_wv.l(funder.o)
    0x0800c580   0x0800c580   0x00000010   Code   RO         3750    i.__mathlib_flt_underflow  m_wv.l(funder.o)
    0x0800c590   0x0800c590   0x00000154   Code   RO         3761    i.__mathlib_rredf2  m_wv.l(rredf.o)
    0x0800c6e4   0x0800c6e4   0x0000000e   Code   RO         3802    i.__scatterload_copy  mc_w.l(handlers.o)
    0x0800c6f2   0x0800c6f2   0x00000002   Code   RO         3803    i.__scatterload_null  mc_w.l(handlers.o)
    0x0800c6f4   0x0800c6f4   0x0000000e   Code   RO         3804    i.__scatterload_zeroinit  mc_w.l(handlers.o)
    0x0800c702   0x0800c702   0x00000002   PAD
    0x0800c704   0x0800c704   0x0000000c   Code   RO         3784    i.__set_errno       mc_w.l(errno.o)
    0x0800c710   0x0800c710   0x00000030   Data   RO         3666    .constdata          m_wv.l(expf.o)
    0x0800c740   0x0800c740   0x00000020   Data   RO         3762    .constdata          m_wv.l(rredf.o)
    0x0800c760   0x0800c760   0x00000006   Data   RO         1721    .rodata..Lswitch.table.HallSensor_Update  sensor.o
    0x0800c766   0x0800c766   0x00000006   Data   RO         1619    .rodata..Lswitch.table.UART_SetConfig.7  stm32h7xx_hal_uart.o
    0x0800c76c   0x0800c76c   0x00000006   Data   RO         1620    .rodata..Lswitch.table.UART_SetConfig.9  stm32h7xx_hal_uart.o
    0x0800c772   0x0800c772   0x00000010   Data   RO         1676    .rodata.D1CorePrescTable  system_stm32h7xx.o
    0x0800c782   0x0800c782   0x00000018   Data   RO         1618    .rodata.UARTPrescTable  stm32h7xx_hal_uart.o
    0x0800c79a   0x0800c79a   0x00000002   PAD
    0x0800c79c   0x0800c79c   0x00000020   Data   RO         1373    .rodata.cst16       stm32h7xx_hal_tim.o
    0x0800c7bc   0x0800c7bc   0x00000010   Data   RO         1661    .rodata.cst8        stm32h7xx_hal_uart_ex.o
    0x0800c7cc   0x0800c7cc   0x0000001c   Data   RO         1720    .rodata.hall_angle_table  sensor.o
    0x0800c7e8   0x0800c7e8   0x00000804   Data   RO         2197    .rodata.sinTable_f32  commontables.o
    0x0800cfec   0x0800cfec   0x00000040   Data   RO         3801    Region$$Table       anon$$obj.o


    Execution Region RW_IRAM1 (Exec base: 0x20000000, Load base: 0x0800d030, Size: 0x000005e8, Max: 0x00020000, ABSOLUTE)

    Exec Addr    Load Addr    Size         Type   Attr      Idx    E Section Name        Object

    0x20000000   0x0800d030   0x00000004   Data   RW         3785    .data               mc_w.l(errno.o)
    0x20000004   0x0800d034   0x00000004   Data   RW           26    .data.speed_ref_rads  main.o
    0x20000008        -       0x00000048   Zero   RW         1722    .bss..L_MergedGlobals  sensor.o
    0x20000050        -       0x0000001c   Zero   RW         1745    .bss..L_MergedGlobals  adc_driver.o
    0x2000006c        -       0x00000008   Zero   RW         1718    .bss.hall_sensor    sensor.o
    0x20000074        -       0x0000004c   Zero   RW          115    .bss.htim2          tim.o
    0x200000c0        -       0x0000004c   Zero   RW          117    .bss.htim4          tim.o
    0x2000010c        -       0x0000004c   Zero   RW          119    .bss.htim6          tim.o
    0x20000158        -       0x00000034   Zero   RW           29    .bss.pid_id         main.o
    0x2000018c        -       0x00000054   Zero   RW           30    .bss.smo            main.o
    0x200001e0        -       0x00000004   Zero   RW          943    .bss.uwTick         stm32h7xx_hal.o
    0x200001e4   0x0800d038   0x00000004   PAD
    0x200001e8        -       0x00000400   Zero   RW            1    STACK               startup_stm32h723xx.o


    Execution Region RW_IRAM2 (Exec base: 0x24000000, Load base: 0x0800d038, Size: 0x000005e4, Max: 0x00020000, ABSOLUTE)

    Exec Addr    Load Addr    Size         Type   Attr      Idx    E Section Name        Object

    0x24000000   0x0800d038   0x00000008   Data   RW          944    .data..L_MergedGlobals  stm32h7xx_hal.o
    0x24000008   0x0800d040   0x00000008   Data   RW         1677    .data..L_MergedGlobals  system_stm32h7xx.o
    0x24000010   0x0800d048   0x00000004   Data   RW         1776    .data.Vdc           svpwm.o
    0x24000014   0x0800d04c   0x00000001   Data   RW         1719    .data.current_method  sensor.o
    0x24000015   0x0800d04d   0x00000003   PAD
    0x24000018        -       0x0000007c   Zero   RW           38    .bss..L_MergedGlobals  main.o
    0x24000094        -       0x00000008   Zero   RW         1777    .bss..L_MergedGlobals  svpwm.o
    0x2400009c        -       0x0000000c   Zero   RW         1806    .bss..L_MergedGlobals  uart_dma_lib.o
    0x240000a8        -       0x0000007c   Zero   RW           39    .bss..L_MergedGlobals.1  main.o
    0x24000124        -       0x00000068   Zero   RW           40    .bss..L_MergedGlobals.2  main.o
    0x2400018c        -       0x00000004   Zero   RW           68    .bss.HAL_RCC_ADC12_CLK_ENABLED  adc.o
    0x24000190        -       0x00000070   Zero   RW           66    .bss.hadc1          adc.o
    0x24000200        -       0x00000070   Zero   RW           67    .bss.hadc2          adc.o
    0x24000270        -       0x00000078   Zero   RW          136    .bss.hdma_usart1_rx  usart.o
    0x240002e8        -       0x00000078   Zero   RW          137    .bss.hdma_usart1_tx  usart.o
    0x24000360        -       0x0000004c   Zero   RW          114    .bss.htim1          tim.o
    0x240003ac        -       0x0000004c   Zero   RW          120    .bss.htim12         tim.o
    0x240003f8        -       0x0000004c   Zero   RW          116    .bss.htim3          tim.o
    0x24000444        -       0x0000004c   Zero   RW          118    .bss.htim5          tim.o
    0x24000490        -       0x00000094   Zero   RW          135    .bss.huart1         usart.o
    0x24000524        -       0x00000040   Zero   RW         1805    .bss.rx_dma_buffer  uart_dma_lib.o
    0x24000564        -       0x00000080   Zero   RW         1804    .bss.tx_rb_data     uart_dma_lib.o


==============================================================================

Image component sizes


      Code (inc. data)   RO Data    RW Data    ZI Data      Debug   Object Name

       578          0          0          0        228      11269   adc.o
       466         28          0          0         28       6479   adc_driver.o
         0          0       2052          0          0      10733   commontables.o
        68          0          0          0          0       5420   dma.o
       276         24          0          0          0      35473   fastmathfunctions.o
       200         12          0          0          0       1973   foc_transform.o
       234          0          0          0          0       3058   gpio.o
       168         12          0          0          0       1593   lpf.o
      2144        164          0          4        488      12463   main.o
       126          0          0          0          0       1398   multi_ramp.o
        22          0          0          0          0       1383   pi_control.o
       260          8          0          0          0       3016   pid.o
        36          4          0          0          0       1279   scurve_ramp.o
       980         36         34          1         80       6834   sensor.o
       710         24          0          0          0       3857   smo.o
        44         12        716          0       1024        872   startup_stm32h723xx.o
       214          0          0          8          4      15918   stm32h7xx_hal.o
      2296         12          0          0          0      30790   stm32h7xx_hal_adc.o
      2924          0          0          0          0      31707   stm32h7xx_hal_adc_ex.o
       354          0          0          0          0      12501   stm32h7xx_hal_cortex.o
      7768         12          0          0          0      17882   stm32h7xx_hal_dma.o
       478          0          0          0          0       7048   stm32h7xx_hal_gpio.o
        52          0          0          0          0       5452   stm32h7xx_hal_msp.o
        76          0          0          0          0       9645   stm32h7xx_hal_pwr_ex.o
      2468         16          0          0          0      11435   stm32h7xx_hal_rcc.o
      5280        210          0          0          0      19934   stm32h7xx_hal_rcc_ex.o
      5414         40         32          0          0      65286   stm32h7xx_hal_tim.o
      1204          0          0          0          0      26720   stm32h7xx_hal_tim_ex.o
      6986        330         36          0          0      43739   stm32h7xx_hal_uart.o
       348          0         16          0          0      11607   stm32h7xx_hal_uart_ex.o
       178          0          0          0          0       9517   stm32h7xx_it.o
       382         16          0          4          8       6849   svpwm.o
       254          0         16          8          0       5736   system_stm32h7xx.o
      1752          0          0          0        532      14892   tim.o
      1156          0          0          0        204       8909   uart_dma_lib.o
       400          0          0          0        388      11506   usart.o

    ----------------------------------------------------------------------
     46954       1004       2968         28       2988     474173   Object Totals
         0          0         64          0          0          0   (incl. Generated)
       658         44          2          3          4          0   (incl. Padding)

    ----------------------------------------------------------------------

      Code (inc. data)   RO Data    RW Data    ZI Data      Debug   Library Member Name

       684         90          0          0          0        208   atan2f.o
       336         56          0          0          0        136   cosf.o
       492         62         48          0          0        236   expf.o
       176          0          0          0          0        168   fmodf.o
        38          0          0          0          0        116   fpclassifyf.o
        60         18          0          0          0        580   funder.o
       340         24         32          0          0        160   rredf.o
       400         56          0          0          0        212   sinf.o
         0          0          0          0          0          0   entry.o
         0          0          0          0          0          0   entry10a.o
         0          0          0          0          0          0   entry11a.o
         8          4          0          0          0          0   entry2.o
         4          0          0          0          0          0   entry5.o
         0          0          0          0          0          0   entry7b.o
         0          0          0          0          0          0   entry8b.o
         8          4          0          0          0          0   entry9a.o
        12          6          0          4          0         68   errno.o
        30          0          0          0          0          0   handlers.o
        36          8          0          0          0         68   init.o
         0          0          0          0          0          0   iusefp.o
        30          0          0          0          0         68   llshl.o
        32          0          0          0          0         68   llushr.o
        36          0          0          0          0        108   memseta.o
        98          0          0          0          0         92   uldiv.o
       186          0          0          0          0        176   depilogue.o
        40          0          0          0          0         80   dfltl.o
       110          0          0          0          0        168   fepilogue.o
        44          0          0          0          0         92   ffltl.o
        82          0          0          0          0         96   frem.o

    ----------------------------------------------------------------------
      3290        332         80          4          0       2900   Library Totals
         8          4          0          0          0          0   (incl. Padding)

    ----------------------------------------------------------------------

      Code (inc. data)   RO Data    RW Data    ZI Data      Debug   Library Name

      2526        306         80          0          0       1816   m_wv.l
       294         22          0          4          0        472   mc_w.l
       462          0          0          0          0        612   mf_w.l

    ----------------------------------------------------------------------
      3290        332         80          4          0       2900   Library Totals

    ----------------------------------------------------------------------

==============================================================================


      Code (inc. data)   RO Data    RW Data    ZI Data      Debug   

     50244       1336       3048         32       2988     475049   Grand Totals
     50244       1336       3048         32       2988     475049   ELF Image Totals
     50244       1336       3048         32          0          0   ROM Totals

==============================================================================

    Total RO  Size (Code + RO Data)                53292 (  52.04kB)
    Total RW  Size (RW Data + ZI Data)              3020 (   2.95kB)
    Total ROM Size (Code + RO Data + RW Data)      53324 (  52.07kB)

==============================================================================

